******************************************************************************
               TMS320C6x Linker PC v7.3.4                      
******************************************************************************
>> Linked Mon Oct 22 09:21:05 2012

OUTPUT FILE NAME:   <Lab7.out>
ENTRY POINT SYMBOL: "_c_int00"  address: c0261c80


MEMORY CONFIGURATION

         name            origin    length      used     unused   attr    fill
----------------------  --------  ---------  --------  --------  ----  --------
  IRAM                  11800000   00040000  0003abd9  00005427  RWIX
  CACHE_L1P             11e00000   00008000  00000000  00008000  RWIX
  CACHE_L1D             11f00000   00008000  00000000  00008000  RWIX
  L3_CBA_RAM            80000000   00020000  00000000  00020000  RWIX
  SDRAM                 c0000000   04000000  00262080  03d9df80  RWIX


SECTION ALLOCATION MAP

 output                                  attributes/
section   page    origin      length       input sections
--------  ----  ----------  ----------   ----------------
.vers      0    00000000    00000040     COPY SECTION
                  00000000    00000040     audioSamplecfg.obj (.vers)

.prd       0    11800000    00000000     UNINITIALIZED

.far       0    11800000    00016c7c     UNINITIALIZED
                  11800000    0000637c     ti.pspiom.mcasp.a674 : Mcasp.obj (.far)
                  1180637c    00000004     bios.a674 : que_crea.o674 (.far)
                  11806380    00006078     audioSample_io.obj (.far)
                  1180c3f8    00004900     edma3_drv_bios_c674.lib : edma3_drv_init.obj (.far)
                  11810cf8    00002dc8     edma3_rm_bios.lib : edma3resmgr.obj (.far)
                  11813ac0    00001280                       : edma3_rm_gbl_data.obj (.far)
                  11814d40    00000ae8                       : edma3_c6747_cfg.obj (.far)
                  11815828    0000039c     edma3_drv_bios_sample.lib : bios_edma3_drv_sample_c6747_cfg.obj (.far)
                  11815bc4    00000004     bios6747.a674 : bcache_wait.o674 (.far)
                  11815bc8    00000324     rts6740.lib : defs.obj (.far)
                  11815eec    00000004     bios6747.a674 : clk_data.o674 (.far)
                  11815ef0    000002b8     ti.pspiom.i2c.a674 : I2c.obj (.far)
                  118161a8    000001ac     ti.pspiom.platforms.codec.a674 : Aic31.obj (.far)
                  11816354    00000004     rts6740.lib : fopen.obj (.far)
                  11816358    00000188                 : atexit.obj (.far)
                  118164e0    0000016c     ti.pspiom.platforms.evm6747.audio.a674 : Audio.obj (.far)
                  1181664c    00000004     rts6740.lib : sinit.obj (.far)
                  11816650    0000011c                 : lowlev.obj (.far)
                  1181676c    000000f8     audioSample_main.obj (.far)
                  11816864    00000004     --HOLE--
                  11816868    000000d8     bios.a674 : knl.o674 (.far)
                  11816940    000000d0     rts6740.lib : trgdrv.obj (.far)
                  11816a10    0000005c     bios.a674 : tsk.o674 (.far)
                  11816a6c    00000004     --HOLE--
                  11816a70    00000054               : obj_init.o674 (.far)
                  11816ac4    00000050               : tsk_stup.o674 (.far)
                  11816b14    00000004     --HOLE--
                  11816b18    00000040     rts6740.lib : sin.obj (.far)
                  11816b58    00000024     ti.pspiom.platforms.evm6747.evmInit.a674 : audio_evmInit.obj (.far)
                  11816b7c    00000004     --HOLE--
                  11816b80    00000020     bios.a674 : sys.o674 (.far)
                  11816ba0    00000020     edma3_drv_bios_sample.lib : bios_edma3_drv_sample_init.obj (.far)
                  11816bc0    0000001c     drivers.a674 : dio_tskDynamic.o674 (.far)
                  11816bdc    0000001c     sioboth.a674 : sio.o674 (.far)
                  11816bf8    00000018     rtdx64xplus.lib : rtdx_mon.o64P (.far)
                  11816c10    00000014     bios.a674 : swi_seta.o674 (.far)
                  11816c24    00000010               : exc.o674 (.far)
                  11816c34    00000010               : knl_tick.o674 (.far)
                  11816c44    0000000c               : utl_putc.o674 (.far)
                  11816c50    0000000c     rts6740.lib : exit.obj (.far)
                  11816c5c    00000008     bios.a674 : ecm_dispatch.o674 (.far)
                  11816c64    00000008               : sem_crea.o674 (.far)
                  11816c6c    00000008     rts6740.lib : _lock.obj (.far)
                  11816c74    00000004     --HOLE--
                  11816c78    00000004     bios.a674 : dev_init.o674 (.far)

.data      0    11800000    00000000     UNINITIALIZED

.args      0    11816c7c    00000004     
                  11816c7c    00000004     --HOLE-- [fill = 0]

.stack     0    11816c80    00010000     UNINITIALIZED
                  11816c80    00010000     --HOLE--

.switch    0    11826c80    00000250     
                  11826c80    000000a0     edma3_rm_bios.lib : edma3resmgr.obj (.switch)
                  11826d20    00000060     edma3_drv_bios_c674.lib : edma3_drv_adv.obj (.switch)
                  11826d80    00000058                             : edma3_drv_basic.obj (.switch)
                  11826dd8    00000054     ti.pspiom.mcasp.a674 : Mcasp_ioctl.obj (.switch)
                  11826e2c    00000028     edma3_drv_bios_sample.lib : bios_edma3_drv_sample_cs.obj (.switch)
                  11826e54    00000020     audioSample_io.obj (.switch:_Audio_Task)
                  11826e74    00000020     ti.pspiom.i2c.a674 : I2c.obj (.switch)
                  11826e94    00000020     ti.pspiom.platforms.codec.a674 : Aic31.obj (.switch)
                  11826eb4    0000001c     ti.pspiom.mcasp.a674 : Mcasp_edma.obj (.switch)

.cio       0    11826ed0    00000120     UNINITIALIZED
                  11826ed0    00000120     rts6740.lib : trgmsg.obj (.cio)

.dio       0    11826ff0    00000010     UNINITIALIZED
                  11826ff0    00000010     audioSamplecfg.obj (.dio)

.LOG_system$buf 
*          0    11827000    00001000     UNINITIALIZED
                  11827000    00001000     audioSamplecfg.obj (.LOG_system$buf)

.DVTEvent_Log$buf 
*          0    11828000    00008000     UNINITIALIZED
                  11828000    00008000     audioSamplecfg.obj (.DVTEvent_Log$buf)

.const     0    11830000    00003829     
                  11830000    000012d0     ti.pspiom.mcasp.a674 : Mcasp.obj (.const:.string)
                  118312d0    000007fc                          : Mcasp_ioctl.obj (.const:.string)
                  11831acc    0000063c     ti.pspiom.i2c.a674 : I2c.obj (.const:.string)
                  11832108    00000518     ti.pspiom.platforms.codec.a674 : Aic31.obj (.const:.string)
                  11832620    000003d8     ti.pspiom.mcasp.a674 : Mcasp_edma.obj (.const:.string)
                  118329f8    000002f0     edma3_rm_bios.lib : edma3resmgr.obj (.const:.string)
                  11832ce8    000001d4     audioSample_io.obj (.const:_filt)
                  11832ebc    00000193     bios.a674 : exc.o674 (.const:.string)
                  1183304f    00000001     --HOLE-- [fill = 0]
                  11833050    0000013c     ti.pspiom.i2c.a674 : I2c_edma.obj (.const:.string)
                  1183318c    0000010c     ti.pspiom.mcasp.a674 : Mcasp.obj (.const)
                  11833298    00000101     rts6740.lib : ctype.obj (.const:__ctypes_)
                  11833399    00000003                 : assert.obj (.const:.string)
                  1183339c    00000094     edma3_drv_bios_c674.lib : edma3_drv_basic.obj (.const:.string)
                  11833430    00000080                             : edma3_drv_init.obj (.const:.string)
                  118334b0    00000060     ti.pspiom.mcasp.a674 : Mcasp_edma.obj (.const)
                  11833510    00000054     audioSample_io.obj (.const:.string)
                  11833564    0000004e     bios.a674 : tsk_stup.o674 (.const:.string)
                  118335b2    00000002     rts6740.lib : fputs.obj (.const:.string)
                  118335b4    0000004c     ti.pspiom.i2c.a674 : I2c.obj (.const)
                  11833600    00000048     ti.pspiom.platforms.evm6747.audio.a674 : Audio.obj (.const:.string)
                  11833648    00000047     audioSamplecfg.obj (.const)
                  1183368f    00000001     --HOLE-- [fill = 0]
                  11833690    00000038     ti.pspiom.psc.a674 : Psc.obj (.const:.string)
                  118336c8    00000028     ti.pspiom.platforms.codec.a674 : Aic31.obj (.const)
                  118336f0    00000023     bios.a674 : utl_doab.o674 (.const:.string)
                  11833713    00000023     rts6740.lib : _printfi.obj (.const:.string)
                  11833736    00000022     bios.a674 : utl_doer.o674 (.const:.string)
                  11833758    00000020               : dev_init.o674 (.const:.string)
                  11833778    00000020     ti.pspiom.i2c.a674 : I2c_edma.obj (.const)
                  11833798    00000020     ti.pspiom.mcasp.a674 : Mcasp_ioctl.obj (.const)
                  118337b8    00000020     ti.pspiom.platforms.evm6747.audio.a674 : Audio.obj (.const)
                  118337d8    00000018     audioSample_main.obj (.const:.string)
                  118337f0    00000011     bios.a674 : sys_prin.o674 (.const:_digtohex)
                  11833801    0000000f               : sys_prin.o674 (.const:.string)
                  11833810    00000008     edma3_drv_bios_sample.lib : bios_edma3_drv_sample_init.obj (.const)
                  11833818    00000004     bios.a674 : mem_allo.o674 (.const:.string)
                  1183381c    00000004               : mem_free.o674 (.const:.string)
                  11833820    00000004     sioboth.a674 : sio_crea.o674 (.const:.string)
                  11833824    00000001     bios.a674 : sem_crea.o674 (.const:.string)
                  11833825    00000003     --HOLE-- [fill = 0]
                  11833828    00000001               : tsk.o674 (.const:.string)

.printf    0    11833829    00000059     COPY SECTION
                  11833829    00000059     audioSamplecfg.obj (.printf)

.mem       0    1183382c    00000004     UNINITIALIZED
                  1183382c    00000004     audioSamplecfg.obj (.mem)

.cinit     0    11833830    00002ba4     
                  11833830    000010dc     audioSamplecfg.obj (.cinit)
                  1183490c    00000004     --HOLE-- [fill = 0]
                  11834910    00000588     edma3_rm_bios.lib : edma3_c6747_cfg.obj (.cinit)
                  11834e98    00000482     audioSample_io.obj (.cinit)
                  1183531a    00000006     --HOLE-- [fill = 0]
                  11835320    00000428     edma3_drv_bios_sample.lib : bios_edma3_drv_sample_c6747_cfg.obj (.cinit)
                  11835748    0000026c     bios.a674 : biosdata.o674 (.cinit)
                  118359b4    00000004     --HOLE-- [fill = 0]
                  118359b8    000001a4               : knl.o674 (.cinit)
                  11835b5c    00000004     --HOLE-- [fill = 0]
                  11835b60    000000b0               : swi.o674 (.cinit)
                  11835c10    00000080               : tsk.o674 (.cinit)
                  11835c90    0000007a     edma3_rm_bios.lib : edma3resmgr.obj (.cinit)
                  11835d0a    00000006     --HOLE-- [fill = 0]
                  11835d10    00000068     rtdx64xplus.lib : rtdx_mon.o64P (.cinit)
                  11835d78    00000060     bios.a674 : tsk_stup.o674 (.cinit)
                  11835dd8    0000005c     lnkrtdx.a674 : rtdx.o674 (.cinit)
                  11835e34    00000004     --HOLE-- [fill = 0]
                  11835e38    0000005c     rts6740.lib : defs.obj (.cinit)
                  11835e94    00000004     --HOLE-- [fill = 0]
                  11835e98    0000005c                 : lowlev.obj (.cinit)
                  11835ef4    00000004     --HOLE-- [fill = 0]
                  11835ef8    0000004c     bios.a674 : rta.o674 (.cinit)
                  11835f44    00000004     --HOLE-- [fill = 0]
                  11835f48    0000004c     edma3_rm_bios.lib : edma3_rm_gbl_data.obj (.cinit)
                  11835f94    00000004     --HOLE-- [fill = 0]
                  11835f98    0000004c     rtdx64xplus.lib : buffer1.o64P (.cinit)
                  11835fe4    00000004     --HOLE-- [fill = 0]
                  11835fe8    00000048     edma3_drv_bios_sample.lib : bios_edma3_drv_sample_init.obj (.cinit)
                  11836030    00000048     rts6740.lib : sin.obj (.cinit)
                  11836078    0000003c     bios.a674 : exc.o674 (.cinit)
                  118360b4    00000004     --HOLE-- [fill = 0]
                  118360b8    0000003c     ti.pspiom.mcasp.a674 : Mcasp.obj (.cinit)
                  118360f4    00000004     --HOLE-- [fill = 0]
                  118360f8    00000034     bios.a674 : hwi.o674 (.cinit)
                  1183612c    00000004     --HOLE-- [fill = 0]
                  11836130    00000030     ti.pspiom.platforms.codec.a674 : Aic31.obj (.cinit)
                  11836160    00000030     ti.pspiom.platforms.evm6747.audio.a674 : Audio.obj (.cinit)
                  11836190    0000002c     bios.a674 : utl_putc.o674 (.cinit)
                  118361bc    00000004     --HOLE-- [fill = 0]
                  118361c0    0000002c     rts6740.lib : exit.obj (.cinit)
                  118361ec    00000004     --HOLE-- [fill = 0]
                  118361f0    00000024     bios.a674 : obj_init.o674 (.cinit)
                  11836214    00000004     --HOLE-- [fill = 0]
                  11836218    00000024     drivers.a674 : dio_tskDynamic.o674 (.cinit)
                  1183623c    00000004     --HOLE-- [fill = 0]
                  11836240    00000024     sioboth.a674 : sio.o674 (.cinit)
                  11836264    00000004     --HOLE-- [fill = 0]
                  11836268    0000001c     bios.a674 : exc_asm.o674 (.cinit)
                  11836284    00000004     --HOLE-- [fill = 0]
                  11836288    0000001c               : swi_seta.o674 (.cinit)
                  118362a4    00000004     --HOLE-- [fill = 0]
                  118362a8    0000001c               : sys.o674 (.cinit)
                  118362c4    00000004     --HOLE-- [fill = 0]
                  118362c8    0000001c     rts6740.lib : _lock.obj (.cinit)
                  118362e4    00000004     --HOLE-- [fill = 0]
                  118362e8    0000001c                 : atexit.obj (.cinit)
                  11836304    00000004     --HOLE-- [fill = 0]
                  11836308    00000018     bios.a674 : knl_tick.o674 (.cinit)
                  11836320    00000010               : sem_crea.o674 (.cinit)
                  11836330    0000000e               : ecm_dispatch.o674 (.cinit)
                  1183633e    00000002     --HOLE-- [fill = 0]
                  11836340    0000000c               : idl_busy.o674 (.cinit)
                  1183634c    00000004     --HOLE-- [fill = 0]
                  11836350    0000000c               : knl_swit.o674 (.cinit)
                  1183635c    00000004     --HOLE-- [fill = 0]
                  11836360    0000000c               : que_crea.o674 (.cinit)
                  1183636c    00000004     --HOLE-- [fill = 0]
                  11836370    0000000c               : tsk_disa.o674 (.cinit)
                  1183637c    00000004     --HOLE-- [fill = 0]
                  11836380    0000000c     bios6747.a674 : bcache_wait.o674 (.cinit)
                  1183638c    00000004     --HOLE-- [fill = 0]
                  11836390    0000000c     rts6740.lib : fopen.obj (.cinit)
                  1183639c    00000004     --HOLE-- [fill = 0]
                  118363a0    0000000c                 : sinit.obj (.cinit)
                  118363ac    00000004     --HOLE-- [fill = 0]
                  118363b0    0000000c     ti.pspiom.i2c.a674 : I2c.obj (.cinit)
                  118363bc    00000004     --HOLE-- [fill = 0]
                  118363c0    0000000a     edma3_drv_bios_c674.lib : edma3_drv_init.obj (.cinit)
                  118363ca    00000006     --HOLE-- [fill = 0]
                  118363d0    00000004     (.pad.cinit) [fill = 0]

.echoTask$stk 
*          0    118363d8    00002000     UNINITIALIZED
                  118363d8    00002000     audioSamplecfg.obj (.echoTask$stk)

.bss       0    118383d8    00000800     UNINITIALIZED
                  118383d8    00000440     audioSamplecfg.obj (.bss)
                  11838818    00000100     bios.a674 : hwi_disp_asm.o674 (.bss)
                  11838918    000000cc               : biosdata.o674 (.bss)
                  118389e4    0000009c               : swi.o674 (.bss)
                  11838a80    00000048               : knl.o674 (.bss)
                  11838ac8    00000020               : exc_asm.o674 (.bss)
                  11838ae8    0000001c     edma3_drv_bios_sample.lib : bios_edma3_drv_sample_c6747_cfg.obj (.bss)
                  11838b04    00000018     bios.a674 : hwi.o674 (.bss)
                  11838b1c    00000018     lnkrtdx.a674 : rtdx.o674 (.bss)
                  11838b34    00000016     audioSample_io.obj (.bss)
                  11838b4a    00000002     edma3_drv_bios_c674.lib : edma3_drv_init.obj (.bss)
                  11838b4c    00000014     edma3_rm_bios.lib : edma3_rm_gbl_data.obj (.bss)
                  11838b60    00000010     bios.a674 : exc.o674 (.bss)
                  11838b70    00000010     rtdx64xplus.lib : buffer1.o64P (.bss)
                  11838b80    00000010                     : rtdx_mon.o64P (.bss)
                  11838b90    0000000c     bios.a674 : tsk.o674 (.bss)
                  11838b9c    0000000a     edma3_rm_bios.lib : edma3resmgr.obj (.bss)
                  11838ba6    00000002     --HOLE--
                  11838ba8    00000008     bios.a674 : clk_data.o674 (.bss)
                  11838bb0    00000008               : sys.o674 (.bss)
                  11838bb8    00000008     edma3_drv_bios_sample.lib : bios_edma3_drv_sample_init.obj (.bss)
                  11838bc0    00000004     bios.a674 : clk_data2.o674 (.bss)
                  11838bc4    00000004               : dev_init.o674 (.bss)
                  11838bc8    00000004               : idl_busy.o674 (.bss)
                  11838bcc    00000004               : mem_asm.o674 (.bss)
                  11838bd0    00000004               : tsk_disa.o674 (.bss)
                  11838bd4    00000004     ti.pspiom.mcasp.a674 : Mcasp.obj (.bss)

.TSK_idle$stk 
*          0    11838bd8    00000400     UNINITIALIZED
                  11838bd8    00000400     audioSamplecfg.obj (.TSK_idle$stk)

.hst1      0    11838fd8    00000010     UNINITIALIZED
                  11838fd8    00000010     audioSamplecfg.obj (.hst1)

.idl       0    11838fe8    00000010     UNINITIALIZED
                  11838fe8    00000010     audioSamplecfg.obj (.idl)

.clk       0    11838ff8    00000008     UNINITIALIZED
                  11838ff8    00000008     audioSamplecfg.obj (.clk)

.trace$buf 
*          0    11839000    00001000     UNINITIALIZED
                  11839000    00001000     audioSamplecfg.obj (.trace$buf)

.rtdx_data 
*          0    1183a000    000004f4     UNINITIALIZED
                  1183a000    00000080     --HOLE--
                  1183a080    00000410     audioSamplecfg.obj (.rtdx_data)
                  1183a490    00000044     rtdx64xplus.lib : rtdx_mon.o64P (.rtdx_data)
                  1183a4d4    00000020                     : buffer1.o64P (.rtdx_data)

.trace     0    1183a4f4    00000200     
                  1183a4f4    00000200     --HOLE-- [fill = 00000000]

.hst0      0    1183a6f4    00000100     UNINITIALIZED
                  1183a6f4    00000100     audioSamplecfg.obj (.hst0)

.devtable 
*          0    1183a7f4    000000d8     UNINITIALIZED
                  1183a7f4    000000d8     audioSamplecfg.obj (.devtable)

.pip       0    1183a8cc    000000c8     UNINITIALIZED
                  1183a8cc    000000c8     audioSamplecfg.obj (.pip)

.tsk       0    1183a994    000000c0     UNINITIALIZED
                  1183a994    000000c0     audioSamplecfg.obj (.tsk)

.gblinit   0    1183aa54    00000064     
                  1183aa54    00000064     audioSamplecfg.obj (.gblinit)

.log       0    1183aab8    00000048     
                  1183aab8    00000048     audioSamplecfg.obj (.log)

.sts       0    1183ab00    00000040     
                  1183ab00    00000040     audioSamplecfg.obj (.sts)

.hst       0    1183ab40    0000003c     UNINITIALIZED
                  1183ab40    0000003c     audioSamplecfg.obj (.hst)

.swi       0    1183ab7c    0000002c     UNINITIALIZED
                  1183ab7c    0000002c     audioSamplecfg.obj (.swi)

.idlcal    0    1183aba8    00000010     UNINITIALIZED
                  1183aba8    00000010     audioSamplecfg.obj (.idlcal)

.sys       0    1183abb8    00000010     UNINITIALIZED
                  1183abb8    00000010     audioSamplecfg.obj (.sys)

.pinit     0    1183abc8    0000000c     
                  1183abc8    00000004     rtdx64xplus.lib : buffer1.o64P (.pinit)
                  1183abcc    00000004                     : rtdx_mon.o64P (.pinit)
                  1183abd0    00000004     --HOLE-- [fill = 0]

.trcdata   0    1183abd4    0000000c     
                  1183abd4    0000000c     bios.a674 : trc.o674 (.trcdata)

mySDRAM    0    c0000000    00205220     UNINITIALIZED
                  c0000000    00205220     audioSample_io.obj (mySDRAM)

.SDRAM$heap 
*          0    c0205220    00030000     UNINITIALIZED
                  c0205220    00030000     --HOLE--

.text      0    c0235220    00025aa0     
                  c0235220    00007620     edma3_rm_bios.lib : edma3resmgr.obj (.text)
                  c023c840    000029a0     edma3_drv_bios_c674.lib : edma3_drv_basic.obj (.text)
                  c023f1e0    00002020                             : edma3_drv_adv.obj (.text)
                  c0241200    00000f60     ti.pspiom.mcasp.a674 : Mcasp_ioctl.obj (.text:_Mcasp_localSubmitIoctl)
                  c0242160    00000ca0                          : Mcasp.obj (.text:_mcaspMdCreateChan)
                  c0242e00    00000c80     edma3_drv_bios_c674.lib : edma3_drv_init.obj (.text)
                  c0243a80    00000b60     audioSample_io.obj (.text)
                  c02445e0    00000aa0     ti.pspiom.mcasp.a674 : Mcasp.obj (.text:_mcaspMdBindDev)
                  c0245080    00000660                          : Mcasp_edma.obj (.text:_Mcasp_localEdmaCallback)
                  c02456e0    00000660     ti.pspiom.platforms.codec.a674 : Aic31.obj (.text:_aic31SetSamplingRate)
                  c0245d40    000005a0     rts6740.lib : divd.obj (.text:__divd)
                  c02462e0    00000580                 : _printfi.obj (.text:__getarg_diouxp)
                  c0246860    00000540     ti.pspiom.mcasp.a674 : Mcasp_edma.obj (.text:_Mcasp_localEdmaChanPaRAMsetup)
                  c0246da0    00000540     ti.pspiom.i2c.a674 : I2c.obj (.text:_i2cMdBindDev)
                  c02472e0    00000520     ti.pspiom.mcasp.a674 : Mcasp.obj (.text:_Mcasp_localAbortReset)
                  c0247800    00000500                          : Mcasp.obj (.text:_Mcasp_init)
                  c0247d00    00000500     ti.pspiom.i2c.a674 : I2c.obj (.text:_i2cMdCreateChan)
                  c0248200    000004e0     ti.pspiom.platforms.codec.a674 : Aic31.obj (.text:_aic31MdCreateChan)
                  c02486e0    00000480     ti.pspiom.mcasp.a674 : Mcasp_edma.obj (.text:_Mcasp_localGetIndicesSyncType)
                  c0248b60    00000480     rts6740.lib : _printfi.obj (.text:__setfield)
                  c0248fe0    00000480     ti.pspiom.i2c.a674 : I2c.obj (.text:_i2cIntrHandler)
                  c0249460    00000460     ti.pspiom.mcasp.a674 : Mcasp.obj (.text:_Mcasp_localConfigXmtSection)
                  c02498c0    00000440     rts6740.lib : _printfi.obj (.text:__printfi)
                  c0249d00    00000420     ti.pspiom.mcasp.a674 : Mcasp.obj (.text:_Mcasp_localConfigRcvSection)
                  c024a120    00000420     ti.pspiom.platforms.evm6747.audio.a674 : Audio.obj (.text:_audioMdCreateChan)
                  c024a540    00000420     ti.pspiom.mcasp.a674 : Mcasp.obj (.text:_mcaspSubmitReq)
                  c024a960    00000400                          : Mcasp.obj (.text:_Mcasp_localSetupHwInfo)
                  c024ad60    00000400     ti.pspiom.i2c.a674 : I2c.obj (.text:_i2cPolledModeTransfer)
                  c024b160    000003e0                        : I2c.obj (.text:_i2cMdControlChan)
                  c024b540    000003a0     ti.pspiom.platforms.codec.a674 : Aic31.obj (.text:_aic31MdControlChan)
                  c024b8e0    000003a0                                    : Aic31.obj (.text:_aic31SelectOutputDest)
                  c024bc80    00000380     ti.pspiom.mcasp.a674 : Mcasp_edma.obj (.text:_Mcasp_localUpdtDtPktToLnkPrms)
                  c024c000    00000380                          : Mcasp_ioctl.obj (.text:_mcaspGetHwStatus)
                  c024c380    00000360     ti.pspiom.i2c.a674 : I2c.obj (.text:_i2cCompleteIOInIsr)
                  c024c6e0    00000360     ti.pspiom.mcasp.a674 : Mcasp_ioctl.obj (.text:_mcaspConfigLoopBack)
                  c024ca40    00000340     ti.pspiom.i2c.a674 : I2c.obj (.text:_i2cTransfer)
                  c024cd80    00000340     ti.pspiom.mcasp.a674 : Mcasp.obj (.text:_mcaspIsrOutput)
                  c024d0c0    00000340     edma3_drv_bios_sample.lib : bios_edma3_drv_sample_cs.obj (.text)
                  c024d400    00000340                               : bios_edma3_drv_sample_init.obj (.text)
                  c024d740    00000320     ti.pspiom.i2c.a674 : I2c.obj (.text:_i2cMdSubmitChan)
                  c024da60    00000320     ti.pspiom.mcasp.a674 : Mcasp.obj (.text:_mcaspIsrInput)
                  c024dd80    00000300     rts6740.lib : fputs.obj (.text:_fputs)
                  c024e080    000002e0     ti.pspiom.i2c.a674 : I2c_edma.obj (.text:_I2c_completeIOedmaCallback)
                  c024e360    000002e0     ti.pspiom.platforms.codec.a674 : Aic31.obj (.text:_aic31InitDac)
                  c024e640    000002e0     ti.pspiom.platforms.evm6747.audio.a674 : Audio.obj (.text:_audioMdBindDev)
                  c024e920    000002c0     ti.pspiom.i2c.a674 : I2c_edma.obj (.text:_I2c_localEdmaTransfer)
                  c024ebe0    000002c0     rts6740.lib : _printfi.obj (.text:__pproc_fge)
                  c024eea0    000002c0                 : _printfi.obj (.text:__pproc_fwp)
                  c024f160    000002c0     ti.pspiom.platforms.codec.a674 : Aic31.obj (.text:_aic31MdBindDev)
                  c024f420    000002c0     ti.pspiom.mcasp.a674 : Mcasp_ioctl.obj (.text:_mcaspRegReset)
                  c024f6e0    000002a0     rts6740.lib : _printfi.obj (.text:_ecvt)
                  c024f980    000002a0                 : _printfi.obj (.text:_fcvt)
                  c024fc20    000002a0     ti.pspiom.mcasp.a674 : Mcasp_ioctl.obj (.text:_mcaspSetSamplingRate)
                  c024fec0    00000280     rts6740.lib : sin.obj (.text:_sin)
                  c0250140    00000280     drivers.a674 : dio_tsk.o674 (.text)
                  c02503c0    00000260     rts6740.lib : imath64.obj (.text:__divull)
                  c0250620    00000260                 : _printfi.obj (.text:__pconv_e)
                  c0250880    00000260     ti.pspiom.platforms.codec.a674 : Aic31.obj (.text:_aic31InitAdc)
                  c0250ae0    00000260     ti.pspiom.platforms.evm6747.audio.a674 : Audio.obj (.text:_audioSampleRateConfigure)
                  c0250d40    00000260     ti.pspiom.i2c.a674 : I2c.obj (.text:_i2cCancelIO)
                  c0250fa0    00000260     ti.pspiom.mcasp.a674 : Mcasp.obj (.text:_mcaspMdDeleteChan)
                  c0251200    00000240     rts6740.lib : _printfi.obj (.text:__pproc_diouxp)
                  c0251440    00000220     ti.pspiom.i2c.a674 : I2c.obj (.text:_I2c_localPrepareForTransfer)
                  c0251660    00000220     ti.pspiom.mcasp.a674 : Mcasp_edma.obj (.text:_Mcasp_localSetupEdmaDuringOpen)
                  c0251880    00000220     rts6740.lib : _printfi.obj (.text:__pproc_str)
                  c0251aa0    00000220     ti.pspiom.platforms.codec.a674 : Aic31.obj (.text:_aic31DeinitDac)
                  c0251cc0    00000220                                    : Aic31.obj (.text:_aic31I2cRead)
                  c0251ee0    00000200     rts6740.lib : _printfi.obj (.text:__pconv_g)
                  c02520e0    00000200     drivers.a674 : dio_tskDynamic.o674 (.text)
                  c02522e0    000001e0     ti.pspiom.mcasp.a674 : Mcasp_edma.obj (.text:_Mcasp_localIsValidPacket)
                  c02524c0    000001e0     ti.pspiom.platforms.codec.a674 : Aic31.obj (.text:_aic31DeinitAdc)
                  c02526a0    000001c0     rts6740.lib : _printfi.obj (.text:__mcpy)
                  c0252860    000001c0     ti.pspiom.platforms.codec.a674 : Aic31.obj (.text:_aic31I2cWrite)
                  c0252a20    000001c0     ti.pspiom.i2c.a674 : I2c.obj (.text:_i2cMdDeleteChan)
                  c0252be0    000001c0     ti.pspiom.mcasp.a674 : Mcasp_ioctl.obj (.text:_mcaspActivateClkRcvXmt)
                  c0252da0    000001c0                          : Mcasp.obj (.text:_mcaspRegisterInt)
                  c0252f60    000001c0                          : Mcasp.obj (.text:_mcaspWriteChanStatRam)
                  c0253120    000001c0                          : Mcasp.obj (.text:_mcaspWriteUserDataRam)
                  c02532e0    000001a0                          : Mcasp.obj (.text:_Mcasp_localIsrSwiFxn)
                  c0253480    000001a0     rts6740.lib : imath40.obj (.text:__divul)
                  c0253620    000001a0     ti.pspiom.mcasp.a674 : Mcasp.obj (.text:_mcaspBitSetGblRCtl)
                  c02537c0    000001a0                          : Mcasp.obj (.text:_mcaspBitSetGblXCtl)
                  c0253960    00000180     rts6740.lib : trgdrv.obj (.text:_HOSTrename)
                  c0253ae0    00000180     ti.pspiom.i2c.a674 : I2c.obj (.text:_I2c_localEnsureIsReadyforNext)
                  c0253c60    00000180     ti.pspiom.mcasp.a674 : Mcasp.obj (.text:_Mcasp_localEdmaProcessPkt)
                  c0253de0    00000180     ti.pspiom.psc.a674 : Psc.obj (.text:_Psc_ModuleClkCtrl)
                  c0253f60    00000180     ti.pspiom.platforms.codec.a674 : Aic31.obj (.text:_aic31MuteConfig)
                  c02540e0    00000180                                    : Aic31.obj (.text:_aic31SelectInputSource)
                  c0254260    00000180     ti.pspiom.platforms.evm6747.audio.a674 : Audio.obj (.text:_audioMdControlChan)
                  c02543e0    00000180     ti.pspiom.mcasp.a674 : Mcasp.obj (.text:_mcaspBitRemoveGblRCtl)
                  c0254560    00000180                          : Mcasp.obj (.text:_mcaspBitRemoveGblXCtl)
                  c02546e0    00000180                          : Mcasp_ioctl.obj (.text:_mcaspReadXmtConfig)
                  c0254860    00000180                          : Mcasp.obj (.text:_mcaspUnRegisterInt)
                  c02549e0    00000180     rts6740.lib : setvbuf.obj (.text:_setvbuf)
                  c0254b60    00000160     ti.pspiom.i2c.a674 : I2c.obj (.text:_I2c_localGetNextChannel)
                  c0254cc0    00000160     ti.pspiom.mcasp.a674 : Mcasp_ioctl.obj (.text:_mcaspActivateXmtClkSer)
                  c0254e20    00000160                          : Mcasp_ioctl.obj (.text:_mcaspReadRcvConfig)
                  c0254f80    00000160                          : Mcasp.obj (.text:_mcaspValidateBufferConfig)
                  c02550e0    00000140     rts6740.lib : _printfi.obj (.text:__pproc_fflags)
                  c0255220    00000140     ti.pspiom.platforms.codec.a674 : Aic31.obj (.text:_aic31MdDeleteChan)
                  c0255360    00000140                                    : Aic31.obj (.text:_aic31RegWriteBf)
                  c02554a0    00000140     ti.pspiom.platforms.evm6747.audio.a674 : Audio.obj (.text:_audioMdDeleteChan)
                  c02555e0    00000140     rts6740.lib : fputc.obj (.text:_fputc)
                  c0255720    00000140                 : lowlev.obj (.text:_getdevice)
                  c0255860    00000140     ti.pspiom.i2c.a674 : I2c.obj (.text:_i2cCalculateClockSettings)
                  c02559a0    00000140     ti.pspiom.mcasp.a674 : Mcasp_ioctl.obj (.text:_mcaspActivateRcvClkSer)
                  c0255ae0    00000140                          : Mcasp.obj (.text:_mcaspConfigureFifo)
                  c0255c20    00000140                          : Mcasp.obj (.text:_mcaspInit)
                  c0255d60    00000120     ti.pspiom.i2c.a674 : I2c_edma.obj (.text:_I2c_localEdmaChanRequest)
                  c0255e80    00000120     ti.pspiom.mcasp.a674 : Mcasp.obj (.text:_Mcasp_localCancelAndAbortAllIo)
                  c0255fa0    00000120                          : Mcasp.obj (.text:_Mcasp_localResetXmt)
                  c02560c0    00000120     rts6740.lib : fclose.obj (.text:_fclose)
                  c02561e0    00000120     ti.pspiom.mcasp.a674 : Mcasp.obj (.text:_mcaspMdUnBindDev)
                  c0256300    00000100     rts6740.lib : trgdrv.obj (.text:_HOSTlseek)
                  c0256400    00000100     ti.pspiom.i2c.a674 : I2c.obj (.text:_I2c_init)
                  c0256500    00000100                        : I2c_edma.obj (.text:_I2c_rxCallback)
                  c0256600    00000100                        : I2c_edma.obj (.text:_I2c_txCallback)
                  c0256700    00000100     ti.pspiom.mcasp.a674 : Mcasp.obj (.text:_Mcasp_localResetRcv)
                  c0256800    00000100     rts6740.lib : _printfi.obj (.text:__ltostr)
                  c0256900    00000100                 : _io_perm.obj (.text:__wrt_ok)
                  c0256a00    00000100                 : sinit.obj (.text:_call_dtors)
                  c0256b00    00000100                 : fflush.obj (.text:_fflush)
                  c0256c00    00000100     ti.pspiom.i2c.a674 : I2c.obj (.text:_i2cRegisterIntrHandler)
                  c0256d00    00000100     ti.pspiom.mcasp.a674 : Mcasp.obj (.text:_mcaspBitSetGblCtl)
                  c0256e00    00000100                          : Mcasp.obj (.text:_mcaspConfigureXmtChannel)
                  c0256f00    00000100                          : Mcasp_ioctl.obj (.text:_mcaspDeviceInfoGet)
                  c0257000    00000100                          : Mcasp.obj (.text:_mcaspMultiSerGlobalRestore)
                  c0257100    00000100                          : Mcasp.obj (.text:_mcaspMultiSerInitializationRcv)
                  c0257200    00000100                          : Mcasp.obj (.text:_mcaspMultiSerInitializationXmt)
                  c0257300    00000100     audioSample_main.obj (.text)
                  c0257400    000000e0     rts6740.lib : trgdrv.obj (.text:_HOSTopen)
                  c02574e0    000000e0     ti.pspiom.mcasp.a674 : Mcasp_ioctl.obj (.text:_Mcasp_localAbortRequests)
                  c02575c0    000000e0                          : Mcasp.obj (.text:_Mcasp_localCompleteCurrentIo)
                  c02576a0    000000e0                          : Mcasp.obj (.text:_Mcasp_localSmReset)
                  c0257780    000000e0                          : Mcasp.obj (.text:_Mcasp_localSmSet)
                  c0257860    000000e0     rts6740.lib : atoi.obj (.text:_atoi)
                  c0257940    000000e0     ti.pspiom.platforms.evm6747.audio.a674 : Audio.obj (.text:_audioMdSubmitChan)
                  c0257a20    000000e0     rts6740.lib : lowlev.obj (.text:_close)
                  c0257b00    000000e0     ti.pspiom.i2c.a674 : I2c.obj (.text:_i2cMdUnBindDev)
                  c0257be0    000000e0     ti.pspiom.mcasp.a674 : Mcasp.obj (.text:_mcaspIsRequestedSerzsFree)
                  c0257cc0    000000e0                          : Mcasp.obj (.text:_mcaspMdSubmitChan)
                  c0257da0    000000e0     rts6740.lib : memset.obj (.text:_memset)
                  c0257e80    000000c0                 : trgdrv.obj (.text:_HOSTread)
                  c0257f40    000000c0                 : trgdrv.obj (.text:_HOSTunlink)
                  c0258000    000000c0                 : trgdrv.obj (.text:_HOSTwrite)
                  c02580c0    000000c0                 : fopen.obj (.text:__cleanup)
                  c0258180    000000c0                 : _printfi.obj (.text:__div)
                  c0258240    000000c0                 : divu.obj (.text:__divu)
                  c0258300    000000c0                 : fflush.obj (.text:__doflush)
                  c02583c0    000000c0                 : atexit.obj (.text:_atexit)
                  c0258480    000000c0                 : fseek.obj (.text:_fseek)
                  c0258540    000000c0     ti.pspiom.i2c.a674 : I2c.obj (.text:_i2cWaitForBB)
                  c0258600    000000c0     rts6740.lib : lowlev.obj (.text:_lseek)
                  c02586c0    000000c0                 : ltoa.obj (.text:_ltoa)
                  c0258780    000000c0     ti.pspiom.mcasp.a674 : Mcasp.obj (.text:_mcaspConfigureRcvChannel)
                  c0258840    000000c0                          : Mcasp_ioctl.obj (.text:_mcaspGetSmFsXmt)
                  c0258900    000000c0                          : Mcasp.obj (.text:_mcaspSetDitMode)
                  c02589c0    000000c0                          : Mcasp.obj (.text:_mcaspSetSerRcv)
                  c0258a80    000000c0                          : Mcasp.obj (.text:_mcaspSetSerXmt)
                  c0258b40    000000c0     rts6740.lib : lowlev.obj (.text:_write)
                  c0258c00    000000c0     bios.a674 : tsk_stup.o674 (.text)
                  c0258cc0    000000a0     ti.pspiom.platforms.codec.a674 : Aic31.obj (.text:_Aic31_init)
                  c0258d60    000000a0     rts6740.lib : trgdrv.obj (.text:_HOSTclose)
                  c0258e00    000000a0     ti.pspiom.mcasp.a674 : Mcasp.obj (.text:_Mcasp_localActivateSmFsForBoth)
                  c0258ea0    000000a0     rts6740.lib : imath40.obj (.text:__divli)
                  c0258f40    000000a0                 : _printfi.obj (.text:__ecpy)
                  c0258fe0    000000a0                 : _printfi.obj (.text:__fcpy)
                  c0259080    000000a0                 : fixdli.obj (.text:__fixdli)
                  c0259120    000000a0                 : round.obj (.text:__nround)
                  c02591c0    000000a0                 : _printfi.obj (.text:__pconv_f)
                  c0259260    000000a0                 : remu.obj (.text:__remu)
                  c0259300    000000a0     ti.pspiom.platforms.codec.a674 : Aic31.obj (.text:_aic31CtrlBusRead)
                  c02593a0    000000a0                                    : Aic31.obj (.text:_aic31CtrlBusWrite)
                  c0259440    000000a0                                    : Aic31.obj (.text:_aic31MdUnBindDev)
                  c02594e0    000000a0                                    : Aic31.obj (.text:_aic31RegRead)
                  c0259580    000000a0                                    : Aic31.obj (.text:_aic31RegWrite)
                  c0259620    000000a0     ti.pspiom.platforms.evm6747.audio.a674 : Audio.obj (.text:_audioMdUnBindDev)
                  c02596c0    000000a0     rts6740.lib : lowlev.obj (.text:_finddevice)
                  c0259760    000000a0     ti.pspiom.mcasp.a674 : Mcasp_ioctl.obj (.text:_mcaspGetSerMode)
                  c0259800    000000a0                          : Mcasp_ioctl.obj (.text:_mcaspGetSerRcvReady)
                  c02598a0    000000a0                          : Mcasp_ioctl.obj (.text:_mcaspGetSerXmtReady)
                  c0259940    000000a0                          : Mcasp_ioctl.obj (.text:_mcaspGetSmFsRcv)
                  c02599e0    000000a0     rts6740.lib : memcpy64.obj (.text:_memcpy)
                  c0259a80    000000a0                 : modf.obj (.text:_modf)
                  c0259b20    00000080     ti.pspiom.mcasp.a674 : Mcasp.obj (.text:_Mcasp_localActivateSmFsForRcv)
                  c0259ba0    00000080                          : Mcasp.obj (.text:_Mcasp_localActivateSmFsForXmt)
                  c0259c20    00000080     rts6740.lib : fixdu.obj (.text:__fixdu)
                  c0259ca0    00000080                 : fltlid.obj (.text:__fltlid)
                  c0259d20    00000080                 : llshift.obj (.text:__llshl)
                  c0259da0    00000080     ti.pspiom.platforms.evm6747.evmInit.a674 : audio_evmInit.obj (.text:_audioUserI2cInit)
                  c0259e20    00000080                                              : audio_evmInit.obj (.text:_configureAudio)
                  c0259ea0    00000080     rts6740.lib : fprintf.obj (.text:_fprintf)
                  c0259f20    00000080     ti.pspiom.i2c.a674 : I2c.obj (.text:_i2cCheckTimeOut)
                  c0259fa0    00000080     ti.pspiom.mcasp.a674 : Mcasp.obj (.text:_mcaspDeactivateSmFsForRcv)
                  c025a020    00000080                          : Mcasp.obj (.text:_mcaspDeactivateSmFsForXmt)
                  c025a0a0    00000080                          : Mcasp.obj (.text:_mcaspMdControlChan)
                  c025a120    00000080     rts6740.lib : printf.obj (.text:_printf)
                  c025a1a0    00000080                 : trgmsg.obj (.text:_readmsg)
                  c025a220    00000080                 : lowlev.obj (.text:_unlink)
                  c025a2a0    00000060     ti.pspiom.platforms.evm6747.audio.a674 : Audio.obj (.text:_Audio_init)
                  c025a300    00000060     ti.pspiom.mcasp.a674 : Mcasp.obj (.text:_Mcasp_localGetNextIndex)
                  c025a360    00000060     rts6740.lib : assert.obj (.text:__abort_msg)
                  c025a3c0    00000060                 : imath64.obj (.text:__subcull)
                  c025a420    00000060     ti.pspiom.platforms.codec.a674 : Aic31.obj (.text:_aic31CallBack)
                  c025a480    00000060     rts6740.lib : memccpy.obj (.text:_memccpy)
                  c025a4e0    00000060                 : trgmsg.obj (.text:_writemsg)
                  c025a540    00000040                 : sinit.obj (.text:___add_dtor)
                  c025a580    00000040                 : isinf.obj (.text:___isinf)
                  c025a5c0    00000040                 : _printfi.obj (.text:___isnan)
                  c025a600    00000040                 : frcmpyd_div.obj (.text:__frcmpyd_div)
                  c025a640    00000040                 : llshift.obj (.text:__llshru)
                  c025a680    00000040                 : imath40.obj (.text:__remli)
                  c025a6c0    00000040                 : strasg.obj (.text:__strasgi_64plus)
                  c025a700    00000040     drivers.a674 : dio.o674 (.text)
                  c025a740    00000020     rts6740.lib : negll.obj (.text:__negll)
                  c025a760    00000020                 : _lock.obj (.text:__nop)
                  c025a780    00000020                 : fprintf.obj (.text:__outc)
                  c025a7a0    00000020                 : printf.obj (.text:__outc)
                  c025a7c0    00000020                 : fprintf.obj (.text:__outs)
                  c025a7e0    00000020                 : printf.obj (.text:__outs)
                  c025a800    00000020                 : _lock.obj (.text:__register_lock)
                  c025a820    00000020                 : _lock.obj (.text:__register_unlock)
                  c025a840    00000020                 : trunc.obj (.text:__trunc)
                  c025a860    00000020                 : exit.obj (.text:_abort)
                  c025a880    00000020     ti.pspiom.platforms.codec.a674 : Aic31.obj (.text:_aic31MdSubmitChan)
                  c025a8a0    00000020     ti.pspiom.i2c.a674 : I2c.obj (.text:_i2cUnregisterIntrHandler)
                  c025a8c0    00000020     ti.pspiom.mcasp.a674 : Mcasp.obj (.text:_mcaspIsr)
                  c025a8e0    00000020     rts6740.lib : remove.obj (.text:_remove)
                  c025a900    00000020     bios.a674 : que_get.o674 ($Tramp$S$$_QUE_get)
                  c025a920    00000020               : que_get.o674 ($Tramp$S$$_QUE_put)
                  c025a940    00000020     bios6747.a674 : bcache_block.o674 ($Tramp$S$$_BCACHE_wb)
                  c025a960    00000020     bios.a674 : ecm_enableEvent.o674 ($Tramp$S$$_ECM_enableEvent)
                  c025a980    00000010     sioboth.a674 : sio_recl.o674 ($Tramp$S$$_SIO_reclaim)
                  c025a990    00000010                  : sio_issu.o674 ($Tramp$S$$_SIO_issue)
                  c025a9a0    00000010                  : sio_crea.o674 ($Tramp$S$$_SIO_create)
                  c025a9b0    00000010     bios.a674 : malloc.o674 ($Tramp$S$$_free)
                  c025a9c0    00000020               : swi_crea.o674 ($Tramp$S$$_SWI_create)
                  c025a9e0    00000020               : dev_matc.o674 ($Tramp$S$$_DEV_match)
                  c025aa00    00000020               : sem_pend_counting.o674 ($Tramp$S$$_SEM_pend)
                  c025aa20    00000020     bios6747.a674 : bcache_block.o674 ($Tramp$S$$_BCACHE_inv)
                  c025aa40    00000020                   : clk_gethtime.o674 ($Tramp$S$$_CLK_gethtime)
                  c025aa60    00000020     bios.a674 : sem_post_asm.o674 ($Tramp$S$$_SEM_post)
                  c025aa80    00000020               : hwi_c.o674 ($Tramp$S$$_HWI_disable)
                  c025aaa0    00000020               : tsk_disa.o674 ($Tramp$S$$_TSK_disable)
                  c025aac0    00000020               : ecm_disableEvent.o674 ($Tramp$S$$_ECM_disableEvent)
                  c025aae0    00000020               : hwi_c.o674 ($Tramp$S$$_HWI_restore)
                  c025ab00    00000020               : tsk_disa.o674 ($Tramp$S$$_TSK_enable)
                  c025ab20    00000020               : sem_crea.o674 ($Tramp$S$$_SEM_create)
                  c025ab40    00000020               : sem_dele.o674 ($Tramp$S$$_SEM_delete)
                  c025ab60    00000020               : ecm_dispatchPlug.o674 ($Tramp$S$$_ECM_dispatchPlug)
                  c025ab80    00000020               : c62_c.o674 ($Tramp$S$$_C64_enableIER)
                  c025aba0    00000020     bios6747.a674 : bcache_block.o674 ($Tramp$S$$_BCACHE_wbInv)
                  c025abc0    00000020     bios.a674 : mem_free.o674 ($Tramp$S$$_MEM_free)
                  c025abe0    00000020               : mem_vall.o674 ($Tramp$S$$_MEM_valloc)
                  c025ac00    00000010               : malloc.o674 ($Tramp$S$$_malloc)
                  c025ac10    00000010     --HOLE-- [fill = 0]
                  c025ac20    00000020               : sys_prin.o674 ($Tramp$S$$_SYS_printf)
                  c025ac40    00000020               : lck.o674 ($Tramp$S$$_LCK_post)
                  c025ac60    00000020               : lck.o674 ($Tramp$S$$_LCK_pend)
                  c025ac80    00000020               : sys_abor.o674 ($Tramp$S$$_SYS_abort)
                  c025aca0    00000020               : swi.o674 ($Tramp$S$$_SWI_post)

.bios      0    c025acc0    00005b40     
                  c025acc0    00000780     bios.a674 : sys_prin.o674 (.bios)
                  c025b440    000005c0     lnkrtdx.a674 : rtdx.o674 (.bios)
                  c025ba00    00000580     bios.a674 : exc.o674 (.bios)
                  c025bf80    000004e0               : hwi_disp_asm.o674 (.bios)
                  c025c460    000004c0               : swi.o674 (.bios)
                  c025c920    00000380               : prd.o674 (.bios)
                  c025cca0    00000320     sioboth.a674 : sio_crea.o674 (.bios)
                  c025cfc0    00000280     bios.a674 : malloc.o674 (.bios)
                  c025d240    00000280               : rta.o674 (.bios)
                  c025d4c0    00000240               : knl_run.o674 (.bios)
                  c025d700    00000200               : mem_allo.o674 (.bios:.near)
                  c025d900    00000200               : knl_tick.o674 (.bios)
                  c025db00    000001e0               : mem_free.o674 (.bios:.near)
                  c025dce0    000001e0               : exc_asm.o674 (.bios)
                  c025dec0    000001e0               : pip.o674 (.bios)
                  c025e0a0    000001e0               : sem_pend.o674 (.bios)
                  c025e280    000001e0     sioboth.a674 : sio_dele.o674 (.bios)
                  c025e460    000001a0     bios.a674 : sem_dopo.o674 (.bios)
                  c025e600    000001a0               : tsk_setu.o674 (.bios)
                  c025e7a0    000001a0     bios6747.a674 : clk.o674 (.bios)
                  c025e940    00000180     bios.a674 : knl_swit.o674 (.bios)
                  c025eac0    00000180     bios6747.a674 : bcache_block.o674 (.bios)
                  c025ec40    00000140     bios.a674 : autoinit.o674 (.bios)
                  c025ed80    00000140               : tsk_exit.o674 (.bios)
                  c025eec0    00000140     bios6747.a674 : bcache_init.o674 (.bios)
                  c025f000    00000120     bios.a674 : gbl_cacheinit64P.o674 (.bios)
                  c025f120    00000120               : knl_chec.o674 (.bios)
                  c025f240    00000120               : tsk_stup.o674 (.bios)
                  c025f360    00000100               : ecm_dispatch.o674 (.bios)
                  c025f460    000000e0               : sem_post_asm.o674 (.bios)
                  c025f540    000000c0               : dev_matc.o674 (.bios)
                  c025f600    000000c0               : knl_exit.o674 (.bios)
                  c025f6c0    000000c0     sioboth.a674 : sio_recl.o674 (.bios)
                  c025f780    000000a0     bios.a674 : dev_mkfr.o674 (.bios)
                  c025f820    000000a0               : obj_crea.o674 (.bios)
                  c025f8c0    000000a0               : sem_post.o674 (.bios)
                  c025f960    000000a0               : swi_seta.o674 (.bios)
                  c025fa00    000000a0               : sys_exit.o674 (.bios)
                  c025faa0    000000a0     log8.a674 : log_ts.o674 (.bios)
                  c025fb40    00000080     bios.a674 : atm.o674 (.bios)
                  c025fbc0    00000080               : knl_ipos.o674 (.bios)
                  c025fc40    00000080               : knl_post.o674 (.bios)
                  c025fcc0    00000080               : lck.o674 (.bios)
                  c025fd40    00000080               : sem_crea.o674 (.bios)
                  c025fdc0    00000080               : swi_crea.o674 (.bios)
                  c025fe40    00000080               : tsk_disa.o674 (.bios)
                  c025fec0    00000080     bios6747.a674 : bcache_wait.o674 (.bios)
                  c025ff40    00000080                   : idl_cal.o674 (.bios)
                  c025ffc0    00000080     sioboth.a674 : sio_issu.o674 (.bios)
                  c0260040    00000060     bios.a674 : mem_vall.o674 (.bios:.near)
                  c02600a0    00000060               : sys_erro.o674 (.bios:.near)
                  c0260100    00000060               : dev_rmfr.o674 (.bios)
                  c0260160    00000060               : fxn.o674 (.bios)
                  c02601c0    00000060               : hwi_c.o674 (.bios)
                  c0260220    00000060               : idl_busy.o674 (.bios)
                  c0260280    00000060               : obj_dele.o674 (.bios)
                  c02602e0    00000060               : sem_pend_counting.o674 (.bios)
                  c0260340    00000060               : sts.o674 (.bios)
                  c02603a0    00000060               : sys_abor.o674 (.bios)
                  c0260400    00000060     bios6747.a674 : clk_meas.o674 (.bios)
                  c0260460    00000040     bios.a674 : c62_c.o674 (.bios)
                  c02604a0    00000040               : ecm_disableEvent.o674 (.bios)
                  c02604e0    00000040               : ecm_dispatchPlug.o674 (.bios)
                  c0260520    00000040               : ecm_enableEvent.o674 (.bios)
                  c0260560    00000040               : idl_stub.o674 (.bios)
                  c02605a0    00000040               : que_crea.o674 (.bios)
                  c02605e0    00000040               : que_get.o674 (.bios)
                  c0260620    00000040               : rta_andn.o674 (.bios)
                  c0260660    00000040               : utl_doab.o674 (.bios)
                  c02606a0    00000040               : utl_putc.o674 (.bios)
                  c02606e0    00000020               : fxn_c.o674 (.bios)
                  c0260700    00000020               : gbl_vers.o674 (.bios)
                  c0260720    00000020               : idl.o674 (.bios)
                  c0260740    00000020               : sem_dele.o674 (.bios)
                  c0260760    00000020               : sts_set.o674 (.bios)
                  c0260780    00000020               : sys_one.o674 (.bios)
                  c02607a0    00000020               : utl_doer.o674 (.bios)
                  c02607c0    00000020               : utl_halt.o674 (.bios)
                  c02607e0    00000020     bios6747.a674 : clk_gethtime.o674 (.bios)

.rtdx_text 
*          0    c0260800    00000fc0     
                  c0260800    000002a0     rtdx64xplus.lib : rtdx_mon.o64P (.rtdx_text:_HSRTDX_rec)
                  c0260aa0    00000260                     : buffer1.o64P (.rtdx_text:_RTDX_Buffer_WriteCB)
                  c0260d00    00000260                     : buffer1.o64P (.rtdx_text:_RTDX_write_next)
                  c0260f60    000001a0                     : rtdx_mon.o64P (.rtdx_text:_HSRTDX_xmt)
                  c0261100    00000160                     : rtdx_mon.o64P (.rtdx_text:_RTDX_Send_To_Host)
                  c0261260    000000e0                     : rtdx_mon.o64P (.rtdx_text:_RTDX_Mon_Queue)
                  c0261340    000000e0                     : buffer1.o64P (.rtdx_text:_claim)
                  c0261420    000000a0                     : rtdx_mon.o64P (.rtdx_text:_RTDX_GetH2THeader)
                  c02614c0    000000a0                     : rtdx_mon.o64P (.rtdx_text:_RTDX_Poll)
                  c0261560    00000080                     : rtdx_mon.o64P (.rtdx_text:_RTDX_Final_RT_Monitor)
                  c02615e0    00000060                     : buffer1.o64P (.rtdx_text:_RTDX_Buffer_Initialize)
                  c0261640    00000060                     : rtdx_mon.o64P (.rtdx_text:_RTDX_Init_RT_Monitor)
                  c02616a0    00000040                     : buffer2.o64P (.rtdx_text:_RTDX_Buffer_ReadCB)
                  c02616e0    00000040                     : buffer1.o64P (.rtdx_text:_RTDX_Buffer_Size)
                  c0261720    00000040                     : memfill.o64P (.rtdx_text:_RTDX_memfill)
                  c0261760    00000020                     : buffer2.o64P (.rtdx_text:_RTDX_Buffer_Read)
                  c0261780    00000020                     : buffer1.o64P (.rtdx_text:_RTDX_Buffer_Write)
                  c02617a0    00000020                     : intr_tgt.o64P (.rtdx_text)

.sysinit   0    c02617c0    000006c0     
                  c02617c0    000003c0     audioSamplecfg.obj (.sysinit)
                  c0261b80    00000100     bios.a674 : dev_init.o674 (.sysinit)
                  c0261c80    000000c0               : boot.o674 (.sysinit)
                  c0261d40    000000c0               : mem_init.o674 (.sysinit)
                  c0261e00    00000060               : tsk_init.o674 (.sysinit)
                  c0261e60    00000020     drivers.a674 : dio.o674 (.sysinit)

.hwi_vec   0    c0262000    00000200     
                  c0262000    00000200     audioSamplecfg.obj (.hwi_vec)


FAR CALL TRAMPOLINES

callee name               trampoline name
   callee addr  tramp addr   call addr  call info
--------------  -----------  ---------  ----------------
$.bios:bios.a674<que_get.o674>$0x0  $Tramp$S$$_QUE_get
   c02605e0     c025a900     c02418f0   ti.pspiom.mcasp.a674 : Mcasp_ioctl.obj (.text:_Mcasp_localSubmitIoctl)
                             c0241c04                        : Mcasp_ioctl.obj (.text:_Mcasp_localSubmitIoctl)
                             c0245164                        : Mcasp_edma.obj (.text:_Mcasp_localEdmaCallback)
                             c024520c                        : Mcasp_edma.obj (.text:_Mcasp_localEdmaCallback)
                             c02452ac                        : Mcasp_edma.obj (.text:_Mcasp_localEdmaCallback)
                             c024532c                        : Mcasp_edma.obj (.text:_Mcasp_localEdmaCallback)
                             c02453a8                        : Mcasp_edma.obj (.text:_Mcasp_localEdmaCallback)
                             c024758c                        : Mcasp.obj (.text:_Mcasp_localAbortReset)
                             c02476c0                        : Mcasp.obj (.text:_Mcasp_localAbortReset)
                             c024c480   ti.pspiom.i2c.a674 : I2c.obj (.text:_i2cCompleteIOInIsr)
                             c024c58c                      : I2c.obj (.text:_i2cCompleteIOInIsr)
                             c024e164                      : I2c_edma.obj (.text:_I2c_completeIOedmaCallback)
                             c024e254                      : I2c_edma.obj (.text:_I2c_completeIOedmaCallback)
                             c0250194   drivers.a674 : dio_tsk.o674 (.text)
                             c0252400   ti.pspiom.mcasp.a674 : Mcasp_edma.obj (.text:_Mcasp_localIsValidPacket)
$.bios:bios.a674<que_get.o674>$0x28  $Tramp$S$$_QUE_put
   c0260608     c025a920     c0241914   ti.pspiom.mcasp.a674 : Mcasp_ioctl.obj (.text:_Mcasp_localSubmitIoctl)
                             c0241c20                        : Mcasp_ioctl.obj (.text:_Mcasp_localSubmitIoctl)
                             c0245238                        : Mcasp_edma.obj (.text:_Mcasp_localEdmaCallback)
                             c0245254                        : Mcasp_edma.obj (.text:_Mcasp_localEdmaCallback)
                             c02452c0                        : Mcasp_edma.obj (.text:_Mcasp_localEdmaCallback)
                             c02452d8                        : Mcasp_edma.obj (.text:_Mcasp_localEdmaCallback)
                             c0245340                        : Mcasp_edma.obj (.text:_Mcasp_localEdmaCallback)
                             c0245358                        : Mcasp_edma.obj (.text:_Mcasp_localEdmaCallback)
                             c02453b8                        : Mcasp_edma.obj (.text:_Mcasp_localEdmaCallback)
                             c02453d4                        : Mcasp_edma.obj (.text:_Mcasp_localEdmaCallback)
                             c024a744                        : Mcasp.obj (.text:_mcaspSubmitReq)
                             c024a778                        : Mcasp.obj (.text:_mcaspSubmitReq)
                             c024d9f4   ti.pspiom.i2c.a674 : I2c.obj (.text:_i2cMdSubmitChan)
                             c02501fc   drivers.a674 : dio_tsk.o674 (.text)
                             c0250340                : dio_tsk.o674 (.text)
                             c0252478   ti.pspiom.mcasp.a674 : Mcasp_edma.obj (.text:_Mcasp_localIsValidPacket)
$.bios:bios6747.a674<bcache_block.o674>$0x144  $Tramp$S$$_BCACHE_wb
   c025ec04     c025a940     c0242408   ti.pspiom.mcasp.a674 : Mcasp.obj (.text:_mcaspMdCreateChan)
                             c0242438                        : Mcasp.obj (.text:_mcaspMdCreateChan)
                             c0242468                        : Mcasp.obj (.text:_mcaspMdCreateChan)
                             c024a6e4                        : Mcasp.obj (.text:_mcaspSubmitReq)
                             c024d274   edma3_drv_bios_sample.lib : bios_edma3_drv_sample_cs.obj (.text)
$.bios:bios.a674<ecm_enableEvent.o674>$0x0  $Tramp$S$$_ECM_enableEvent
   c0260520     c025a960     c0242d20   ti.pspiom.mcasp.a674 : Mcasp.obj (.text:_mcaspMdCreateChan)
                             c0242d38                        : Mcasp.obj (.text:_mcaspMdCreateChan)
                             c0242d54                        : Mcasp.obj (.text:_mcaspMdCreateChan)
                             c0242d68                        : Mcasp.obj (.text:_mcaspMdCreateChan)
                             c024d1a0   edma3_drv_bios_sample.lib : bios_edma3_drv_sample_cs.obj (.text)
                             c024d1ac                             : bios_edma3_drv_sample_cs.obj (.text)
                             c024d1c8                             : bios_edma3_drv_sample_cs.obj (.text)
                             c024d550                             : bios_edma3_drv_sample_init.obj (.text)
                             c024d580                             : bios_edma3_drv_sample_init.obj (.text)
                             c024d5e0                             : bios_edma3_drv_sample_init.obj (.text)
                             c0252f38   ti.pspiom.mcasp.a674 : Mcasp.obj (.text:_mcaspRegisterInt)
                             c02537a0                        : Mcasp.obj (.text:_mcaspBitSetGblRCtl)
                             c0253940                        : Mcasp.obj (.text:_mcaspBitSetGblXCtl)
                             c0256cd0   ti.pspiom.i2c.a674 : I2c.obj (.text:_i2cRegisterIntrHandler)
$.bios:sioboth.a674<sio_recl.o674>$0x0  $Tramp$S$$_SIO_reclaim
   c025f6c0     c025a980     c0243ae0   audioSample_io.obj (.text)
                             c0243af0   audioSample_io.obj (.text)
$.bios:sioboth.a674<sio_issu.o674>$0x0  $Tramp$S$$_SIO_issue
   c025ffc0     c025a990     c0243e04   audioSample_io.obj (.text)
                             c0243e14   audioSample_io.obj (.text)
                             c024456c   audioSample_io.obj (.text)
                             c0244580   audioSample_io.obj (.text)
                             c0244598   audioSample_io.obj (.text)
                             c02445b8   audioSample_io.obj (.text)
$.bios:sioboth.a674<sio_crea.o674>$0x0  $Tramp$S$$_SIO_create
   c025cca0     c025a9a0     c0244518   audioSample_io.obj (.text)
                             c0244538   audioSample_io.obj (.text)
$.bios:bios.a674<malloc.o674>$0x0  $Tramp$S$$_free
   c025cfc0     c025a9b0     c0254a48   rts6740.lib : setvbuf.obj (.text:_setvbuf)
                             c0256128               : fclose.obj (.text:_fclose)
$.bios:bios.a674<swi_crea.o674>$0x0  $Tramp$S$$_SWI_create
   c025fdc0     c025a9c0     c0244fd4   ti.pspiom.mcasp.a674 : Mcasp.obj (.text:_mcaspMdBindDev)
$.bios:bios.a674<dev_matc.o674>$0x0  $Tramp$S$$_DEV_match
   c025f540     c025a9e0     c02483c0   ti.pspiom.platforms.codec.a674 : Aic31.obj (.text:_aic31MdCreateChan)
                             c024a2b4   ti.pspiom.platforms.evm6747.audio.a674 : Audio.obj (.text:_audioMdCreateChan)
                             c024a404                                          : Audio.obj (.text:_audioMdCreateChan)
                             c0252180   drivers.a674 : dio_tskDynamic.o674 (.text)
$.bios:bios.a674<sem_pend_counting.o674>$0x0  $Tramp$S$$_SEM_pend
   c02602e0     c025aa00     c02497ec   ti.pspiom.mcasp.a674 : Mcasp.obj (.text:_Mcasp_localConfigXmtSection)
                             c024a058                        : Mcasp.obj (.text:_Mcasp_localConfigRcvSection)
                             c024cd28   ti.pspiom.i2c.a674 : I2c.obj (.text:_i2cTransfer)
                             c024d36c   edma3_drv_bios_sample.lib : bios_edma3_drv_sample_cs.obj (.text)
                             c025014c   drivers.a674 : dio_tsk.o674 (.text)
                             c0250288                : dio_tsk.o674 (.text)
                             c0251e04   ti.pspiom.platforms.codec.a674 : Aic31.obj (.text:_aic31I2cRead)
                             c0251e60                                  : Aic31.obj (.text:_aic31I2cRead)
                             c0252998                                  : Aic31.obj (.text:_aic31I2cWrite)
                             c0253734   ti.pspiom.mcasp.a674 : Mcasp.obj (.text:_mcaspBitSetGblRCtl)
                             c02538d4                        : Mcasp.obj (.text:_mcaspBitSetGblXCtl)
                             c02544f0                        : Mcasp.obj (.text:_mcaspBitRemoveGblRCtl)
                             c0254670                        : Mcasp.obj (.text:_mcaspBitRemoveGblXCtl)
                             c0258588   ti.pspiom.i2c.a674 : I2c.obj (.text:_i2cWaitForBB)
$.bios:bios6747.a674<bcache_block.o674>$0x154  $Tramp$S$$_BCACHE_inv
   c025ec14     c025aa20     c024a6c0   ti.pspiom.mcasp.a674 : Mcasp.obj (.text:_mcaspSubmitReq)
                             c024d234   edma3_drv_bios_sample.lib : bios_edma3_drv_sample_cs.obj (.text)
$.bios:bios6747.a674<clk_gethtime.o674>$0x0  $Tramp$S$$_CLK_gethtime
   c02607e0     c025aa40     c024aea8   ti.pspiom.i2c.a674 : I2c.obj (.text:_i2cPolledModeTransfer)
                             c0259f44                      : I2c.obj (.text:_i2cCheckTimeOut)
$.bios:bios.a674<sem_post_asm.o674>$0x0  $Tramp$S$$_SEM_post
   c025f460     c025aa60     c024cd4c   ti.pspiom.i2c.a674 : I2c.obj (.text:_i2cTransfer)
                             c024d3d4   edma3_drv_bios_sample.lib : bios_edma3_drv_sample_cs.obj (.text)
                             c0250214   drivers.a674 : dio_tsk.o674 (.text)
                             c02502e0                : dio_tsk.o674 (.text)
                             c0250344                : dio_tsk.o674 (.text)
                             c0250354                : dio_tsk.o674 (.text)
                             c0250370                : dio_tsk.o674 (.text)
                             c025a450   ti.pspiom.platforms.codec.a674 : Aic31.obj (.text:_aic31CallBack)
$.bios:bios.a674<hwi_c.o674>$0x0  $Tramp$S$$_HWI_disable
   c02601c0     c025aa80     c024d0e4   edma3_drv_bios_sample.lib : bios_edma3_drv_sample_cs.obj (.text)
                             c024d520                             : bios_edma3_drv_sample_init.obj (.text)
                             c024d6d0                             : bios_edma3_drv_sample_init.obj (.text)
$.bios:bios.a674<tsk_disa.o674>$0x24  $Tramp$S$$_TSK_disable
   c025fe64     c025aaa0     c024d0fc   edma3_drv_bios_sample.lib : bios_edma3_drv_sample_cs.obj (.text)
$.bios:bios.a674<ecm_disableEvent.o674>$0x0  $Tramp$S$$_ECM_disableEvent
   c02604a0     c025aac0     c024d104   edma3_drv_bios_sample.lib : bios_edma3_drv_sample_cs.obj (.text)
                             c024d110                             : bios_edma3_drv_sample_cs.obj (.text)
                             c024d130                             : bios_edma3_drv_sample_cs.obj (.text)
                             c024d6d8                             : bios_edma3_drv_sample_init.obj (.text)
                             c024d6e4                             : bios_edma3_drv_sample_init.obj (.text)
                             c024d70c                             : bios_edma3_drv_sample_init.obj (.text)
                             c02536a4   ti.pspiom.mcasp.a674 : Mcasp.obj (.text:_mcaspBitSetGblRCtl)
                             c0253844                        : Mcasp.obj (.text:_mcaspBitSetGblXCtl)
                             c02549a4                        : Mcasp.obj (.text:_mcaspUnRegisterInt)
                             c025a8ac   ti.pspiom.i2c.a674 : I2c.obj (.text:_i2cUnregisterIntrHandler)
$.bios:bios.a674<hwi_c.o674>$0x2c  $Tramp$S$$_HWI_restore
   c02601ec     c025aae0     c024d18c   edma3_drv_bios_sample.lib : bios_edma3_drv_sample_cs.obj (.text)
                             c024d634                             : bios_edma3_drv_sample_init.obj (.text)
                             c024d72c                             : bios_edma3_drv_sample_init.obj (.text)
$.bios:bios.a674<tsk_disa.o674>$0x0  $Tramp$S$$_TSK_enable
   c025fe40     c025ab00     c024d194   edma3_drv_bios_sample.lib : bios_edma3_drv_sample_cs.obj (.text)
$.bios:bios.a674<sem_crea.o674>$0x0  $Tramp$S$$_SEM_create
   c025fd40     c025ab20     c024d2c0   edma3_drv_bios_sample.lib : bios_edma3_drv_sample_cs.obj (.text)
                             c02521b8   drivers.a674 : dio_tskDynamic.o674 (.text)
$.bios:bios.a674<sem_dele.o674>$0x0  $Tramp$S$$_SEM_delete
   c0260740     c025ab40     c024d314   edma3_drv_bios_sample.lib : bios_edma3_drv_sample_cs.obj (.text)
                             c0252110   drivers.a674 : dio_tskDynamic.o674 (.text)
                             c0252128                : dio_tskDynamic.o674 (.text)
$.bios:bios.a674<ecm_dispatchPlug.o674>$0x0  $Tramp$S$$_ECM_dispatchPlug
   c02604e0     c025ab60     c024d544   edma3_drv_bios_sample.lib : bios_edma3_drv_sample_init.obj (.text)
                             c024d570                             : bios_edma3_drv_sample_init.obj (.text)
                             c024d5c4                             : bios_edma3_drv_sample_init.obj (.text)
                             c0252f24   ti.pspiom.mcasp.a674 : Mcasp.obj (.text:_mcaspRegisterInt)
                             c0256cc8   ti.pspiom.i2c.a674 : I2c.obj (.text:_i2cRegisterIntrHandler)
$.bios:bios.a674<c62_c.o674>$0x18  $Tramp$S$$_C64_enableIER
   c0260478     c025ab80     c024d608   edma3_drv_bios_sample.lib : bios_edma3_drv_sample_init.obj (.text)
                             c024d618                             : bios_edma3_drv_sample_init.obj (.text)
                             c024d62c                             : bios_edma3_drv_sample_init.obj (.text)
                             c0256cec   ti.pspiom.i2c.a674 : I2c.obj (.text:_i2cRegisterIntrHandler)
$.bios:bios6747.a674<bcache_block.o674>$0x130  $Tramp$S$$_BCACHE_wbInv
   c025ebf0     c025aba0     c024ea64   ti.pspiom.i2c.a674 : I2c_edma.obj (.text:_I2c_localEdmaTransfer)
$.bios:.near:bios.a674<mem_free.o674>$0x0  $Tramp$S$$_MEM_free
   c025db00     c025abc0     c0252140   drivers.a674 : dio_tskDynamic.o674 (.text)
                             c0252200                : dio_tskDynamic.o674 (.text)
$.bios:.near:bios.a674<mem_vall.o674>$0x0  $Tramp$S$$_MEM_valloc
   c0260040     c025abe0     c02521a4   drivers.a674 : dio_tskDynamic.o674 (.text)
$.bios:bios.a674<malloc.o674>$0x24  $Tramp$S$$_malloc
   c025cfe4     c025ac00     c0254ac8   rts6740.lib : setvbuf.obj (.text:_setvbuf)
$.bios:bios.a674<sys_prin.o674>$0x740  $Tramp$S$$_SYS_printf
   c025b400     c025ac20     c02585a0   ti.pspiom.i2c.a674 : I2c.obj (.text:_i2cWaitForBB)
$.bios:bios.a674<lck.o674>$0x0  $Tramp$S$$_LCK_post
   c025fcc0     c025ac40     c0258c00   bios.a674 : tsk_stup.o674 (.text)
$.bios:bios.a674<lck.o674>$0x20  $Tramp$S$$_LCK_pend
   c025fce0     c025ac60     c0258c64   bios.a674 : tsk_stup.o674 (.text)
$.bios:bios.a674<sys_abor.o674>$0x0  $Tramp$S$$_SYS_abort
   c02603a0     c025ac80     c0258c68   bios.a674 : tsk_stup.o674 (.text)
                             c0258c84             : tsk_stup.o674 (.text)
$.bios:bios.a674<swi.o674>$0x70  $Tramp$S$$_SWI_post
   c025c4d0     c025aca0     c025a8c8   ti.pspiom.mcasp.a674 : Mcasp.obj (.text:_mcaspIsr)

[32 trampolines]
[136 trampoline calls]


GLOBAL SYMBOLS: SORTED ALPHABETICALLY BY Name 

address    name
--------   ----
118383d8   $bss
118383d8   .bss
11800000   .data
c0235220   .text
c0261984   BIOS$$CLKOFF
c0261944   BIOS$$CLKON
c02617c0   BIOS_init
c0261a40   BIOS_start
00000000   BUF$
00000001   BUF_ENABLED
c025a860   C$$EXIT
c025a538   C$$IO$$
ffffffff   CACHE_L1D
ffffffff   CACHE_L1P
00000001   CLK$
11838ff8   CLK_A_TABBEG
00000001   CLK_CALDIV
00000001   CLK_CALMULT
000493e0   CLK_COUNTSPMS
00000004   CLK_COUNTSPMSHIGH
11838940   CLK_D_idletime
1183893c   CLK_D_isrhook
11838938   CLK_D_tabbeg
11838934   CLK_D_timefxn
00000001   CLK_ENABLEHTIME
c02607e0   CLK_F_gethtime
c025e7a0   CLK_F_getltime
c025e7b0   CLK_F_isr
c025e8f0   CLK_F_itime
c025bf80   CLK_HOOKFXN
00000001   CLK_HTIMEDIV
00000001   CLK_HTIMEMULT
000493e0   CLK_HTIMEPERLTIME
00005dc0   CLK_INPUTCLK
00008000   CLK_INTBIT
00000001   CLK_LTIMEDIV
000493e0   CLK_LTIMEMULT
000003e8   CLK_MICROSECS
00000001   CLK_POWERENABLE
00005dc0   CLK_PRD
00000000   CLK_PRDHIGH
01c21000   CLK_REGS
00000001   CLK_RESETTIMER
11838930   CLK_R_time
00000020   CLK_TCR
00000000   CLK_TDDR
00000000   CLK_TDDRHIGH
c02607e0   CLK_TIMEFXN
00000001   CLK_TIMERNUM
00000005   CLK_TIMMODE
00000001   CLK_USETIMER
11838ffc   CLK_null
00000000   DEV$
00000000   DGN$
00000000   DHL$
00000000   DHL_gChannelsAvailable
00000001   DIO$
00000000   DIO_NUMSWIBASE
00000000   DIO_NUMTSKBASE
00000000   DIO_STATIC
1183a824   DIO_dioAudioIN$device
1183a818   DIO_dioAudioIN$obj
1183a800   DIO_dioAudioOUT$device
1183a7f4   DIO_dioAudioOUT$obj
00000000   DPI$
1183aae8   DVTEvent_Log
11828000   DVTEvent_Log$buf
00000001   DVTEvent_Log$datatype
00000000   DVTEvent_Log$log
00002000   DVTEvent_Log$size
00000001   ECM$
00000001   ECM_ENABLE
ffffffff   ECM_EVTMASK0
ffffffff   ECM_EVTMASK1
ffffffff   ECM_EVTMASK2
ffffffff   ECM_EVTMASK3
0000000a   EVENT10
00000064   EVENT100
00000065   EVENT101
00000066   EVENT102
00000067   EVENT103
00000068   EVENT104
00000069   EVENT105
0000006a   EVENT106
0000006b   EVENT107
0000006c   EVENT108
0000006d   EVENT109
0000000b   EVENT11
0000006e   EVENT110
0000006f   EVENT111
00000070   EVENT112
00000071   EVENT113
00000072   EVENT114
00000073   EVENT115
00000074   EVENT116
00000075   EVENT117
00000076   EVENT118
00000077   EVENT119
0000000c   EVENT12
00000078   EVENT120
00000079   EVENT121
0000007a   EVENT122
0000007b   EVENT123
0000007c   EVENT124
0000007d   EVENT125
0000007e   EVENT126
0000007f   EVENT127
0000000d   EVENT13
0000000e   EVENT14
0000000f   EVENT15
00000010   EVENT16
00000011   EVENT17
00000012   EVENT18
00000013   EVENT19
00000014   EVENT20
00000015   EVENT21
00000016   EVENT22
00000017   EVENT23
00000018   EVENT24
00000019   EVENT25
0000001a   EVENT26
0000001b   EVENT27
0000001c   EVENT28
0000001d   EVENT29
0000001e   EVENT30
0000001f   EVENT31
00000020   EVENT32
00000021   EVENT33
00000022   EVENT34
00000023   EVENT35
00000024   EVENT36
00000025   EVENT37
00000026   EVENT38
00000027   EVENT39
00000004   EVENT4
00000028   EVENT40
00000029   EVENT41
0000002a   EVENT42
0000002b   EVENT43
0000002c   EVENT44
0000002d   EVENT45
0000002e   EVENT46
0000002f   EVENT47
00000030   EVENT48
00000031   EVENT49
00000005   EVENT5
00000032   EVENT50
00000033   EVENT51
00000034   EVENT52
00000035   EVENT53
00000036   EVENT54
00000037   EVENT55
00000038   EVENT56
00000039   EVENT57
0000003a   EVENT58
0000003b   EVENT59
00000006   EVENT6
0000003c   EVENT60
0000003d   EVENT61
0000003e   EVENT62
0000003f   EVENT63
00000040   EVENT64
00000041   EVENT65
00000042   EVENT66
00000043   EVENT67
00000044   EVENT68
00000045   EVENT69
00000007   EVENT7
00000046   EVENT70
00000047   EVENT71
00000048   EVENT72
00000049   EVENT73
0000004a   EVENT74
0000004b   EVENT75
0000004c   EVENT76
0000004d   EVENT77
0000004e   EVENT78
0000004f   EVENT79
00000008   EVENT8
00000050   EVENT80
00000051   EVENT81
00000052   EVENT82
00000053   EVENT83
00000054   EVENT84
00000055   EVENT85
00000056   EVENT86
00000057   EVENT87
00000058   EVENT88
00000059   EVENT89
00000009   EVENT9
0000005a   EVENT90
0000005b   EVENT91
0000005c   EVENT92
0000005d   EVENT93
0000005e   EVENT94
0000005f   EVENT95
00000060   EVENT96
00000061   EVENT97
00000062   EVENT98
00000063   EVENT99
c0260160   FXN_F_nop
c0260164   FXN_F_run
c02601a0   FXN_F_zero
00000001   GBL$
00005205   GBL_A_VERSION
00000000   GBL_BCACHEREADADDR0
00000000   GBL_BCACHEREADADDR1
00000000   GBL_BCACHEREADADDR2
00000000   GBL_BIGENDIAN
00000000   GBL_CACHE
00000000   GBL_CALLCSLCFGINIT
00004e20   GBL_CLKIN
00001a5b   GBL_CLKTYPE
00001a5b   GBL_DSPSUBTYPE
0000003e   GBL_DSPTYPE
00000001   GBL_ENABLEINST
00000000   GBL_ENABLE_SK
00000042   GBL_FOOTPRINT
000493e0   GBL_FREQ
00000000   GBL_GEMTRUECOMPEN
00000007   GBL_L1DMODE
00000007   GBL_L1PMODE
00000001   GBL_L2CONFIGURE
00000000   GBL_L2MAR0_31
0000ffff   GBL_L2MAR128_159
00000000   GBL_L2MAR160_191
00000000   GBL_L2MAR192_223
00000000   GBL_L2MAR224_255
00000000   GBL_L2MAR32_63
00000000   GBL_L2MAR64_95
00000000   GBL_L2MAR96_127
00000000   GBL_L2MODE
00000000   GBL_NULL
00000000   GBL_PROCID
00000000   GBL_ROM
00000000   GBL_SUPPORTCSL
0000dbef   GBL_TRCMASKVALUE
00000000   GBL_USERINIT
c02606e0   GBL_USERINITFXN
00000001   GBL_boot
1183abdc   GBL_initdone
11816c80   GBL_stackbeg
11826c7f   GBL_stackend
00000000   GIO$
c02606e0   GIO_CREATEFXN
c02606e0   GIO_DELETEFXN
c02606e0   GIO_PENDFXN
c02606e0   GIO_POSTFXN
00000000   HOOK$
00000000   HOOK_KNLID
00000001   HST$
1183ab40   HST_A_TABBEG
1183ab7c   HST_A_TABEND
00000000   HST_DSM
ffffffff   HST_DSMBUFSEG
00000400   HST_DSMMEMSIZE
118389ac   HST_D_chanmask
118389b0   HST_D_tabbeg
118389b4   HST_D_tabend
000000ff   HST_MAXFRAMEALLOWED
00000040   HST_MAXFRAMESET
00000000   HST_NONE
00000001   HST_RTDX
00000001   HWI$
c0262000   HWI_A_VECS
00009f88   HWI_CFGDISPATCHED
11838b14   HWI_D_bss
11838b18   HWI_D_ccmask
11838b04   HWI_D_spsave
00000001   HWI_ENABLE_EXC
c025bf80   HWI_F_dispatch
00000000   HWI_GENERATE_RESET_VEC
0000000a   HWI_INT10
00000000   HWI_INT10$hwi
0000000b   HWI_INT11
00000000   HWI_INT11$hwi
0000000c   HWI_INT12
00000000   HWI_INT12$hwi
0000000d   HWI_INT13
00000000   HWI_INT13$hwi
0000000e   HWI_INT14
00000000   HWI_INT14$hwi
0000000f   HWI_INT15
00000000   HWI_INT15$hwi
00000004   HWI_INT4
00000000   HWI_INT4$hwi
00000005   HWI_INT5
00000000   HWI_INT5$hwi
00000006   HWI_INT6
00000000   HWI_INT6$hwi
00000007   HWI_INT7
00000000   HWI_INT7$hwi
00000008   HWI_INT8
00000000   HWI_INT8$hwi
00000009   HWI_INT9
00000000   HWI_INT9$hwi
00060504   HWI_INTRMUX1
0b030201   HWI_INTRMUX2
28040d0c   HWI_INTRMUX3
00000001   HWI_NMI
00000000   HWI_NMI$hwi
00000000   HWI_POLARITYMASK
00000002   HWI_RESERVED0
00000000   HWI_RESERVED0$hwi
00000003   HWI_RESERVED1
00000000   HWI_RESERVED1$hwi
00000000   HWI_RESET
00000000   HWI_RESET$hwi
00000000   HWI_ZEROTAB
00000001   IDL$
1183aba8   IDL_A_CALBEG
11838fe8   IDL_A_TABBEG
00000006   IDL_CALIBRERROR
c0260560   IDL_CALIBRFXN
11838bc8   IDL_D_busyObj
11838920   IDL_D_calbeg
1183891c   IDL_D_calibrate
[...]
118383e4   _ECM_dispatchTab
118387e4   MEM_MALLOCSEG
118387e4   MEM_SEGZERO
118387e4   SDRAM
118387e4   _SDRAM
118387e8   RTA_fromHost$pipe$dtab
118387f4   RTA_toHost$pipe$dtab
11838800   _DEV_devinit
11838814   __DEV_NUMINITFXNS
11838818   _HWI_dispatchTab
11838918   IDL_D_tabbeg
1183891c   IDL_D_calibrate
11838920   IDL_D_calbeg
11838924   LOG_D_system
11838924   _LOG_D_system
11838928   PIP_D_tabbeg
1183892c   PIP_D_tablen
11838930   CLK_R_time
11838934   CLK_D_timefxn
11838938   CLK_D_tabbeg
1183893c   CLK_D_isrhook
11838940   CLK_D_idletime
11838944   _CLK_htimeDiv
11838948   _CLK_htimeMult
1183894c   _CLK_ltimeDiv
11838950   _CLK_ltimeMult
11838954   _CLK_D_dirty
11838958   _CLK_D_prd
1183895c   _CLK_D_tddr
11838960   _CLK_D_countspms
11838964   PRD_D_tick
11838964   _PRD_D_tick
11838968   PRD_D_cur
1183896c   PRD_D_elapsed
11838970   PRD_D_prevtim
11838974   PRD_D_scalar
11838978   PRD_D_swihandle
1183897c   PRD_D_tabbeg
11838980   PRD_D_tablen
11838984   PRD_D_thook
11838988   RTA_D_fromHost
1183898c   RTA_D_toHost
11838990   RTA_D_logval
118389a0   RTA_D_stsval
118389ac   HST_D_chanmask
118389b0   HST_D_tabbeg
118389b4   HST_D_tabend
118389b8   _GBL_procId
118389bc   _GBL_clkIn
118389c0   _GBL_freq
118389c4   _MEM_D_NUMSEGMENTS
118389c8   _MEM_D_memtab
118389cc   _MEM_D_freelist
118389d0   _MEM_D_lockaddr
118389d4   _MEM_D_unlockaddr
118389d8   _SYS
118389dc   __HOOK_knlId
118389e0   __HOOK_NUMHOOKS
118389e4   SWI_D_runaddr
118389e4   _SWI_D_runaddr
118389e4   _SWI_data
118389e8   SWI_D_execaddr
118389e8   _SWI_D_execaddr
118389ec   SWI_D_curmask
118389ec   _SWI_D_curmask
118389f0   SWI_D_curset
118389f0   _SWI_D_curset
118389f4   SWI_D_lock
118389f4   _SWI_D_lock
118389f8   SWI_D_curmbox
118389fc   SWI_D_curfxn
118389fc   _SWI_D_curfxn
11838a00   SWI_D_rdybeg
11838a00   _SWI_D_rdybeg
11838a04   SWI_D_inswi
11838a04   _SWI_D_inswi
11838a08   SWI_D_rdytab
11838a80   _KNL_wFlag
11838a84   _KNL_wList
11838a88   _KNL_alarm
11838a8c   _KNL_setpri
11838a90   _KNL_inactive
11838a94   _KNL_priority
11838a98   _KNL_set
11838a9c   _KNL_curtask
11838aa0   _KNL_prevtask
11838aa4   _KNL_curtime
11838aa8   _KNL_swiptr
11838aac   _KNL_curqueue
11838ab0   _KNL_maxqueue
11838ab4   _KNL_tswitchfxn
11838ab8   _KNL_tcreatefxn
11838abc   _KNL_tdeletefxn
11838ac0   _KNL_treadyfxn
11838ac4   _KNL_idlefxn
11838ac8   _EXC_sysTrapTable
11838ad0   _EXC_returnPtr
11838ae8   _numEdma3EvtQue
11838aec   _numEdma3Tc
11838af0   _ccXferCompInt
11838af4   _ccErrorInt
11838af8   _hwIntXferComp
11838afc   _hwIntCcErr
11838b00   _hwIntTcErr
11838b04   HWI_D_spsave
11838b04   _HWI_D_spsave
11838b04   _HWI_data
11838b10   _HWI_D_inhwi
11838b14   HWI_D_bss
11838b18   HWI_D_ccmask
11838b1c   LNK_dspFrameRequestMask
11838b1c   _LNK_dspFrameRequestMask
11838b20   LNK_dspFrameReadyMask
11838b20   _LNK_dspFrameReadyMask
11838b24   LNK_readPend
11838b24   _LNK_readPend
11838b28   LNK_readDone
11838b28   _LNK_readDone
11838b2c   LNK_readFail
11838b2c   _LNK_readFail
11838b30   LNK_writeFail
11838b30   _LNK_writeFail
11838b3c   _overallError
11838b4c   _EDMA3_MAX_RM_INSTANCES
11838b50   _resMgrInstance
11838b54   _userInitConfig
11838b58   _ptrRMIArray
11838b5c   _ptrInitCfgArray
11838b60   _EXC_exceptionHook
11838b64   _EXC_internalHook
11838b68   _EXC_externalHook
11838b6c   _EXC_nmiHook
11838b78   _rtdxNullChanCnt
11838b7c   _rtdxNullFuncCnt
11838b80   _rtdxXmtNotDoneCnt
11838b84   _rtdxRecNotDoneCnt
11838b88   _rtdxXmtRestartCnt
11838b8c   _rtdxXmtErrorCnt
11838b90   _TSK_nTasks
11838b94   _TSK_pid
11838b98   _TSK
11838ba0   _edma3NumPaRAMSets
11838ba8   _CLK_DFLTMICROSECS
11838bac   _CLK_D_microseconds
11838bb0   _SYS_exitStackPtr
11838bb4   _SYS_exitStackTop
11838bb8   _hEdma
11838bbc   _semHandle
11838bc0   _CLK_htimePerLtime
11838bc4   __DEV_D_NUMINITFXNS
11838bc8   IDL_D_busyObj
11838bcc   _MEM
11838bd8   TSK_idle$stack
11838bd8   ___end__
11838bd8   end
11838f70   TSK_idle$stkptr
11838fd8   RTA_fromHost$buf
11838fe8   IDL_A_TABBEG
11838fe8   IDL_cpuLoad
11838fe8   _IDL_cpuLoad
11838fec   LNK_dataPump
11838fec   _LNK_dataPump
11838ff0   RTA_dispatcher
11838ff0   _RTA_dispatcher
11838ff4   IDL_END
11838ff8   CLK_A_TABBEG
11838ff8   PRD_clock
11838ff8   _PRD_clock
11838ffc   CLK_null
11839000   trace$buf
1183a080   _RTDX_Buffer
1183a488   _RTDX_Buffer_Start
1183a48c   _RTDX_Buffer_End
1183a490   _rtdx_mon_state
1183a4d4   _rtdx_buffer_state
1183a4e0   _RTDX_writing
1183a4f4   _SYS_PUTCBEG
1183a6f3   _SYS_PUTCEND
1183a6f4   RTA_toHost$buf
1183a7f4   DIO_dioAudioOUT$obj
1183a800   DIO_dioAudioOUT$device
1183a818   DIO_dioAudioIN$obj
1183a824   DIO_dioAudioIN$device
1183a83c   UDEV_aic310$obj
1183a848   UDEV_aic310$device
1183a860   UDEV_audio0$obj
1183a86c   UDEV_audio0$device
1183a884   UDEV_mcasp1$obj
1183a890   UDEV_mcasp1$device
1183a8a8   UDEV_i2c0$obj
1183a8b4   UDEV_i2c0$device
1183a8cc   PIP_A_TABBEG
1183a8cc   RTA_fromHost$pipe
1183a8cc   _PIP_A_TABBEG
1183a8d0   RTA_fromHost$pipe$rd
1183a8fc   RTA_fromHost$pipe$aaa
1183a900   RTA_fromHost$pipe$wr
1183a92c   RTA_fromHost$pipe$bbb
1183a930   RTA_toHost$pipe
1183a934   RTA_toHost$pipe$rd
1183a960   RTA_toHost$pipe$aaa
1183a964   RTA_toHost$pipe$wr
1183a990   RTA_toHost$pipe$bbb
1183a994   PIP_A_TABEND
1183a994   _PIP_A_TABEND
1183a9a0   TSK_idle
1183a9a0   _TSK_idle
1183aa00   _echoTask
1183aa00   echoTask
1183aab8   LOG_A_TABBEG
1183aab8   LOG_system
1183aab8   _LOG_A_TABBEG
1183aab8   _LOG_system
1183aad0   _trace
1183aad0   trace
1183aae8   DVTEvent_Log
1183aae8   _DVTEvent_Log
1183ab00   KNL_swi$sts$stsobj
1183ab00   LOG_A_TABEND
1183ab00   STS_A_TABBEG
1183ab00   _LOG_A_TABEND
1183ab00   _STS_A_TABBEG
1183ab04   KNL_swi$sts
1183ab10   TSK_idle$sts$stsobj
1183ab14   TSK_idle$sts
1183ab20   echoTask$sts$stsobj
1183ab24   echoTask$sts
1183ab30   IDL_busyObj$stsobj
1183ab34   IDL_busyObj
1183ab34   _IDL_busyObj
1183ab40   HST_A_TABBEG
1183ab40   STS_A_TABEND
1183ab40   _HST_A_TABBEG
1183ab40   _STS_A_TABEND
1183ab44   RTA_fromHost
1183ab44   _RTA_fromHost
1183ab4c   RTA_fromHost$rtdx
1183ab60   RTA_toHost
1183ab60   _RTA_toHost
1183ab68   RTA_toHost$rtdx
1183ab7c   HST_A_TABEND
1183ab7c   KNL_swi
1183ab7c   SWI_A_TABBEG
1183ab7c   _HST_A_TABEND
1183ab7c   _KNL_swi
1183aba8   IDL_A_CALBEG
1183aba8   IDL_cpuLoad$
1183aba8   SWI_A_TABEND
1183abac   LNK_dataPump$
1183abb0   RTA_dispatcher$
1183abb4   IDL_END$
1183abb8   SYS$config
1183abc8   ___pinit__
1183abc8   pinit
1183abd4   TRC_cinit
1183abd8   TRC_R_mask
1183abd8   _TRC_R_mask
1183abdc   GBL_initdone
28040d0c   HWI_INTRMUX3
c0000000   _delay_buffer
c0056220   _sdram_buffer
c0205220   SDRAM$B
c0205220   _SDRAM_base
c0235220   .text
c0235220   _EDMA3_RM_create
c0235220   ___text__
c0235704   _EDMA3_RM_delete
c0235850   _EDMA3_RM_open
c0235f4c   _EDMA3_RM_close
c0236198   _EDMA3_RM_allocResource
c0236e04   _EDMA3_RM_freeResource
c0237380   _EDMA3_RM_allocLogicalChannel
c0237f24   _EDMA3_RM_freeLogicalChannel
c0238630   _EDMA3_RM_mapEdmaChannel
c0238800   _EDMA3_RM_mapQdmaChannel
c0238a28   _EDMA3_RM_registerTccCb
c0238c14   _EDMA3_RM_unregisterTccCb
c0238de0   _EDMA3_RM_allocContiguousResource
c02397f8   _EDMA3_RM_freeContiguousResource
c0239964   _EDMA3_RM_setCCRegister
c0239a2c   _EDMA3_RM_getCCRegister
c0239ad0   _EDMA3_RM_waitAndClearTcc
c0239c24   _EDMA3_RM_checkAndClearTcc
c0239d74   _EDMA3_RM_setPaRAM
c0239f90   _EDMA3_RM_getPaRAM
c023a1ac   _EDMA3_RM_getPaRAMPhyAddr
c023a3c4   _EDMA3_RM_getBaseAddress
c023a48c   _EDMA3_RM_getGblConfigParams
c023a4f8   _EDMA3_RM_getInstanceInitCfg
c023a628   _EDMA3_RM_Ioctl
c023aa78   _lisrEdma3ComplHandler0
c023b1c8   _lisrEdma3CCErrHandler0
c023b640   _lisrEdma3TC0ErrHandler0
c023b674   _lisrEdma3TC1ErrHandler0
c023b6ac   _lisrEdma3TC2ErrHandler0
c023b6e0   _lisrEdma3TC3ErrHandler0
c023b714   _lisrEdma3TC4ErrHandler0
c023b74c   _lisrEdma3TC5ErrHandler0
c023b780   _lisrEdma3TC6ErrHandler0
c023b7b4   _lisrEdma3TC7ErrHandler0
c023bcc0   _edma3MemSet
c023bd4c   _edma3MemCpy
c023c840   _EDMA3_DRV_requestChannel
c023d1f4   _EDMA3_DRV_freeChannel
c023d570   _EDMA3_DRV_clearErrorBits
c023d774   _EDMA3_DRV_setOptField
c023da30   _EDMA3_DRV_getOptField
c023dc44   _EDMA3_DRV_setSrcParams
c023df10   _EDMA3_DRV_setDestParams
c023e1e0   _EDMA3_DRV_setSrcIndex
c023e3a8   _EDMA3_DRV_setDestIndex
c023e574   _EDMA3_DRV_setTransferParams
c023e7c0   _EDMA3_DRV_enableTransfer
c023eaec   _EDMA3_DRV_disableTransfer
c023f1e0   _EDMA3_DRV_linkChannel
c023f418   _EDMA3_DRV_unlinkChannel
c023f548   _EDMA3_DRV_chainChannel
c023f780   _EDMA3_DRV_unchainChannel
c023f8ac   _EDMA3_DRV_setQdmaTrigWord
c023f9b8   _EDMA3_DRV_setPaRAM
c023fad0   _EDMA3_DRV_getPaRAM
c023fbe8   _EDMA3_DRV_setPaRAMEntry
c023fd0c   _EDMA3_DRV_getPaRAMEntry
c023fe44   _EDMA3_DRV_setPaRAMField
c0240304   _EDMA3_DRV_getPaRAMField
c0240644   _EDMA3_DRV_setEvtQPriority
c02407d8   _EDMA3_DRV_mapChToEvtQ
c02409d0   _EDMA3_DRV_getMapChToEvtQ
c0240b0c   _EDMA3_DRV_setCCRegister
c0240be0   _EDMA3_DRV_getCCRegister
c0240c88   _EDMA3_DRV_waitAndClearTcc
c0240dd8   _EDMA3_DRV_checkAndClearTcc
c0240f30   _EDMA3_DRV_getPaRAMPhyAddr
c0241038   _EDMA3_DRV_Ioctl
c0241110   _EDMA3_DRV_getInstHandle
c0241200   _Mcasp_localSubmitIoctl
c0242e00   _EDMA3_DRV_create
c0243190   _EDMA3_DRV_delete
c02432e0   _EDMA3_DRV_open
c02435a4   _EDMA3_DRV_close
c0243a80   _main
c0243a8c   _Audio_Task
c0243e28   _Passthrough
c0243e90   _Sine
c0243fa8   _Square
c0244080   _Triangle
c024418c   _FIR_Filter
c02442c4   _MuLawEncode
c0244388   _MuLawDecode
c0244404   _Compare
c02444a0   _Echo
c0245080   _Mcasp_localEdmaCallback
c0245d40   __divd
c0246860   _Mcasp_localEdmaChanPaRAMsetup
c02472e0   _Mcasp_localAbortReset
c0247800   _Mcasp_init
c02486e0   _Mcasp_localGetIndicesSyncType
c0249460   _Mcasp_localConfigXmtSection
c02498c0   __printfi
c0249d00   _Mcasp_localConfigRcvSection
c024a960   _Mcasp_localSetupHwInfo
c024bc80   _Mcasp_localUpdtDtPktToLnkPrms
c024cd80   _mcaspIsrOutput
c024d0c0   _edma3OsProtectEntry
c024d178   _edma3OsProtectExit
c024d20c   _Edma3_CacheInvalidate
c024d24c   _Edma3_CacheFlush
c024d28c   _edma3OsSemCreate
c024d2ec   _edma3OsSemDelete
c024d328   _edma3OsSemTake
c024d394   _edma3OsSemGive
c024d400   _edma3init
c024d4f4   _registerEdma3Interrupts
c024d648   _edma3deinit
c024d6c4   _unregisterEdma3Interrupts
c024da60   _mcaspIsrInput
c024dd80   _fputs
c024e920   _I2c_localEdmaTransfer
c024fec0   _sin
c0250140   _DIO_tskReclaim
c0250168   _DIO_tskReady
c0250184   _DIO_tskIssue
c025022c   _DIO_tskIdle
c0250320   _DIO_tskCallback
c02503c0   __divull
c0251440   _I2c_localPrepareForTransfer
c0251660   _Mcasp_localSetupEdmaDuringOpen
c0253480   __divul
c0253960   _HOSTrename
c0253ae0   _I2c_localEnsureIsReadyforNext
c0253c60   _Mcasp_localEdmaProcessPkt
c0253de0   _Psc_ModuleClkCtrl
c02549e0   _setvbuf
c0254b60   _I2c_localGetNextChannel
c02555e0   _fputc
c02555e0   _putc
c0255d60   _I2c_localEdmaChanRequest
c0255e80   _Mcasp_localCancelAndAbortAllIo
c0255fa0   _Mcasp_localResetXmt
c02560c0   _fclose
c0256300   _HOSTlseek
c0256400   _I2c_init
c0256700   _Mcasp_localResetRcv
c0256900   __wrt_ok
c0256a00   _call_dtors
c0256b00   _fflush
c0257300   _audioUserAic31Init
c0257350   _audioUserMcaspInit
c025738c   _audioUserAudioInit
c0257400   _HOSTopen
c02574e0   _Mcasp_localAbortRequests
c02575c0   _Mcasp_localCompleteCurrentIo
c02576a0   _Mcasp_localSmReset
c0257780   _Mcasp_localSmSet
c0257860   _atoi
c0257a20   _close
c0257da0   _memset
c0257e80   _HOSTread
c0257f40   _HOSTunlink
c0258000   _HOSTwrite
c02580c0   __cleanup
c0258240   __c6xabi_divu
c0258240   __divu
c0258300   __doflush
c02583c0   _atexit
c0258480   _fseek
c0258600   _lseek
c02586c0   _ltoa
c0258b40   _write
c0258cc0   _Aic31_init
c0258d60   _HOSTclose
c0258e00   _Mcasp_localActivateSmFsForBoth
c0258ea0   __divli
c0259080   __fixdli
c0259120   __nround
c0259260   __c6xabi_remu
c0259260   __remu
c02599e0   _memcpy
c0259a80   _modf
c0259b20   _Mcasp_localActivateSmFsForRcv
c0259ba0   _Mcasp_localActivateSmFsForXmt
c0259c20   __fixdu
c0259ca0   __fltlid
c0259d20   __llshl
c0259da0   _audioUserI2cInit
c0259e20   _configureAudio
c0259ea0   _fprintf
c025a120   _printf
c025a1a0   _readmsg
c025a220   _unlink
c025a2a0   _Audio_init
c025a300   _Mcasp_localGetNextIndex
c025a360   __abort_msg
c025a3c0   __subcull
c025a480   _memccpy
c025a4e0   _writemsg
c025a538   C$$IO$$
c025a540   ___add_dtor
c025a580   ___isinf
c025a600   __frcmpyd_div
c025a640   __llshru
c025a680   __remli
c025a6c0   __c6xabi_strasgi_64plus
c025a6c0   __strasgi_64plus
c025a700   _DIO_ctrl
c025a740   __negll
c025a760   __nop
c025a800   __register_lock
c025a820   __register_unlock
c025a840   __trunc
c025a860   C$$EXIT
c025a860   _abort
c025a8c0   _mcaspIsr
c025a8e0   _remove
c025acc0   ___etext__
c025acc0   etext
c025ada0   _SYS_vsprintf
c025b3c0   _SYS_vprintf
c025b3cc   _SYS_sprintf
c025b400   _SYS_printf
c025b440   LNK_F_checkBufferCall
c025b460   LNK_F_getChanPtr
c025b4b8   LNK_F_init
c025b4c0   LNK_F_dataPump
c025b4d0   LNK_rcloop
c025b594   LNK_rdrtry
c025b5a4   LNK_rrloop
c025b664   LNK_wrrtry
c025b670   LNK_wrloop
c025b740   LNK_newin
c025b874   LNK_newout
c025b9c8   LNK_F_readCallBack
c025ba00   _EXC_nmi
c025ba34   _EXC_internal
c025bce0   _EXC_init
c025bd20   _EXC_getLastStatus
c025bd40   _EXC_external
c025bd74   _EXC_exceptionHandler
c025bf50   _EXC_clearLastStatus
c025bf80   CLK_HOOKFXN
c025bf80   HWI_F_dispatch
c025bf80   _HWI_F_dispatch
c025bf80   __HWI_lat1beg
c025c108   __HWI_lat1end
c025c108   __HWI_lat2beg
c025c270   __HWI_lat2end2
c025c2a0   __HWI_lat3end2
c025c2e4   __HWI_lat2end1
c025c300   __HWI_lat3beg
c025c460   SWI_F_enable
c025c460   __SWI_lat3beg
c025c4cc   __SWI_lat3end
c025c4d0   SWI_F_post
c025c4d0   _SWI_post
c025c5d8   __SWI_lat1beg
c025c644   SWI_EXECFXN
c025c644   SWI_F_exec
c025c66c   SWI_F_iexec
c025c684   __SWI_lat1end
c025c688   __SWI_lat2beg
c025c6e8   __SWI_lat2end
c025c6ec   SWI_F_run
c025c6ec   SWI_RUNFXN
c025c920   PRD_F_swi
c025cba4   PRD_F_tick
c025cca0   _SIO_create
c025cfc0   _free
c025cfe4   _malloc
c025d044   _realloc
c025d128   _memalign
c025d1ec   _calloc
c025d240   RTA_F_getlog
c025d278   RTA_F_getsts
c025d2b8   RTA_F_readblk
c025d2d4   RTA_F_writeword
c025d2e0   RTA_F_resetmem
c025d2e0   __RTA_lat1beg
c025d314   __RTA_lat1end
c025d320   RTA_F_dispatch
c025d36c   RTA_execute
c025d4c0   _KNL_run
c025d700   _MEM_alloc
c025dad4   PRD_THOOKFXN
c025dad4   _KNL_tick
c025db00   _MEM_free
c025dce0   _EXC_dispatch
c025dea4   _EXC_setReturnPtr
c025dec0   PIP_F_take
c025df38   PIP_F_give
c025df38   PIP_F_probe
c025e008   PIP_F_start
c025e0a0   _SEM_pendEnterKnl
c025e280   _SIO_delete
c025e460   __SEM_dopost
c025e600   _TSK_setup
c025e7a0   CLK_F_getltime
c025e7b0   CLK_F_isr
c025e8f0   CLK_F_itime
c025e8f0   _CLK_F_itime
c025e8f0   _CLK_itime
c025e910   __CLK_lat1beg
c025e930   __CLK_lat1end
c025e940   _KNL_saveIsrFrame
c025e9ec   _KNL_switch
c025ea98   KNL_glue
c025ebf0   _BCACHE_wbInv
c025ec04   _BCACHE_wb
c025ec14   _BCACHE_inv
c025ec40   __auto_init
c025ed80   _TSK_exit
c025eec0   _BCACHE_setSize
c025ef04   _BCACHE_setMar
c025ef54   _BCACHE_setCacheToSram
c025ef84   _BCACHE_getSize
c025efd4   _BCACHE_getMar
c025f068   _GBL_cacheInit64P
c025f120   _KNL_check
c025f16c   __KNL_lat1beg
c025f1e8   _KNL_idle
c025f1e8   __KNL_lat1end
c025f210   _KNL_max
c025f2e4   _TSK_startup
c025f360   _ECM_dispatch
c025f460   _SEM_post
c025f460   _SEM_postBinary
c025f540   _DEV_match
c025f600   _KNL_exit
c025f640   _KNL_enter
c025f6c0   _SIO_reclaim
c025f780   _DEV_mkframe
c025f820   _OBJ_create
c025f8c0   _SEM_postEnterKnl
c025f960   _SWI_setattrs
c025fa00   _SYS_exit
c025faa0   LOG_F_event
c025faa0   _LOG_event
c025faa0   __LOG_lat1beg
c025fb40   _ATM_andi
c025fb40   _ATM_andu
c025fb50   _ATM_cleari
c025fb50   _ATM_clearu
c025fb60   _ATM_deci
c025fb60   _ATM_decu
c025fb70   _ATM_inci
c025fb70   _ATM_incu
c025fb84   _ATM_ori
c025fb84   _ATM_oru
c025fb94   _ATM_seti
c025fb94   _ATM_setu
c025fbc0   _KNL_ipost
c025fc40   _KNL_post
c025fcc0   _LCK_post
c025fce0   _LCK_pend
c025fd40   _SEM_create
c025fdc0   _SWI_create
c025fe40   _TSK_enable
c025fe64   _TSK_disable
c025fec0   _BCACHE_wait
c025ff40   IDL_F_calibrate
c025ffc0   _SIO_issue
c0260040   _MEM_valloc
c02600a0   _SYS_error
c0260100   _DEV_rmframe
c0260160   FXN_F_nop
c0260164   FXN_F_run
c0260164   _FXN_F_run
c02601a0   FXN_F_zero
c02601a0   _FXN_F_zero
c02601c0   _HWI_disable
c02601d8   _HWI_enable
c02601ec   _HWI_restore
c0260220   IDL_F_busy
c0260220   __IDL_lat1beg
c0260260   __IDL_lat1end
c0260280   _OBJ_delete
c02602e0   _SEM_pend
c0260340   STS_F_delta
c0260340   _STS_delta
c026036c   STS_F_add
c026036c   _STS_add
c0260388   STS_F_reset
c0260388   _STS_reset
c02603a0   _SYS_abort
c0260400   _CLK_measure
c0260460   _C62_disableIER
c0260460   _C64_disableIER
c0260478   _C62_enableIER
c0260478   _C64_enableIER
c026048c   _C62_clearIFR
c026048c   _C64_clearIFR
c02604a0   _ECM_disableEvent
c02604e0   _ECM_dispatchPlug
c0260520   _ECM_enableEvent
c0260560   IDL_CALIBRFXN
c0260560   IDL_F_stub
c02605a0   _QUE_create
c02605e0   _QUE_get
c02605e0   __QUE_lat1beg
c0260600   __QUE_lat1end
c0260608   _QUE_put
c0260608   __QUE_lat2beg
c0260614   __QUE_lat2end
c0260620   RTA_F_andn
c0260638   RTA_F_or
c0260660   SYS_ABORTFXN
c0260660   _UTL_doAbort
c02606a0   SYS_PUTCFXN
c02606a0   _UTL_doPutc
c02606e0   GBL_USERINITFXN
c02606e0   GIO_CREATEFXN
c02606e0   GIO_DELETEFXN
c02606e0   GIO_PENDFXN
c02606e0   GIO_POSTFXN
c02606e0   TSK_VCREATEFXN
c02606e0   TSK_VDELETEFXN
c02606e0   TSK_VEXITFXN
c02606e0   _BCACHE_bootInit
c02606e0   _FXN_F_nop
c0260700   _GBL_getVersion
c0260720   IDL_F_loop
c0260720   _IDL_loop
c0260740   _SEM_delete
c0260760   _STS_set
c0260780   _SYS_zero
c0260788   _SYS_one
c02607a0   SYS_ERRORFXN
c02607a0   _UTL_doError
c02607c0   SYS_EXITFXN
c02607c0   _UTL_halt
c02607e0   CLK_F_gethtime
c02607e0   CLK_TIMEFXN
c02607e0   _CLK_gethtime
c0260800   _HSRTDX_rec
c0260aa0   _RTDX_Buffer_WriteCB
c0260f60   _HSRTDX_xmt
c0261260   _RTDX_Mon_Queue
c02614c0   _RTDX_Poll
c0261560   _RTDX_Final_RT_Monitor
c02615e0   _RTDX_Buffer_Initialize
c0261640   _RTDX_Init_RT_Monitor
c02616a0   _RTDX_Buffer_ReadCB
c02616e0   _RTDX_Buffer_Size
c0261720   _RTDX_memfill
c0261760   _RTDX_Buffer_Read
c0261780   _RTDX_Buffer_Write
c02617a0   _RTDX_Mask_IER
c02617c0   BIOS_init
c02617c0   _BIOS_init
c0261944   BIOS$$CLKON
c0261984   BIOS$$CLKOFF
c0261a40   BIOS_start
c0261a40   _BIOS_start
c0261b80   _DEV_init
c0261c80   _c_int00
c0261d40   _MEM_init
c0261e00   _TSK_init
c0261e60   _DIO_init
c0262000   HWI_A_VECS
c0262000   hwi0
c0262020   hwi1
c0262040   hwi2
c0262060   hwi3
c0262080   hwi4
c02620a0   hwi5
c02620c0   hwi6
c02620e0   hwi7
c0262100   hwi8
c0262120   hwi9
c0262140   hwi10
c0262160   hwi11
c0262180   hwi12
c02621a0   hwi13
c02621c0   hwi14
c02621e0   hwi15
ffffffff   CACHE_L1D
ffffffff   CACHE_L1P
ffffffff   ECM_EVTMASK0
ffffffff   ECM_EVTMASK1
ffffffff   ECM_EVTMASK2
ffffffff   ECM_EVTMASK3
ffffffff   HST_DSMBUFSEG
ffffffff   IRAM
ffffffff   L3_CBA_RAM
ffffffff   RTDX_DATAMEMSEG
ffffffff   _CACHE_L1D
ffffffff   _CACHE_L1P
ffffffff   _IRAM
ffffffff   _L3_CBA_RAM
ffffffff   ___TI_pprof_out_hndl
ffffffff   ___TI_prof_data_size
ffffffff   ___TI_prof_data_start
ffffffff   ___binit__
ffffffff   ___c_args__
ffffffff   binit

[1359 symbols]
