******************************************************************************
               TMS320C6x Linker PC v7.3.4                      
******************************************************************************
>> Linked Fri Aug 31 15:05:45 2012

OUTPUT FILE NAME:   <Lab1.out>
ENTRY POINT SYMBOL: "_c_int00"  address: c005c020


MEMORY CONFIGURATION

         name            origin    length      used     unused   attr    fill
----------------------  --------  ---------  --------  --------  ----  --------
  IRAM                  11800000   00040000  00038735  000078cb  RWIX
  CACHE_L1P             11e00000   00008000  00000000  00008000  RWIX
  CACHE_L1D             11f00000   00008000  00000000  00008000  RWIX
  L3_CBA_RAM            80000000   00020000  00000000  00020000  RWIX
  SDRAM                 c0000000   04000000  0005c420  03fa3be0  RWIX


SECTION ALLOCATION MAP

 output                                  attributes/
section   page    origin      length       input sections
--------  ----  ----------  ----------   ----------------
.vers      0    00000000    00000040     COPY SECTION
                  00000000    00000040     audioSamplecfg.obj (.vers)

.prd       0    11800000    00000000     UNINITIALIZED

.far       0    11800000    00014da4     UNINITIALIZED
                  11800000    0000637c     ti.pspiom.mcasp.a674 : Mcasp.obj (.far)
                  1180637c    00000004     bios.a674 : que_crea.o674 (.far)
                  11806380    00004900     edma3_drv_bios_c674.lib : edma3_drv_init.obj (.far)
                  1180ac80    000041d8     audioSample_io.obj (.far)
                  1180ee58    00002dc8     edma3_rm_bios.lib : edma3resmgr.obj (.far)
                  11811c20    00001280                       : edma3_rm_gbl_data.obj (.far)
                  11812ea0    00000ae8                       : edma3_c6747_cfg.obj (.far)
                  11813988    0000039c     edma3_drv_bios_sample.lib : bios_edma3_drv_sample_c6747_cfg.obj (.far)
                  11813d24    00000004     bios6747.a674 : bcache_wait.o674 (.far)
                  11813d28    00000324     rts6740.lib : defs.obj (.far)
                  1181404c    00000004     bios6747.a674 : clk_data.o674 (.far)
                  11814050    000002b8     ti.pspiom.i2c.a674 : I2c.obj (.far)
                  11814308    000001ac     ti.pspiom.platforms.codec.a674 : Aic31.obj (.far)
                  118144b4    00000004     rts6740.lib : fopen.obj (.far)
                  118144b8    00000188                 : atexit.obj (.far)
                  11814640    0000016c     ti.pspiom.platforms.evm6747.audio.a674 : Audio.obj (.far)
                  118147ac    00000004     rts6740.lib : sinit.obj (.far)
                  118147b0    0000011c                 : lowlev.obj (.far)
                  118148cc    000000f8     audioSample_main.obj (.far)
                  118149c4    00000004     --HOLE--
                  118149c8    000000d8     bios.a674 : knl.o674 (.far)
                  11814aa0    000000d0     rts6740.lib : trgdrv.obj (.far)
                  11814b70    0000005c     bios.a674 : tsk.o674 (.far)
                  11814bcc    00000004     --HOLE--
                  11814bd0    00000054               : obj_init.o674 (.far)
                  11814c24    00000050               : tsk_stup.o674 (.far)
                  11814c74    00000024     ti.pspiom.platforms.evm6747.evmInit.a674 : audio_evmInit.obj (.far)
                  11814c98    00000020     bios.a674 : sys.o674 (.far)
                  11814cb8    00000020     edma3_drv_bios_sample.lib : bios_edma3_drv_sample_init.obj (.far)
                  11814cd8    0000001c     drivers.a674 : dio_tskDynamic.o674 (.far)
                  11814cf4    0000001c     sioboth.a674 : sio.o674 (.far)
                  11814d10    00000018     rtdx64xplus.lib : rtdx_mon.o64P (.far)
                  11814d28    00000014     bios.a674 : swi_seta.o674 (.far)
                  11814d3c    00000010               : exc.o674 (.far)
                  11814d4c    00000010               : knl_tick.o674 (.far)
                  11814d5c    00000004     --HOLE--
                  11814d60    00000010     rts6740.lib : sinf.obj (.far)
                  11814d70    0000000c     bios.a674 : utl_putc.o674 (.far)
                  11814d7c    0000000c     rts6740.lib : exit.obj (.far)
                  11814d88    00000008     bios.a674 : ecm_dispatch.o674 (.far)
                  11814d90    00000008               : sem_crea.o674 (.far)
                  11814d98    00000008     rts6740.lib : _lock.obj (.far)
                  11814da0    00000004     bios.a674 : dev_init.o674 (.far)

.data      0    11800000    00000000     UNINITIALIZED

.args      0    11814da4    00000004     
                  11814da4    00000004     --HOLE-- [fill = 0]

.stack     0    11814da8    00010000     UNINITIALIZED
                  11814da8    00010000     --HOLE--

.cinit     0    11824da8    00002814     
                  11824da8    000010dc     audioSamplecfg.obj (.cinit)
                  11825e84    00000004     --HOLE-- [fill = 0]
                  11825e88    00000588     edma3_rm_bios.lib : edma3_c6747_cfg.obj (.cinit)
                  11826410    00000428     edma3_drv_bios_sample.lib : bios_edma3_drv_sample_c6747_cfg.obj (.cinit)
                  11826838    0000026c     bios.a674 : biosdata.o674 (.cinit)
                  11826aa4    00000004     --HOLE-- [fill = 0]
                  11826aa8    000001a4               : knl.o674 (.cinit)
                  11826c4c    00000004     --HOLE-- [fill = 0]
                  11826c50    00000124     audioSample_io.obj (.cinit)
                  11826d74    00000004     --HOLE-- [fill = 0]
                  11826d78    000000b0     bios.a674 : swi.o674 (.cinit)
                  11826e28    00000080               : tsk.o674 (.cinit)
                  11826ea8    0000007a     edma3_rm_bios.lib : edma3resmgr.obj (.cinit)
                  11826f22    00000006     --HOLE-- [fill = 0]
                  11826f28    00000068     rtdx64xplus.lib : rtdx_mon.o64P (.cinit)
                  11826f90    00000060     bios.a674 : tsk_stup.o674 (.cinit)
                  11826ff0    0000005c     lnkrtdx.a674 : rtdx.o674 (.cinit)
                  1182704c    00000004     --HOLE-- [fill = 0]
                  11827050    0000005c     rts6740.lib : defs.obj (.cinit)
                  118270ac    00000004     --HOLE-- [fill = 0]
                  118270b0    0000005c                 : lowlev.obj (.cinit)
                  1182710c    00000004     --HOLE-- [fill = 0]
                  11827110    0000004c     bios.a674 : rta.o674 (.cinit)
                  1182715c    00000004     --HOLE-- [fill = 0]
                  11827160    0000004c     edma3_rm_bios.lib : edma3_rm_gbl_data.obj (.cinit)
                  118271ac    00000004     --HOLE-- [fill = 0]
                  118271b0    0000004c     rtdx64xplus.lib : buffer1.o64P (.cinit)
                  118271fc    00000004     --HOLE-- [fill = 0]
                  11827200    00000048     edma3_drv_bios_sample.lib : bios_edma3_drv_sample_init.obj (.cinit)
                  11827248    0000003c     bios.a674 : exc.o674 (.cinit)
                  11827284    00000004     --HOLE-- [fill = 0]
                  11827288    0000003c     ti.pspiom.mcasp.a674 : Mcasp.obj (.cinit)
                  118272c4    00000004     --HOLE-- [fill = 0]
                  118272c8    00000034     bios.a674 : hwi.o674 (.cinit)
                  118272fc    00000004     --HOLE-- [fill = 0]
                  11827300    00000030     ti.pspiom.platforms.codec.a674 : Aic31.obj (.cinit)
                  11827330    00000030     ti.pspiom.platforms.evm6747.audio.a674 : Audio.obj (.cinit)
                  11827360    0000002c     bios.a674 : utl_putc.o674 (.cinit)
                  1182738c    00000004     --HOLE-- [fill = 0]
                  11827390    0000002c     rts6740.lib : exit.obj (.cinit)
                  118273bc    00000004     --HOLE-- [fill = 0]
                  118273c0    00000024     bios.a674 : obj_init.o674 (.cinit)
                  118273e4    00000004     --HOLE-- [fill = 0]
                  118273e8    00000024     drivers.a674 : dio_tskDynamic.o674 (.cinit)
                  1182740c    00000004     --HOLE-- [fill = 0]
                  11827410    00000024     sioboth.a674 : sio.o674 (.cinit)
                  11827434    00000004     --HOLE-- [fill = 0]
                  11827438    0000001c     bios.a674 : exc_asm.o674 (.cinit)
                  11827454    00000004     --HOLE-- [fill = 0]
                  11827458    0000001c               : swi_seta.o674 (.cinit)
                  11827474    00000004     --HOLE-- [fill = 0]
                  11827478    0000001c               : sys.o674 (.cinit)
                  11827494    00000004     --HOLE-- [fill = 0]
                  11827498    0000001c     rts6740.lib : _lock.obj (.cinit)
                  118274b4    00000004     --HOLE-- [fill = 0]
                  118274b8    0000001c                 : atexit.obj (.cinit)
                  118274d4    00000004     --HOLE-- [fill = 0]
                  118274d8    00000018     bios.a674 : knl_tick.o674 (.cinit)
                  118274f0    00000018     rts6740.lib : sinf.obj (.cinit)
                  11827508    00000010     bios.a674 : sem_crea.o674 (.cinit)
                  11827518    0000000e               : ecm_dispatch.o674 (.cinit)
                  11827526    00000002     --HOLE-- [fill = 0]
                  11827528    0000000c               : idl_busy.o674 (.cinit)
                  11827534    00000004     --HOLE-- [fill = 0]
                  11827538    0000000c               : knl_swit.o674 (.cinit)
                  11827544    00000004     --HOLE-- [fill = 0]
                  11827548    0000000c               : que_crea.o674 (.cinit)
                  11827554    00000004     --HOLE-- [fill = 0]
                  11827558    0000000c               : tsk_disa.o674 (.cinit)
                  11827564    00000004     --HOLE-- [fill = 0]
                  11827568    0000000c     bios6747.a674 : bcache_wait.o674 (.cinit)
                  11827574    00000004     --HOLE-- [fill = 0]
                  11827578    0000000c     rts6740.lib : fopen.obj (.cinit)
                  11827584    00000004     --HOLE-- [fill = 0]
                  11827588    0000000c                 : sinit.obj (.cinit)
                  11827594    00000004     --HOLE-- [fill = 0]
                  11827598    0000000c     ti.pspiom.i2c.a674 : I2c.obj (.cinit)
                  118275a4    00000004     --HOLE-- [fill = 0]
                  118275a8    0000000a     edma3_drv_bios_c674.lib : edma3_drv_init.obj (.cinit)
                  118275b2    00000006     --HOLE-- [fill = 0]
                  118275b8    00000004     (.pad.cinit) [fill = 0]

.mem       0    118275bc    00000004     UNINITIALIZED
                  118275bc    00000004     audioSamplecfg.obj (.mem)

.bss       0    118275c0    000007f0     UNINITIALIZED
                  118275c0    00000440     audioSamplecfg.obj (.bss)
                  11827a00    00000100     bios.a674 : hwi_disp_asm.o674 (.bss)
                  11827b00    000000cc               : biosdata.o674 (.bss)
                  11827bcc    0000009c               : swi.o674 (.bss)
                  11827c68    00000048               : knl.o674 (.bss)
                  11827cb0    00000020               : exc_asm.o674 (.bss)
                  11827cd0    0000001c     edma3_drv_bios_sample.lib : bios_edma3_drv_sample_c6747_cfg.obj (.bss)
                  11827cec    00000018     bios.a674 : hwi.o674 (.bss)
                  11827d04    00000018     lnkrtdx.a674 : rtdx.o674 (.bss)
                  11827d1c    00000014     edma3_rm_bios.lib : edma3_rm_gbl_data.obj (.bss)
                  11827d30    00000010     bios.a674 : exc.o674 (.bss)
                  11827d40    00000010     rtdx64xplus.lib : buffer1.o64P (.bss)
                  11827d50    00000010                     : rtdx_mon.o64P (.bss)
                  11827d60    0000000c     bios.a674 : tsk.o674 (.bss)
                  11827d6c    0000000a     edma3_rm_bios.lib : edma3resmgr.obj (.bss)
                  11827d76    00000002     edma3_drv_bios_c674.lib : edma3_drv_init.obj (.bss)
                  11827d78    00000008     audioSample_io.obj (.bss)
                  11827d80    00000008     bios.a674 : clk_data.o674 (.bss)
                  11827d88    00000008               : sys.o674 (.bss)
                  11827d90    00000008     edma3_drv_bios_sample.lib : bios_edma3_drv_sample_init.obj (.bss)
                  11827d98    00000004     bios.a674 : clk_data2.o674 (.bss)
                  11827d9c    00000004               : dev_init.o674 (.bss)
                  11827da0    00000004               : idl_busy.o674 (.bss)
                  11827da4    00000004               : mem_asm.o674 (.bss)
                  11827da8    00000004               : tsk_disa.o674 (.bss)
                  11827dac    00000004     ti.pspiom.mcasp.a674 : Mcasp.obj (.bss)

.switch    0    11827db0    00000230     
                  11827db0    000000a0     edma3_rm_bios.lib : edma3resmgr.obj (.switch)
                  11827e50    00000060     edma3_drv_bios_c674.lib : edma3_drv_adv.obj (.switch)
                  11827eb0    00000058                             : edma3_drv_basic.obj (.switch)
                  11827f08    00000054     ti.pspiom.mcasp.a674 : Mcasp_ioctl.obj (.switch)
                  11827f5c    00000028     edma3_drv_bios_sample.lib : bios_edma3_drv_sample_cs.obj (.switch)
                  11827f84    00000020     ti.pspiom.i2c.a674 : I2c.obj (.switch)
                  11827fa4    00000020     ti.pspiom.platforms.codec.a674 : Aic31.obj (.switch)
                  11827fc4    0000001c     ti.pspiom.mcasp.a674 : Mcasp_edma.obj (.switch)

.dio       0    11827fe0    00000010     UNINITIALIZED
                  11827fe0    00000010     audioSamplecfg.obj (.dio)

.hst1      0    11827ff0    00000010     UNINITIALIZED
                  11827ff0    00000010     audioSamplecfg.obj (.hst1)

.DVTEvent_Log$buf 
*          0    11828000    00008000     UNINITIALIZED
                  11828000    00008000     audioSamplecfg.obj (.DVTEvent_Log$buf)

.const     0    11830000    0000361d     
                  11830000    000012d0     ti.pspiom.mcasp.a674 : Mcasp.obj (.const:.string)
                  118312d0    000007fc                          : Mcasp_ioctl.obj (.const:.string)
                  11831acc    0000063c     ti.pspiom.i2c.a674 : I2c.obj (.const:.string)
                  11832108    00000518     ti.pspiom.platforms.codec.a674 : Aic31.obj (.const:.string)
                  11832620    000003d8     ti.pspiom.mcasp.a674 : Mcasp_edma.obj (.const:.string)
                  118329f8    000002f0     edma3_rm_bios.lib : edma3resmgr.obj (.const:.string)
                  11832ce8    00000193     bios.a674 : exc.o674 (.const:.string)
                  11832e7b    00000001     --HOLE-- [fill = 0]
                  11832e7c    0000013c     ti.pspiom.i2c.a674 : I2c_edma.obj (.const:.string)
                  11832fb8    0000010c     ti.pspiom.mcasp.a674 : Mcasp.obj (.const)
                  118330c4    00000004     bios.a674 : mem_allo.o674 (.const:.string)
                  118330c8    00000101     rts6740.lib : ctype.obj (.const:__ctypes_)
                  118331c9    00000003                 : assert.obj (.const:.string)
                  118331cc    00000094     edma3_drv_bios_c674.lib : edma3_drv_basic.obj (.const:.string)
                  11833260    00000080                             : edma3_drv_init.obj (.const:.string)
                  118332e0    00000060     ti.pspiom.mcasp.a674 : Mcasp_edma.obj (.const)
                  11833340    0000004e     bios.a674 : tsk_stup.o674 (.const:.string)
                  1183338e    00000002     rts6740.lib : fputs.obj (.const:.string)
                  11833390    0000004c     ti.pspiom.i2c.a674 : I2c.obj (.const)
                  118333dc    00000048     ti.pspiom.platforms.evm6747.audio.a674 : Audio.obj (.const:.string)
                  11833424    00000047     audioSamplecfg.obj (.const)
                  1183346b    00000001     --HOLE-- [fill = 0]
                  1183346c    00000038     ti.pspiom.psc.a674 : Psc.obj (.const:.string)
                  118334a4    00000028     ti.pspiom.platforms.codec.a674 : Aic31.obj (.const)
                  118334cc    00000023     bios.a674 : utl_doab.o674 (.const:.string)
                  118334ef    00000023     rts6740.lib : _printfi.obj (.const:.string)
                  11833512    00000022     bios.a674 : utl_doer.o674 (.const:.string)
                  11833534    00000020               : dev_init.o674 (.const:.string)
                  11833554    00000020     ti.pspiom.i2c.a674 : I2c_edma.obj (.const)
                  11833574    00000020     ti.pspiom.mcasp.a674 : Mcasp_ioctl.obj (.const)
                  11833594    00000020     ti.pspiom.platforms.evm6747.audio.a674 : Audio.obj (.const)
                  118335b4    0000001c     audioSample_io.obj (.const:.string)
                  118335d0    00000018     audioSample_main.obj (.const:.string)
                  118335e8    00000011     bios.a674 : sys_prin.o674 (.const:_digtohex)
                  118335f9    0000000f               : sys_prin.o674 (.const:.string)
                  11833608    00000008     edma3_drv_bios_sample.lib : bios_edma3_drv_sample_init.obj (.const)
                  11833610    00000004     bios.a674 : mem_free.o674 (.const:.string)
                  11833614    00000004     sioboth.a674 : sio_crea.o674 (.const:.string)
                  11833618    00000001     bios.a674 : sem_crea.o674 (.const:.string)
                  11833619    00000003     --HOLE-- [fill = 0]
                  1183361c    00000001               : tsk.o674 (.const:.string)

.printf    0    1183361d    00000059     COPY SECTION
                  1183361d    00000059     audioSamplecfg.obj (.printf)

.echoTask$stk 
*          0    11833620    00002000     UNINITIALIZED
                  11833620    00002000     audioSamplecfg.obj (.echoTask$stk)

.idl       0    11835620    00000010     UNINITIALIZED
                  11835620    00000010     audioSamplecfg.obj (.idl)

.idlcal    0    11835630    00000010     UNINITIALIZED
                  11835630    00000010     audioSamplecfg.obj (.idlcal)

.rtdx_data 
*          0    11835640    000004f4     UNINITIALIZED
                  11835640    00000080     --HOLE--
                  118356c0    00000410     audioSamplecfg.obj (.rtdx_data)
                  11835ad0    00000044     rtdx64xplus.lib : rtdx_mon.o64P (.rtdx_data)
                  11835b14    00000020                     : buffer1.o64P (.rtdx_data)

.TSK_idle$stk 
*          0    11835b38    00000400     UNINITIALIZED
                  11835b38    00000400     audioSamplecfg.obj (.TSK_idle$stk)

.pip       0    11835f38    000000c8     UNINITIALIZED
                  11835f38    000000c8     audioSamplecfg.obj (.pip)

.LOG_system$buf 
*          0    11836000    00001000     UNINITIALIZED
                  11836000    00001000     audioSamplecfg.obj (.LOG_system$buf)

.trace$buf 
*          0    11837000    00001000     UNINITIALIZED
                  11837000    00001000     audioSamplecfg.obj (.trace$buf)

.trace     0    11838000    00000200     
                  11838000    00000200     --HOLE-- [fill = 00000000]

.cio       0    11838200    00000120     UNINITIALIZED
                  11838200    00000120     rts6740.lib : trgmsg.obj (.cio)

.hst0      0    11838320    00000100     UNINITIALIZED
                  11838320    00000100     audioSamplecfg.obj (.hst0)

.devtable 
*          0    11838420    000000d8     UNINITIALIZED
                  11838420    000000d8     audioSamplecfg.obj (.devtable)

.tsk       0    118384f8    000000c0     UNINITIALIZED
                  118384f8    000000c0     audioSamplecfg.obj (.tsk)

.gblinit   0    118385b8    00000064     
                  118385b8    00000064     audioSamplecfg.obj (.gblinit)

.log       0    1183861c    00000048     
                  1183861c    00000048     audioSamplecfg.obj (.log)

.sts       0    11838664    00000040     
                  11838664    00000040     audioSamplecfg.obj (.sts)

.hst       0    118386a4    0000003c     UNINITIALIZED
                  118386a4    0000003c     audioSamplecfg.obj (.hst)

.swi       0    118386e0    0000002c     UNINITIALIZED
                  118386e0    0000002c     audioSamplecfg.obj (.swi)

.sys       0    1183870c    00000010     UNINITIALIZED
                  1183870c    00000010     audioSamplecfg.obj (.sys)

.pinit     0    1183871c    0000000c     
                  1183871c    00000004     rtdx64xplus.lib : buffer1.o64P (.pinit)
                  11838720    00000004                     : rtdx_mon.o64P (.pinit)
                  11838724    00000004     --HOLE-- [fill = 0]

.trcdata   0    11838728    0000000c     
                  11838728    0000000c     bios.a674 : trc.o674 (.trcdata)

.clk       0    11838734    00000008     UNINITIALIZED
                  11838734    00000008     audioSamplecfg.obj (.clk)

.SDRAM$heap 
*          0    c0000000    00030000     UNINITIALIZED
                  c0000000    00030000     --HOLE--

.text      0    c0030000    00025060     
                  c0030000    00007620     edma3_rm_bios.lib : edma3resmgr.obj (.text)
                  c0037620    000029a0     edma3_drv_bios_c674.lib : edma3_drv_basic.obj (.text)
                  c0039fc0    00002020                             : edma3_drv_adv.obj (.text)
                  c003bfe0    00000f60     ti.pspiom.mcasp.a674 : Mcasp_ioctl.obj (.text:_Mcasp_localSubmitIoctl)
                  c003cf40    00000ca0                          : Mcasp.obj (.text:_mcaspMdCreateChan)
                  c003dbe0    00000c80     edma3_drv_bios_c674.lib : edma3_drv_init.obj (.text)
                  c003e860    00000aa0     ti.pspiom.mcasp.a674 : Mcasp.obj (.text:_mcaspMdBindDev)
                  c003f300    00000660                          : Mcasp_edma.obj (.text:_Mcasp_localEdmaCallback)
                  c003f960    00000660     ti.pspiom.platforms.codec.a674 : Aic31.obj (.text:_aic31SetSamplingRate)
                  c003ffc0    000005a0     rts6740.lib : divd.obj (.text:__divd)
                  c0040560    00000580                 : _printfi.obj (.text:__getarg_diouxp)
                  c0040ae0    00000540     ti.pspiom.mcasp.a674 : Mcasp_edma.obj (.text:_Mcasp_localEdmaChanPaRAMsetup)
                  c0041020    00000540     ti.pspiom.i2c.a674 : I2c.obj (.text:_i2cMdBindDev)
                  c0041560    00000520     ti.pspiom.mcasp.a674 : Mcasp.obj (.text:_Mcasp_localAbortReset)
                  c0041a80    00000500                          : Mcasp.obj (.text:_Mcasp_init)
                  c0041f80    00000500     ti.pspiom.i2c.a674 : I2c.obj (.text:_i2cMdCreateChan)
                  c0042480    000004e0     ti.pspiom.platforms.codec.a674 : Aic31.obj (.text:_aic31MdCreateChan)
                  c0042960    00000480     ti.pspiom.mcasp.a674 : Mcasp_edma.obj (.text:_Mcasp_localGetIndicesSyncType)
                  c0042de0    00000480     rts6740.lib : _printfi.obj (.text:__setfield)
                  c0043260    00000480     ti.pspiom.i2c.a674 : I2c.obj (.text:_i2cIntrHandler)
                  c00436e0    00000460     ti.pspiom.mcasp.a674 : Mcasp.obj (.text:_Mcasp_localConfigXmtSection)
                  c0043b40    00000440     rts6740.lib : _printfi.obj (.text:__printfi)
                  c0043f80    00000420     ti.pspiom.mcasp.a674 : Mcasp.obj (.text:_Mcasp_localConfigRcvSection)
                  c00443a0    00000420     ti.pspiom.platforms.evm6747.audio.a674 : Audio.obj (.text:_audioMdCreateChan)
                  c00447c0    00000420     ti.pspiom.mcasp.a674 : Mcasp.obj (.text:_mcaspSubmitReq)
                  c0044be0    00000400                          : Mcasp.obj (.text:_Mcasp_localSetupHwInfo)
                  c0044fe0    00000400     ti.pspiom.i2c.a674 : I2c.obj (.text:_i2cPolledModeTransfer)
                  c00453e0    000003e0                        : I2c.obj (.text:_i2cMdControlChan)
                  c00457c0    000003a0     ti.pspiom.platforms.codec.a674 : Aic31.obj (.text:_aic31MdControlChan)
                  c0045b60    000003a0                                    : Aic31.obj (.text:_aic31SelectOutputDest)
                  c0045f00    00000380     ti.pspiom.mcasp.a674 : Mcasp_edma.obj (.text:_Mcasp_localUpdtDtPktToLnkPrms)
                  c0046280    00000380                          : Mcasp_ioctl.obj (.text:_mcaspGetHwStatus)
                  c0046600    00000360     ti.pspiom.i2c.a674 : I2c.obj (.text:_i2cCompleteIOInIsr)
                  c0046960    00000360     ti.pspiom.mcasp.a674 : Mcasp_ioctl.obj (.text:_mcaspConfigLoopBack)
                  c0046cc0    00000340     ti.pspiom.i2c.a674 : I2c.obj (.text:_i2cTransfer)
                  c0047000    00000340     ti.pspiom.mcasp.a674 : Mcasp.obj (.text:_mcaspIsrOutput)
                  c0047340    00000340     edma3_drv_bios_sample.lib : bios_edma3_drv_sample_cs.obj (.text)
                  c0047680    00000340                               : bios_edma3_drv_sample_init.obj (.text)
                  c00479c0    00000320     ti.pspiom.i2c.a674 : I2c.obj (.text:_i2cMdSubmitChan)
                  c0047ce0    00000320     ti.pspiom.mcasp.a674 : Mcasp.obj (.text:_mcaspIsrInput)
                  c0048000    00000300     rts6740.lib : fputs.obj (.text:_fputs)
                  c0048300    000002e0     ti.pspiom.i2c.a674 : I2c_edma.obj (.text:_I2c_completeIOedmaCallback)
                  c00485e0    000002e0     ti.pspiom.platforms.codec.a674 : Aic31.obj (.text:_aic31InitDac)
                  c00488c0    000002e0     ti.pspiom.platforms.evm6747.audio.a674 : Audio.obj (.text:_audioMdBindDev)
                  c0048ba0    000002c0     ti.pspiom.i2c.a674 : I2c_edma.obj (.text:_I2c_localEdmaTransfer)
                  c0048e60    000002c0     rts6740.lib : _printfi.obj (.text:__pproc_fge)
                  c0049120    000002c0                 : _printfi.obj (.text:__pproc_fwp)
                  c00493e0    000002c0     ti.pspiom.platforms.codec.a674 : Aic31.obj (.text:_aic31MdBindDev)
                  c00496a0    000002c0     ti.pspiom.mcasp.a674 : Mcasp_ioctl.obj (.text:_mcaspRegReset)
                  c0049960    000002a0     rts6740.lib : _printfi.obj (.text:_ecvt)
                  c0049c00    000002a0                 : _printfi.obj (.text:_fcvt)
                  c0049ea0    000002a0     ti.pspiom.mcasp.a674 : Mcasp_ioctl.obj (.text:_mcaspSetSamplingRate)
                  c004a140    00000280     audioSample_io.obj (.text)
                  c004a3c0    00000280     drivers.a674 : dio_tsk.o674 (.text)
                  c004a640    00000260     rts6740.lib : imath64.obj (.text:__divull)
                  c004a8a0    00000260                 : _printfi.obj (.text:__pconv_e)
                  c004ab00    00000260     ti.pspiom.platforms.codec.a674 : Aic31.obj (.text:_aic31InitAdc)
                  c004ad60    00000260     ti.pspiom.platforms.evm6747.audio.a674 : Audio.obj (.text:_audioSampleRateConfigure)
                  c004afc0    00000260     ti.pspiom.i2c.a674 : I2c.obj (.text:_i2cCancelIO)
                  c004b220    00000260     ti.pspiom.mcasp.a674 : Mcasp.obj (.text:_mcaspMdDeleteChan)
                  c004b480    00000240     rts6740.lib : _printfi.obj (.text:__pproc_diouxp)
                  c004b6c0    00000240                 : sinf.obj (.text:_sinf)
                  c004b900    00000220     ti.pspiom.i2c.a674 : I2c.obj (.text:_I2c_localPrepareForTransfer)
                  c004bb20    00000220     ti.pspiom.mcasp.a674 : Mcasp_edma.obj (.text:_Mcasp_localSetupEdmaDuringOpen)
                  c004bd40    00000220     rts6740.lib : _printfi.obj (.text:__pproc_str)
                  c004bf60    00000220     ti.pspiom.platforms.codec.a674 : Aic31.obj (.text:_aic31DeinitDac)
                  c004c180    00000220                                    : Aic31.obj (.text:_aic31I2cRead)
                  c004c3a0    00000200     rts6740.lib : _printfi.obj (.text:__pconv_g)
                  c004c5a0    00000200     drivers.a674 : dio_tskDynamic.o674 (.text)
                  c004c7a0    000001e0     ti.pspiom.mcasp.a674 : Mcasp_edma.obj (.text:_Mcasp_localIsValidPacket)
                  c004c980    000001e0     ti.pspiom.platforms.codec.a674 : Aic31.obj (.text:_aic31DeinitAdc)
                  c004cb60    000001c0     rts6740.lib : _printfi.obj (.text:__mcpy)
                  c004cd20    000001c0     ti.pspiom.platforms.codec.a674 : Aic31.obj (.text:_aic31I2cWrite)
                  c004cee0    000001c0     ti.pspiom.i2c.a674 : I2c.obj (.text:_i2cMdDeleteChan)
                  c004d0a0    000001c0     ti.pspiom.mcasp.a674 : Mcasp_ioctl.obj (.text:_mcaspActivateClkRcvXmt)
                  c004d260    000001c0                          : Mcasp.obj (.text:_mcaspRegisterInt)
                  c004d420    000001c0                          : Mcasp.obj (.text:_mcaspWriteChanStatRam)
                  c004d5e0    000001c0                          : Mcasp.obj (.text:_mcaspWriteUserDataRam)
                  c004d7a0    000001a0                          : Mcasp.obj (.text:_Mcasp_localIsrSwiFxn)
                  c004d940    000001a0     rts6740.lib : imath40.obj (.text:__divul)
                  c004dae0    000001a0     ti.pspiom.mcasp.a674 : Mcasp.obj (.text:_mcaspBitSetGblRCtl)
                  c004dc80    000001a0                          : Mcasp.obj (.text:_mcaspBitSetGblXCtl)
                  c004de20    00000180     rts6740.lib : trgdrv.obj (.text:_HOSTrename)
                  c004dfa0    00000180     ti.pspiom.i2c.a674 : I2c.obj (.text:_I2c_localEnsureIsReadyforNext)
                  c004e120    00000180     ti.pspiom.mcasp.a674 : Mcasp.obj (.text:_Mcasp_localEdmaProcessPkt)
                  c004e2a0    00000180     ti.pspiom.psc.a674 : Psc.obj (.text:_Psc_ModuleClkCtrl)
                  c004e420    00000180     ti.pspiom.platforms.codec.a674 : Aic31.obj (.text:_aic31MuteConfig)
                  c004e5a0    00000180                                    : Aic31.obj (.text:_aic31SelectInputSource)
                  c004e720    00000180     ti.pspiom.platforms.evm6747.audio.a674 : Audio.obj (.text:_audioMdControlChan)
                  c004e8a0    00000180     ti.pspiom.mcasp.a674 : Mcasp.obj (.text:_mcaspBitRemoveGblRCtl)
                  c004ea20    00000180                          : Mcasp.obj (.text:_mcaspBitRemoveGblXCtl)
                  c004eba0    00000180                          : Mcasp_ioctl.obj (.text:_mcaspReadXmtConfig)
                  c004ed20    00000180                          : Mcasp.obj (.text:_mcaspUnRegisterInt)
                  c004eea0    00000180     rts6740.lib : setvbuf.obj (.text:_setvbuf)
                  c004f020    00000160     ti.pspiom.i2c.a674 : I2c.obj (.text:_I2c_localGetNextChannel)
                  c004f180    00000160     ti.pspiom.mcasp.a674 : Mcasp_ioctl.obj (.text:_mcaspActivateXmtClkSer)
                  c004f2e0    00000160                          : Mcasp_ioctl.obj (.text:_mcaspReadRcvConfig)
                  c004f440    00000160                          : Mcasp.obj (.text:_mcaspValidateBufferConfig)
                  c004f5a0    00000140     rts6740.lib : _printfi.obj (.text:__pproc_fflags)
                  c004f6e0    00000140     ti.pspiom.platforms.codec.a674 : Aic31.obj (.text:_aic31MdDeleteChan)
                  c004f820    00000140                                    : Aic31.obj (.text:_aic31RegWriteBf)
                  c004f960    00000140     ti.pspiom.platforms.evm6747.audio.a674 : Audio.obj (.text:_audioMdDeleteChan)
                  c004faa0    00000140     rts6740.lib : fputc.obj (.text:_fputc)
                  c004fbe0    00000140                 : lowlev.obj (.text:_getdevice)
                  c004fd20    00000140     ti.pspiom.i2c.a674 : I2c.obj (.text:_i2cCalculateClockSettings)
                  c004fe60    00000140     ti.pspiom.mcasp.a674 : Mcasp_ioctl.obj (.text:_mcaspActivateRcvClkSer)
                  c004ffa0    00000140                          : Mcasp.obj (.text:_mcaspConfigureFifo)
                  c00500e0    00000140                          : Mcasp.obj (.text:_mcaspInit)
                  c0050220    00000120     ti.pspiom.i2c.a674 : I2c_edma.obj (.text:_I2c_localEdmaChanRequest)
                  c0050340    00000120     ti.pspiom.mcasp.a674 : Mcasp.obj (.text:_Mcasp_localCancelAndAbortAllIo)
                  c0050460    00000120                          : Mcasp.obj (.text:_Mcasp_localResetXmt)
                  c0050580    00000120     rts6740.lib : fclose.obj (.text:_fclose)
                  c00506a0    00000120     ti.pspiom.mcasp.a674 : Mcasp.obj (.text:_mcaspMdUnBindDev)
                  c00507c0    00000100     rts6740.lib : trgdrv.obj (.text:_HOSTlseek)
                  c00508c0    00000100     ti.pspiom.i2c.a674 : I2c.obj (.text:_I2c_init)
                  c00509c0    00000100                        : I2c_edma.obj (.text:_I2c_rxCallback)
                  c0050ac0    00000100                        : I2c_edma.obj (.text:_I2c_txCallback)
                  c0050bc0    00000100     ti.pspiom.mcasp.a674 : Mcasp.obj (.text:_Mcasp_localResetRcv)
                  c0050cc0    00000100     rts6740.lib : _printfi.obj (.text:__ltostr)
                  c0050dc0    00000100                 : _io_perm.obj (.text:__wrt_ok)
                  c0050ec0    00000100                 : sinit.obj (.text:_call_dtors)
                  c0050fc0    00000100                 : fflush.obj (.text:_fflush)
                  c00510c0    00000100     ti.pspiom.i2c.a674 : I2c.obj (.text:_i2cRegisterIntrHandler)
                  c00511c0    00000100     ti.pspiom.mcasp.a674 : Mcasp.obj (.text:_mcaspBitSetGblCtl)
                  c00512c0    00000100                          : Mcasp.obj (.text:_mcaspConfigureXmtChannel)
                  c00513c0    00000100                          : Mcasp_ioctl.obj (.text:_mcaspDeviceInfoGet)
                  c00514c0    00000100                          : Mcasp.obj (.text:_mcaspMultiSerGlobalRestore)
                  c00515c0    00000100                          : Mcasp.obj (.text:_mcaspMultiSerInitializationRcv)
                  c00516c0    00000100                          : Mcasp.obj (.text:_mcaspMultiSerInitializationXmt)
                  c00517c0    00000100     audioSample_main.obj (.text)
                  c00518c0    000000e0     rts6740.lib : trgdrv.obj (.text:_HOSTopen)
                  c00519a0    000000e0     ti.pspiom.mcasp.a674 : Mcasp_ioctl.obj (.text:_Mcasp_localAbortRequests)
                  c0051a80    000000e0                          : Mcasp.obj (.text:_Mcasp_localCompleteCurrentIo)
                  c0051b60    000000e0                          : Mcasp.obj (.text:_Mcasp_localSmReset)
                  c0051c40    000000e0                          : Mcasp.obj (.text:_Mcasp_localSmSet)
                  c0051d20    000000e0     rts6740.lib : atoi.obj (.text:_atoi)
                  c0051e00    000000e0     ti.pspiom.platforms.evm6747.audio.a674 : Audio.obj (.text:_audioMdSubmitChan)
                  c0051ee0    000000e0     rts6740.lib : lowlev.obj (.text:_close)
                  c0051fc0    000000e0     ti.pspiom.i2c.a674 : I2c.obj (.text:_i2cMdUnBindDev)
                  c00520a0    000000e0     ti.pspiom.mcasp.a674 : Mcasp.obj (.text:_mcaspIsRequestedSerzsFree)
                  c0052180    000000e0                          : Mcasp.obj (.text:_mcaspMdSubmitChan)
                  c0052260    000000e0     rts6740.lib : memset.obj (.text:_memset)
                  c0052340    000000c0                 : trgdrv.obj (.text:_HOSTread)
                  c0052400    000000c0                 : trgdrv.obj (.text:_HOSTunlink)
                  c00524c0    000000c0                 : trgdrv.obj (.text:_HOSTwrite)
                  c0052580    000000c0                 : fopen.obj (.text:__cleanup)
                  c0052640    000000c0                 : _printfi.obj (.text:__div)
                  c0052700    000000c0                 : divu.obj (.text:__divu)
                  c00527c0    000000c0                 : fflush.obj (.text:__doflush)
                  c0052880    000000c0                 : atexit.obj (.text:_atexit)
                  c0052940    000000c0                 : fseek.obj (.text:_fseek)
                  c0052a00    000000c0     ti.pspiom.i2c.a674 : I2c.obj (.text:_i2cWaitForBB)
                  c0052ac0    000000c0     rts6740.lib : lowlev.obj (.text:_lseek)
                  c0052b80    000000c0                 : ltoa.obj (.text:_ltoa)
                  c0052c40    000000c0     ti.pspiom.mcasp.a674 : Mcasp.obj (.text:_mcaspConfigureRcvChannel)
                  c0052d00    000000c0                          : Mcasp_ioctl.obj (.text:_mcaspGetSmFsXmt)
                  c0052dc0    000000c0                          : Mcasp.obj (.text:_mcaspSetDitMode)
                  c0052e80    000000c0                          : Mcasp.obj (.text:_mcaspSetSerRcv)
                  c0052f40    000000c0                          : Mcasp.obj (.text:_mcaspSetSerXmt)
                  c0053000    000000c0     rts6740.lib : lowlev.obj (.text:_write)
                  c00530c0    000000c0     bios.a674 : tsk_stup.o674 (.text)
                  c0053180    000000a0     ti.pspiom.platforms.codec.a674 : Aic31.obj (.text:_Aic31_init)
                  c0053220    000000a0     rts6740.lib : trgdrv.obj (.text:_HOSTclose)
                  c00532c0    000000a0     ti.pspiom.mcasp.a674 : Mcasp.obj (.text:_Mcasp_localActivateSmFsForBoth)
                  c0053360    000000a0     rts6740.lib : imath40.obj (.text:__divli)
                  c0053400    000000a0                 : _printfi.obj (.text:__ecpy)
                  c00534a0    000000a0                 : _printfi.obj (.text:__fcpy)
                  c0053540    000000a0                 : fixdli.obj (.text:__fixdli)
                  c00535e0    000000a0                 : _printfi.obj (.text:__pconv_f)
                  c0053680    000000a0                 : remu.obj (.text:__remu)
                  c0053720    000000a0     ti.pspiom.platforms.codec.a674 : Aic31.obj (.text:_aic31CtrlBusRead)
                  c00537c0    000000a0                                    : Aic31.obj (.text:_aic31CtrlBusWrite)
                  c0053860    000000a0                                    : Aic31.obj (.text:_aic31MdUnBindDev)
                  c0053900    000000a0                                    : Aic31.obj (.text:_aic31RegRead)
                  c00539a0    000000a0                                    : Aic31.obj (.text:_aic31RegWrite)
                  c0053a40    000000a0     ti.pspiom.platforms.evm6747.audio.a674 : Audio.obj (.text:_audioMdUnBindDev)
                  c0053ae0    000000a0     rts6740.lib : lowlev.obj (.text:_finddevice)
                  c0053b80    000000a0     ti.pspiom.mcasp.a674 : Mcasp_ioctl.obj (.text:_mcaspGetSerMode)
                  c0053c20    000000a0                          : Mcasp_ioctl.obj (.text:_mcaspGetSerRcvReady)
                  c0053cc0    000000a0                          : Mcasp_ioctl.obj (.text:_mcaspGetSerXmtReady)
                  c0053d60    000000a0                          : Mcasp_ioctl.obj (.text:_mcaspGetSmFsRcv)
                  c0053e00    000000a0     rts6740.lib : memcpy64.obj (.text:_memcpy)
                  c0053ea0    00000080     ti.pspiom.mcasp.a674 : Mcasp.obj (.text:_Mcasp_localActivateSmFsForRcv)
                  c0053f20    00000080                          : Mcasp.obj (.text:_Mcasp_localActivateSmFsForXmt)
                  c0053fa0    00000080     rts6740.lib : fixdu.obj (.text:__fixdu)
                  c0054020    00000080                 : fltlid.obj (.text:__fltlid)
                  c00540a0    00000080                 : llshift.obj (.text:__llshl)
                  c0054120    00000080                 : roundf.obj (.text:__roundf)
                  c00541a0    00000080     ti.pspiom.platforms.evm6747.evmInit.a674 : audio_evmInit.obj (.text:_audioUserI2cInit)
                  c0054220    00000080                                              : audio_evmInit.obj (.text:_configureAudio)
                  c00542a0    00000080     rts6740.lib : fprintf.obj (.text:_fprintf)
                  c0054320    00000080     ti.pspiom.i2c.a674 : I2c.obj (.text:_i2cCheckTimeOut)
                  c00543a0    00000080     ti.pspiom.mcasp.a674 : Mcasp.obj (.text:_mcaspDeactivateSmFsForRcv)
                  c0054420    00000080                          : Mcasp.obj (.text:_mcaspDeactivateSmFsForXmt)
                  c00544a0    00000080                          : Mcasp.obj (.text:_mcaspMdControlChan)
                  c0054520    00000080     rts6740.lib : trgmsg.obj (.text:_readmsg)
                  c00545a0    00000080                 : lowlev.obj (.text:_unlink)
                  c0054620    00000060     ti.pspiom.platforms.evm6747.audio.a674 : Audio.obj (.text:_Audio_init)
                  c0054680    00000060     ti.pspiom.mcasp.a674 : Mcasp.obj (.text:_Mcasp_localGetNextIndex)
                  c00546e0    00000060     rts6740.lib : assert.obj (.text:__abort_msg)
                  c0054740    00000060                 : imath64.obj (.text:__subcull)
                  c00547a0    00000060     ti.pspiom.platforms.codec.a674 : Aic31.obj (.text:_aic31CallBack)
                  c0054800    00000060     rts6740.lib : memccpy.obj (.text:_memccpy)
                  c0054860    00000060                 : modff.obj (.text:_modff)
                  c00548c0    00000060                 : trgmsg.obj (.text:_writemsg)
                  c0054920    00000040                 : sinit.obj (.text:___add_dtor)
                  c0054960    00000040                 : isinf.obj (.text:___isinf)
                  c00549a0    00000040                 : _printfi.obj (.text:___isnan)
                  c00549e0    00000040                 : frcmpyd_div.obj (.text:__frcmpyd_div)
                  c0054a20    00000040                 : llshift.obj (.text:__llshru)
                  c0054a60    00000040                 : imath40.obj (.text:__remli)
                  c0054aa0    00000040                 : strasg.obj (.text:__strasgi_64plus)
                  c0054ae0    00000040     drivers.a674 : dio.o674 (.text)
                  c0054b20    00000020     rts6740.lib : negll.obj (.text:__negll)
                  c0054b40    00000020                 : _lock.obj (.text:__nop)
                  c0054b60    00000020                 : fprintf.obj (.text:__outc)
                  c0054b80    00000020                 : fprintf.obj (.text:__outs)
                  c0054ba0    00000020                 : _lock.obj (.text:__register_lock)
                  c0054bc0    00000020                 : _lock.obj (.text:__register_unlock)
                  c0054be0    00000020                 : truncf.obj (.text:__truncf)
                  c0054c00    00000020                 : exit.obj (.text:_abort)
                  c0054c20    00000020     ti.pspiom.platforms.codec.a674 : Aic31.obj (.text:_aic31MdSubmitChan)
                  c0054c40    00000020     ti.pspiom.i2c.a674 : I2c.obj (.text:_i2cUnregisterIntrHandler)
                  c0054c60    00000020     ti.pspiom.mcasp.a674 : Mcasp.obj (.text:_mcaspIsr)
                  c0054c80    00000020     rts6740.lib : remove.obj (.text:_remove)
                  c0054ca0    00000020     bios.a674 : que_get.o674 ($Tramp$S$$_QUE_get)
                  c0054cc0    00000020               : que_get.o674 ($Tramp$S$$_QUE_put)
                  c0054ce0    00000020     bios6747.a674 : bcache_block.o674 ($Tramp$S$$_BCACHE_wb)
                  c0054d00    00000020     bios.a674 : ecm_enableEvent.o674 ($Tramp$S$$_ECM_enableEvent)
                  c0054d20    00000020               : swi_crea.o674 ($Tramp$S$$_SWI_create)
                  c0054d40    00000020               : dev_matc.o674 ($Tramp$S$$_DEV_match)
                  c0054d60    00000020               : sem_pend_counting.o674 ($Tramp$S$$_SEM_pend)
                  c0054d80    00000020     bios6747.a674 : bcache_block.o674 ($Tramp$S$$_BCACHE_inv)
                  c0054da0    00000020                   : clk_gethtime.o674 ($Tramp$S$$_CLK_gethtime)
                  c0054dc0    00000020     bios.a674 : sem_post_asm.o674 ($Tramp$S$$_SEM_post)
                  c0054de0    00000020               : hwi_c.o674 ($Tramp$S$$_HWI_disable)
                  c0054e00    00000020               : tsk_disa.o674 ($Tramp$S$$_TSK_disable)
                  c0054e20    00000020               : ecm_disableEvent.o674 ($Tramp$S$$_ECM_disableEvent)
                  c0054e40    00000020               : hwi_c.o674 ($Tramp$S$$_HWI_restore)
                  c0054e60    00000020               : tsk_disa.o674 ($Tramp$S$$_TSK_enable)
                  c0054e80    00000020               : sem_crea.o674 ($Tramp$S$$_SEM_create)
                  c0054ea0    00000020               : sem_dele.o674 ($Tramp$S$$_SEM_delete)
                  c0054ec0    00000020               : ecm_dispatchPlug.o674 ($Tramp$S$$_ECM_dispatchPlug)
                  c0054ee0    00000020               : c62_c.o674 ($Tramp$S$$_C64_enableIER)
                  c0054f00    00000020     bios6747.a674 : bcache_block.o674 ($Tramp$S$$_BCACHE_wbInv)
                  c0054f20    00000010     sioboth.a674 : sio_recl.o674 ($Tramp$S$$_SIO_reclaim)
                  c0054f30    00000010                  : sio_issu.o674 ($Tramp$S$$_SIO_issue)
                  c0054f40    00000010                  : sio_crea.o674 ($Tramp$S$$_SIO_create)
                  c0054f50    00000010     bios.a674 : malloc.o674 ($Tramp$S$$_free)
                  c0054f60    00000020               : mem_free.o674 ($Tramp$S$$_MEM_free)
                  c0054f80    00000020               : mem_vall.o674 ($Tramp$S$$_MEM_valloc)
                  c0054fa0    00000010               : malloc.o674 ($Tramp$S$$_malloc)
                  c0054fb0    00000010     --HOLE-- [fill = 0]
                  c0054fc0    00000020               : sys_prin.o674 ($Tramp$S$$_SYS_printf)
                  c0054fe0    00000020               : lck.o674 ($Tramp$S$$_LCK_post)
                  c0055000    00000020               : lck.o674 ($Tramp$S$$_LCK_pend)
                  c0055020    00000020               : sys_abor.o674 ($Tramp$S$$_SYS_abort)
                  c0055040    00000020               : swi.o674 ($Tramp$S$$_SWI_post)

.bios      0    c0055060    00005b40     
                  c0055060    00000780     bios.a674 : sys_prin.o674 (.bios)
                  c00557e0    000005c0     lnkrtdx.a674 : rtdx.o674 (.bios)
                  c0055da0    00000580     bios.a674 : exc.o674 (.bios)
                  c0056320    000004e0               : hwi_disp_asm.o674 (.bios)
                  c0056800    000004c0               : swi.o674 (.bios)
                  c0056cc0    00000380               : prd.o674 (.bios)
                  c0057040    00000320     sioboth.a674 : sio_crea.o674 (.bios)
                  c0057360    00000280     bios.a674 : malloc.o674 (.bios)
                  c00575e0    00000280               : rta.o674 (.bios)
                  c0057860    00000240               : knl_run.o674 (.bios)
                  c0057aa0    00000200               : mem_allo.o674 (.bios:.near)
                  c0057ca0    00000200               : knl_tick.o674 (.bios)
                  c0057ea0    000001e0               : mem_free.o674 (.bios:.near)
                  c0058080    000001e0               : exc_asm.o674 (.bios)
                  c0058260    000001e0               : pip.o674 (.bios)
                  c0058440    000001e0               : sem_pend.o674 (.bios)
                  c0058620    000001e0     sioboth.a674 : sio_dele.o674 (.bios)
                  c0058800    000001a0     bios.a674 : sem_dopo.o674 (.bios)
                  c00589a0    000001a0               : tsk_setu.o674 (.bios)
                  c0058b40    000001a0     bios6747.a674 : clk.o674 (.bios)
                  c0058ce0    00000180     bios.a674 : knl_swit.o674 (.bios)
                  c0058e60    00000180     bios6747.a674 : bcache_block.o674 (.bios)
                  c0058fe0    00000140     bios.a674 : autoinit.o674 (.bios)
                  c0059120    00000140               : tsk_exit.o674 (.bios)
                  c0059260    00000140     bios6747.a674 : bcache_init.o674 (.bios)
                  c00593a0    00000120     bios.a674 : gbl_cacheinit64P.o674 (.bios)
                  c00594c0    00000120               : knl_chec.o674 (.bios)
                  c00595e0    00000120               : tsk_stup.o674 (.bios)
                  c0059700    00000100               : ecm_dispatch.o674 (.bios)
                  c0059800    000000e0               : sem_post_asm.o674 (.bios)
                  c00598e0    000000c0               : dev_matc.o674 (.bios)
                  c00599a0    000000c0               : knl_exit.o674 (.bios)
                  c0059a60    000000c0     sioboth.a674 : sio_recl.o674 (.bios)
                  c0059b20    000000a0     bios.a674 : dev_mkfr.o674 (.bios)
                  c0059bc0    000000a0               : obj_crea.o674 (.bios)
                  c0059c60    000000a0               : sem_post.o674 (.bios)
                  c0059d00    000000a0               : swi_seta.o674 (.bios)
                  c0059da0    000000a0               : sys_exit.o674 (.bios)
                  c0059e40    000000a0     log8.a674 : log_ts.o674 (.bios)
                  c0059ee0    00000080     bios.a674 : atm.o674 (.bios)
                  c0059f60    00000080               : knl_ipos.o674 (.bios)
                  c0059fe0    00000080               : knl_post.o674 (.bios)
                  c005a060    00000080               : lck.o674 (.bios)
                  c005a0e0    00000080               : sem_crea.o674 (.bios)
                  c005a160    00000080               : swi_crea.o674 (.bios)
                  c005a1e0    00000080               : tsk_disa.o674 (.bios)
                  c005a260    00000080     bios6747.a674 : bcache_wait.o674 (.bios)
                  c005a2e0    00000080                   : idl_cal.o674 (.bios)
                  c005a360    00000080     sioboth.a674 : sio_issu.o674 (.bios)
                  c005a3e0    00000060     bios.a674 : mem_vall.o674 (.bios:.near)
                  c005a440    00000060               : sys_erro.o674 (.bios:.near)
                  c005a4a0    00000060               : dev_rmfr.o674 (.bios)
                  c005a500    00000060               : fxn.o674 (.bios)
                  c005a560    00000060               : hwi_c.o674 (.bios)
                  c005a5c0    00000060               : idl_busy.o674 (.bios)
                  c005a620    00000060               : obj_dele.o674 (.bios)
                  c005a680    00000060               : sem_pend_counting.o674 (.bios)
                  c005a6e0    00000060               : sts.o674 (.bios)
                  c005a740    00000060               : sys_abor.o674 (.bios)
                  c005a7a0    00000060     bios6747.a674 : clk_meas.o674 (.bios)
                  c005a800    00000040     bios.a674 : c62_c.o674 (.bios)
                  c005a840    00000040               : ecm_disableEvent.o674 (.bios)
                  c005a880    00000040               : ecm_dispatchPlug.o674 (.bios)
                  c005a8c0    00000040               : ecm_enableEvent.o674 (.bios)
                  c005a900    00000040               : idl_stub.o674 (.bios)
                  c005a940    00000040               : que_crea.o674 (.bios)
                  c005a980    00000040               : que_get.o674 (.bios)
                  c005a9c0    00000040               : rta_andn.o674 (.bios)
                  c005aa00    00000040               : utl_doab.o674 (.bios)
                  c005aa40    00000040               : utl_putc.o674 (.bios)
                  c005aa80    00000020               : fxn_c.o674 (.bios)
                  c005aaa0    00000020               : gbl_vers.o674 (.bios)
                  c005aac0    00000020               : idl.o674 (.bios)
                  c005aae0    00000020               : sem_dele.o674 (.bios)
                  c005ab00    00000020               : sts_set.o674 (.bios)
                  c005ab20    00000020               : sys_one.o674 (.bios)
                  c005ab40    00000020               : utl_doer.o674 (.bios)
                  c005ab60    00000020               : utl_halt.o674 (.bios)
                  c005ab80    00000020     bios6747.a674 : clk_gethtime.o674 (.bios)

.rtdx_text 
*          0    c005aba0    00000fc0     
                  c005aba0    000002a0     rtdx64xplus.lib : rtdx_mon.o64P (.rtdx_text:_HSRTDX_rec)
                  c005ae40    00000260                     : buffer1.o64P (.rtdx_text:_RTDX_Buffer_WriteCB)
                  c005b0a0    00000260                     : buffer1.o64P (.rtdx_text:_RTDX_write_next)
                  c005b300    000001a0                     : rtdx_mon.o64P (.rtdx_text:_HSRTDX_xmt)
                  c005b4a0    00000160                     : rtdx_mon.o64P (.rtdx_text:_RTDX_Send_To_Host)
                  c005b600    000000e0                     : rtdx_mon.o64P (.rtdx_text:_RTDX_Mon_Queue)
                  c005b6e0    000000e0                     : buffer1.o64P (.rtdx_text:_claim)
                  c005b7c0    000000a0                     : rtdx_mon.o64P (.rtdx_text:_RTDX_GetH2THeader)
                  c005b860    000000a0                     : rtdx_mon.o64P (.rtdx_text:_RTDX_Poll)
                  c005b900    00000080                     : rtdx_mon.o64P (.rtdx_text:_RTDX_Final_RT_Monitor)
                  c005b980    00000060                     : buffer1.o64P (.rtdx_text:_RTDX_Buffer_Initialize)
                  c005b9e0    00000060                     : rtdx_mon.o64P (.rtdx_text:_RTDX_Init_RT_Monitor)
                  c005ba40    00000040                     : buffer2.o64P (.rtdx_text:_RTDX_Buffer_ReadCB)
                  c005ba80    00000040                     : buffer1.o64P (.rtdx_text:_RTDX_Buffer_Size)
                  c005bac0    00000040                     : memfill.o64P (.rtdx_text:_RTDX_memfill)
                  c005bb00    00000020                     : buffer2.o64P (.rtdx_text:_RTDX_Buffer_Read)
                  c005bb20    00000020                     : buffer1.o64P (.rtdx_text:_RTDX_Buffer_Write)
                  c005bb40    00000020                     : intr_tgt.o64P (.rtdx_text)

.sysinit   0    c005bb60    000006c0     
                  c005bb60    000003c0     audioSamplecfg.obj (.sysinit)
                  c005bf20    00000100     bios.a674 : dev_init.o674 (.sysinit)
                  c005c020    000000c0               : boot.o674 (.sysinit)
                  c005c0e0    000000c0               : mem_init.o674 (.sysinit)
                  c005c1a0    00000060               : tsk_init.o674 (.sysinit)
                  c005c200    00000020     drivers.a674 : dio.o674 (.sysinit)

.hwi_vec   0    c005c400    00000200     
                  c005c400    00000200     audioSamplecfg.obj (.hwi_vec)


FAR CALL TRAMPOLINES

callee name               trampoline name
   callee addr  tramp addr   call addr  call info
--------------  -----------  ---------  ----------------
$.bios:bios.a674<que_get.o674>$0x0  $Tramp$S$$_QUE_get
   c005a980     c0054ca0     c003c6d0   ti.pspiom.mcasp.a674 : Mcasp_ioctl.obj (.text:_Mcasp_localSubmitIoctl)
                             c003c9e4                        : Mcasp_ioctl.obj (.text:_Mcasp_localSubmitIoctl)
                             c003f3e4                        : Mcasp_edma.obj (.text:_Mcasp_localEdmaCallback)
                             c003f48c                        : Mcasp_edma.obj (.text:_Mcasp_localEdmaCallback)
                             c003f52c                        : Mcasp_edma.obj (.text:_Mcasp_localEdmaCallback)
                             c003f5ac                        : Mcasp_edma.obj (.text:_Mcasp_localEdmaCallback)
                             c003f628                        : Mcasp_edma.obj (.text:_Mcasp_localEdmaCallback)
                             c004180c                        : Mcasp.obj (.text:_Mcasp_localAbortReset)
                             c0041940                        : Mcasp.obj (.text:_Mcasp_localAbortReset)
                             c0046700   ti.pspiom.i2c.a674 : I2c.obj (.text:_i2cCompleteIOInIsr)
                             c004680c                      : I2c.obj (.text:_i2cCompleteIOInIsr)
                             c00483e4                      : I2c_edma.obj (.text:_I2c_completeIOedmaCallback)
                             c00484d4                      : I2c_edma.obj (.text:_I2c_completeIOedmaCallback)
                             c004a414   drivers.a674 : dio_tsk.o674 (.text)
                             c004c8c0   ti.pspiom.mcasp.a674 : Mcasp_edma.obj (.text:_Mcasp_localIsValidPacket)
$.bios:bios.a674<que_get.o674>$0x28  $Tramp$S$$_QUE_put
   c005a9a8     c0054cc0     c003c6f4   ti.pspiom.mcasp.a674 : Mcasp_ioctl.obj (.text:_Mcasp_localSubmitIoctl)
                             c003ca00                        : Mcasp_ioctl.obj (.text:_Mcasp_localSubmitIoctl)
                             c003f4b8                        : Mcasp_edma.obj (.text:_Mcasp_localEdmaCallback)
                             c003f4d4                        : Mcasp_edma.obj (.text:_Mcasp_localEdmaCallback)
                             c003f540                        : Mcasp_edma.obj (.text:_Mcasp_localEdmaCallback)
                             c003f558                        : Mcasp_edma.obj (.text:_Mcasp_localEdmaCallback)
                             c003f5c0                        : Mcasp_edma.obj (.text:_Mcasp_localEdmaCallback)
                             c003f5d8                        : Mcasp_edma.obj (.text:_Mcasp_localEdmaCallback)
                             c003f638                        : Mcasp_edma.obj (.text:_Mcasp_localEdmaCallback)
                             c003f654                        : Mcasp_edma.obj (.text:_Mcasp_localEdmaCallback)
                             c00449c4                        : Mcasp.obj (.text:_mcaspSubmitReq)
                             c00449f8                        : Mcasp.obj (.text:_mcaspSubmitReq)
                             c0047c74   ti.pspiom.i2c.a674 : I2c.obj (.text:_i2cMdSubmitChan)
                             c004a47c   drivers.a674 : dio_tsk.o674 (.text)
                             c004a5c0                : dio_tsk.o674 (.text)
                             c004c938   ti.pspiom.mcasp.a674 : Mcasp_edma.obj (.text:_Mcasp_localIsValidPacket)
$.bios:bios6747.a674<bcache_block.o674>$0x144  $Tramp$S$$_BCACHE_wb
   c0058fa4     c0054ce0     c003d1e8   ti.pspiom.mcasp.a674 : Mcasp.obj (.text:_mcaspMdCreateChan)
                             c003d218                        : Mcasp.obj (.text:_mcaspMdCreateChan)
                             c003d248                        : Mcasp.obj (.text:_mcaspMdCreateChan)
                             c0044964                        : Mcasp.obj (.text:_mcaspSubmitReq)
                             c00474f4   edma3_drv_bios_sample.lib : bios_edma3_drv_sample_cs.obj (.text)
$.bios:bios.a674<ecm_enableEvent.o674>$0x0  $Tramp$S$$_ECM_enableEvent
   c005a8c0     c0054d00     c003db00   ti.pspiom.mcasp.a674 : Mcasp.obj (.text:_mcaspMdCreateChan)
                             c003db18                        : Mcasp.obj (.text:_mcaspMdCreateChan)
                             c003db34                        : Mcasp.obj (.text:_mcaspMdCreateChan)
                             c003db48                        : Mcasp.obj (.text:_mcaspMdCreateChan)
                             c0047420   edma3_drv_bios_sample.lib : bios_edma3_drv_sample_cs.obj (.text)
                             c004742c                             : bios_edma3_drv_sample_cs.obj (.text)
                             c0047448                             : bios_edma3_drv_sample_cs.obj (.text)
                             c00477d0                             : bios_edma3_drv_sample_init.obj (.text)
                             c0047800                             : bios_edma3_drv_sample_init.obj (.text)
                             c0047860                             : bios_edma3_drv_sample_init.obj (.text)
                             c004d3f8   ti.pspiom.mcasp.a674 : Mcasp.obj (.text:_mcaspRegisterInt)
                             c004dc60                        : Mcasp.obj (.text:_mcaspBitSetGblRCtl)
                             c004de00                        : Mcasp.obj (.text:_mcaspBitSetGblXCtl)
                             c0051190   ti.pspiom.i2c.a674 : I2c.obj (.text:_i2cRegisterIntrHandler)
$.bios:bios.a674<swi_crea.o674>$0x0  $Tramp$S$$_SWI_create
   c005a160     c0054d20     c003f254   ti.pspiom.mcasp.a674 : Mcasp.obj (.text:_mcaspMdBindDev)
$.bios:bios.a674<dev_matc.o674>$0x0  $Tramp$S$$_DEV_match
   c00598e0     c0054d40     c0042640   ti.pspiom.platforms.codec.a674 : Aic31.obj (.text:_aic31MdCreateChan)
                             c0044534   ti.pspiom.platforms.evm6747.audio.a674 : Audio.obj (.text:_audioMdCreateChan)
                             c0044684                                          : Audio.obj (.text:_audioMdCreateChan)
                             c004c640   drivers.a674 : dio_tskDynamic.o674 (.text)
$.bios:bios.a674<sem_pend_counting.o674>$0x0  $Tramp$S$$_SEM_pend
   c005a680     c0054d60     c0043a6c   ti.pspiom.mcasp.a674 : Mcasp.obj (.text:_Mcasp_localConfigXmtSection)
                             c00442d8                        : Mcasp.obj (.text:_Mcasp_localConfigRcvSection)
                             c0046fa8   ti.pspiom.i2c.a674 : I2c.obj (.text:_i2cTransfer)
                             c00475ec   edma3_drv_bios_sample.lib : bios_edma3_drv_sample_cs.obj (.text)
                             c004a3cc   drivers.a674 : dio_tsk.o674 (.text)
                             c004a508                : dio_tsk.o674 (.text)
                             c004c2c4   ti.pspiom.platforms.codec.a674 : Aic31.obj (.text:_aic31I2cRead)
                             c004c320                                  : Aic31.obj (.text:_aic31I2cRead)
                             c004ce58                                  : Aic31.obj (.text:_aic31I2cWrite)
                             c004dbf4   ti.pspiom.mcasp.a674 : Mcasp.obj (.text:_mcaspBitSetGblRCtl)
                             c004dd94                        : Mcasp.obj (.text:_mcaspBitSetGblXCtl)
                             c004e9b0                        : Mcasp.obj (.text:_mcaspBitRemoveGblRCtl)
                             c004eb30                        : Mcasp.obj (.text:_mcaspBitRemoveGblXCtl)
                             c0052a48   ti.pspiom.i2c.a674 : I2c.obj (.text:_i2cWaitForBB)
$.bios:bios6747.a674<bcache_block.o674>$0x154  $Tramp$S$$_BCACHE_inv
   c0058fb4     c0054d80     c0044940   ti.pspiom.mcasp.a674 : Mcasp.obj (.text:_mcaspSubmitReq)
                             c00474b4   edma3_drv_bios_sample.lib : bios_edma3_drv_sample_cs.obj (.text)
$.bios:bios6747.a674<clk_gethtime.o674>$0x0  $Tramp$S$$_CLK_gethtime
   c005ab80     c0054da0     c0045128   ti.pspiom.i2c.a674 : I2c.obj (.text:_i2cPolledModeTransfer)
                             c0054344                      : I2c.obj (.text:_i2cCheckTimeOut)
$.bios:bios.a674<sem_post_asm.o674>$0x0  $Tramp$S$$_SEM_post
   c0059800     c0054dc0     c0046fcc   ti.pspiom.i2c.a674 : I2c.obj (.text:_i2cTransfer)
                             c0047654   edma3_drv_bios_sample.lib : bios_edma3_drv_sample_cs.obj (.text)
                             c004a494   drivers.a674 : dio_tsk.o674 (.text)
                             c004a560                : dio_tsk.o674 (.text)
                             c004a5c4                : dio_tsk.o674 (.text)
                             c004a5d4                : dio_tsk.o674 (.text)
                             c004a5f0                : dio_tsk.o674 (.text)
                             c00547d0   ti.pspiom.platforms.codec.a674 : Aic31.obj (.text:_aic31CallBack)
$.bios:bios.a674<hwi_c.o674>$0x0  $Tramp$S$$_HWI_disable
   c005a560     c0054de0     c0047364   edma3_drv_bios_sample.lib : bios_edma3_drv_sample_cs.obj (.text)
                             c00477a0                             : bios_edma3_drv_sample_init.obj (.text)
                             c0047950                             : bios_edma3_drv_sample_init.obj (.text)
$.bios:bios.a674<tsk_disa.o674>$0x24  $Tramp$S$$_TSK_disable
   c005a204     c0054e00     c004737c   edma3_drv_bios_sample.lib : bios_edma3_drv_sample_cs.obj (.text)
$.bios:bios.a674<ecm_disableEvent.o674>$0x0  $Tramp$S$$_ECM_disableEvent
   c005a840     c0054e20     c0047384   edma3_drv_bios_sample.lib : bios_edma3_drv_sample_cs.obj (.text)
                             c0047390                             : bios_edma3_drv_sample_cs.obj (.text)
                             c00473b0                             : bios_edma3_drv_sample_cs.obj (.text)
                             c0047958                             : bios_edma3_drv_sample_init.obj (.text)
                             c0047964                             : bios_edma3_drv_sample_init.obj (.text)
                             c004798c                             : bios_edma3_drv_sample_init.obj (.text)
                             c004db64   ti.pspiom.mcasp.a674 : Mcasp.obj (.text:_mcaspBitSetGblRCtl)
                             c004dd04                        : Mcasp.obj (.text:_mcaspBitSetGblXCtl)
                             c004ee64                        : Mcasp.obj (.text:_mcaspUnRegisterInt)
                             c0054c4c   ti.pspiom.i2c.a674 : I2c.obj (.text:_i2cUnregisterIntrHandler)
$.bios:bios.a674<hwi_c.o674>$0x2c  $Tramp$S$$_HWI_restore
   c005a58c     c0054e40     c004740c   edma3_drv_bios_sample.lib : bios_edma3_drv_sample_cs.obj (.text)
                             c00478b4                             : bios_edma3_drv_sample_init.obj (.text)
                             c00479ac                             : bios_edma3_drv_sample_init.obj (.text)
$.bios:bios.a674<tsk_disa.o674>$0x0  $Tramp$S$$_TSK_enable
   c005a1e0     c0054e60     c0047414   edma3_drv_bios_sample.lib : bios_edma3_drv_sample_cs.obj (.text)
$.bios:bios.a674<sem_crea.o674>$0x0  $Tramp$S$$_SEM_create
   c005a0e0     c0054e80     c0047540   edma3_drv_bios_sample.lib : bios_edma3_drv_sample_cs.obj (.text)
                             c004c678   drivers.a674 : dio_tskDynamic.o674 (.text)
$.bios:bios.a674<sem_dele.o674>$0x0  $Tramp$S$$_SEM_delete
   c005aae0     c0054ea0     c0047594   edma3_drv_bios_sample.lib : bios_edma3_drv_sample_cs.obj (.text)
                             c004c5d0   drivers.a674 : dio_tskDynamic.o674 (.text)
                             c004c5e8                : dio_tskDynamic.o674 (.text)
$.bios:bios.a674<ecm_dispatchPlug.o674>$0x0  $Tramp$S$$_ECM_dispatchPlug
   c005a880     c0054ec0     c00477c4   edma3_drv_bios_sample.lib : bios_edma3_drv_sample_init.obj (.text)
                             c00477f0                             : bios_edma3_drv_sample_init.obj (.text)
                             c0047844                             : bios_edma3_drv_sample_init.obj (.text)
                             c004d3e4   ti.pspiom.mcasp.a674 : Mcasp.obj (.text:_mcaspRegisterInt)
                             c0051188   ti.pspiom.i2c.a674 : I2c.obj (.text:_i2cRegisterIntrHandler)
$.bios:bios.a674<c62_c.o674>$0x18  $Tramp$S$$_C64_enableIER
   c005a818     c0054ee0     c0047888   edma3_drv_bios_sample.lib : bios_edma3_drv_sample_init.obj (.text)
                             c0047898                             : bios_edma3_drv_sample_init.obj (.text)
                             c00478ac                             : bios_edma3_drv_sample_init.obj (.text)
                             c00511ac   ti.pspiom.i2c.a674 : I2c.obj (.text:_i2cRegisterIntrHandler)
$.bios:bios6747.a674<bcache_block.o674>$0x130  $Tramp$S$$_BCACHE_wbInv
   c0058f90     c0054f00     c0048ce4   ti.pspiom.i2c.a674 : I2c_edma.obj (.text:_I2c_localEdmaTransfer)
$.bios:sioboth.a674<sio_recl.o674>$0x0  $Tramp$S$$_SIO_reclaim
   c0059a60     c0054f20     c004a160   audioSample_io.obj (.text)
                             c004a170   audioSample_io.obj (.text)
$.bios:sioboth.a674<sio_issu.o674>$0x0  $Tramp$S$$_SIO_issue
   c005a360     c0054f30     c004a280   audioSample_io.obj (.text)
                             c004a290   audioSample_io.obj (.text)
                             c004a360   audioSample_io.obj (.text)
                             c004a370   audioSample_io.obj (.text)
                             c004a388   audioSample_io.obj (.text)
                             c004a3a8   audioSample_io.obj (.text)
$.bios:sioboth.a674<sio_crea.o674>$0x0  $Tramp$S$$_SIO_create
   c0057040     c0054f40     c004a30c   audioSample_io.obj (.text)
                             c004a32c   audioSample_io.obj (.text)
$.bios:bios.a674<malloc.o674>$0x0  $Tramp$S$$_free
   c0057360     c0054f50     c004ef08   rts6740.lib : setvbuf.obj (.text:_setvbuf)
                             c00505e8               : fclose.obj (.text:_fclose)
$.bios:.near:bios.a674<mem_free.o674>$0x0  $Tramp$S$$_MEM_free
   c0057ea0     c0054f60     c004c600   drivers.a674 : dio_tskDynamic.o674 (.text)
                             c004c6c0                : dio_tskDynamic.o674 (.text)
$.bios:.near:bios.a674<mem_vall.o674>$0x0  $Tramp$S$$_MEM_valloc
   c005a3e0     c0054f80     c004c664   drivers.a674 : dio_tskDynamic.o674 (.text)
$.bios:bios.a674<malloc.o674>$0x24  $Tramp$S$$_malloc
   c0057384     c0054fa0     c004ef88   rts6740.lib : setvbuf.obj (.text:_setvbuf)
$.bios:bios.a674<sys_prin.o674>$0x740  $Tramp$S$$_SYS_printf
   c00557a0     c0054fc0     c0052a60   ti.pspiom.i2c.a674 : I2c.obj (.text:_i2cWaitForBB)
$.bios:bios.a674<lck.o674>$0x0  $Tramp$S$$_LCK_post
   c005a060     c0054fe0     c00530c0   bios.a674 : tsk_stup.o674 (.text)
$.bios:bios.a674<lck.o674>$0x20  $Tramp$S$$_LCK_pend
   c005a080     c0055000     c0053124   bios.a674 : tsk_stup.o674 (.text)
$.bios:bios.a674<sys_abor.o674>$0x0  $Tramp$S$$_SYS_abort
   c005a740     c0055020     c0053128   bios.a674 : tsk_stup.o674 (.text)
                             c0053144             : tsk_stup.o674 (.text)
$.bios:bios.a674<swi.o674>$0x70  $Tramp$S$$_SWI_post
   c0056870     c0055040     c0054c68   ti.pspiom.mcasp.a674 : Mcasp.obj (.text:_mcaspIsr)

[32 trampolines]
[136 trampoline calls]


GLOBAL SYMBOLS: SORTED ALPHABETICALLY BY Name 

address    name
--------   ----
118275c0   $bss
118275c0   .bss
11800000   .data
c0030000   .text
c005bd24   BIOS$$CLKOFF
c005bce4   BIOS$$CLKON
c005bb60   BIOS_init
c005bde0   BIOS_start
00000000   BUF$
00000001   BUF_ENABLED
c0054c00   C$$EXIT
c0054918   C$$IO$$
ffffffff   CACHE_L1D
ffffffff   CACHE_L1P
00000001   CLK$
11838734   CLK_A_TABBEG
00000001   CLK_CALDIV
00000001   CLK_CALMULT
000493e0   CLK_COUNTSPMS
00000004   CLK_COUNTSPMSHIGH
11827b28   CLK_D_idletime
11827b24   CLK_D_isrhook
11827b20   CLK_D_tabbeg
11827b1c   CLK_D_timefxn
00000001   CLK_ENABLEHTIME
c005ab80   CLK_F_gethtime
c0058b40   CLK_F_getltime
c0058b50   CLK_F_isr
c0058c90   CLK_F_itime
c0056320   CLK_HOOKFXN
00000001   CLK_HTIMEDIV
00000001   CLK_HTIMEMULT
000493e0   CLK_HTIMEPERLTIME
00005dc0   CLK_INPUTCLK
00008000   CLK_INTBIT
00000001   CLK_LTIMEDIV
000493e0   CLK_LTIMEMULT
000003e8   CLK_MICROSECS
00000001   CLK_POWERENABLE
00005dc0   CLK_PRD
00000000   CLK_PRDHIGH
01c21000   CLK_REGS
00000001   CLK_RESETTIMER
11827b18   CLK_R_time
00000020   CLK_TCR
00000000   CLK_TDDR
00000000   CLK_TDDRHIGH
c005ab80   CLK_TIMEFXN
00000001   CLK_TIMERNUM
00000005   CLK_TIMMODE
00000001   CLK_USETIMER
11838738   CLK_null
00000000   DEV$
00000000   DGN$
00000000   DHL$
00000000   DHL_gChannelsAvailable
00000001   DIO$
00000000   DIO_NUMSWIBASE
00000000   DIO_NUMTSKBASE
00000000   DIO_STATIC
11838450   DIO_dioAudioIN$device
11838444   DIO_dioAudioIN$obj
1183842c   DIO_dioAudioOUT$device
11838420   DIO_dioAudioOUT$obj
00000000   DPI$
1183864c   DVTEvent_Log
11828000   DVTEvent_Log$buf
00000001   DVTEvent_Log$datatype
00000000   DVTEvent_Log$log
00002000   DVTEvent_Log$size
00000001   ECM$
00000001   ECM_ENABLE
ffffffff   ECM_EVTMASK0
ffffffff   ECM_EVTMASK1
ffffffff   ECM_EVTMASK2
ffffffff   ECM_EVTMASK3
0000000a   EVENT10
00000064   EVENT100
00000065   EVENT101
00000066   EVENT102
00000067   EVENT103
00000068   EVENT104
00000069   EVENT105
0000006a   EVENT106
0000006b   EVENT107
0000006c   EVENT108
0000006d   EVENT109
0000000b   EVENT11
0000006e   EVENT110
0000006f   EVENT111
00000070   EVENT112
00000071   EVENT113
00000072   EVENT114
00000073   EVENT115
00000074   EVENT116
00000075   EVENT117
00000076   EVENT118
00000077   EVENT119
0000000c   EVENT12
00000078   EVENT120
00000079   EVENT121
0000007a   EVENT122
0000007b   EVENT123
0000007c   EVENT124
0000007d   EVENT125
0000007e   EVENT126
0000007f   EVENT127
0000000d   EVENT13
0000000e   EVENT14
0000000f   EVENT15
00000010   EVENT16
00000011   EVENT17
00000012   EVENT18
00000013   EVENT19
00000014   EVENT20
00000015   EVENT21
00000016   EVENT22
00000017   EVENT23
00000018   EVENT24
00000019   EVENT25
0000001a   EVENT26
0000001b   EVENT27
0000001c   EVENT28
0000001d   EVENT29
0000001e   EVENT30
0000001f   EVENT31
00000020   EVENT32
00000021   EVENT33
00000022   EVENT34
00000023   EVENT35
00000024   EVENT36
00000025   EVENT37
00000026   EVENT38
00000027   EVENT39
00000004   EVENT4
00000028   EVENT40
00000029   EVENT41
0000002a   EVENT42
0000002b   EVENT43
0000002c   EVENT44
0000002d   EVENT45
0000002e   EVENT46
0000002f   EVENT47
00000030   EVENT48
00000031   EVENT49
00000005   EVENT5
00000032   EVENT50
00000033   EVENT51
00000034   EVENT52
00000035   EVENT53
00000036   EVENT54
00000037   EVENT55
00000038   EVENT56
00000039   EVENT57
0000003a   EVENT58
0000003b   EVENT59
00000006   EVENT6
0000003c   EVENT60
0000003d   EVENT61
0000003e   EVENT62
0000003f   EVENT63
00000040   EVENT64
00000041   EVENT65
00000042   EVENT66
00000043   EVENT67
00000044   EVENT68
00000045   EVENT69
00000007   EVENT7
00000046   EVENT70
00000047   EVENT71
00000048   EVENT72
00000049   EVENT73
0000004a   EVENT74
0000004b   EVENT75
0000004c   EVENT76
0000004d   EVENT77
0000004e   EVENT78
0000004f   EVENT79
00000008   EVENT8
00000050   EVENT80
00000051   EVENT81
00000052   EVENT82
00000053   EVENT83
00000054   EVENT84
00000055   EVENT85
00000056   EVENT86
00000057   EVENT87
00000058   EVENT88
00000059   EVENT89
00000009   EVENT9
0000005a   EVENT90
0000005b   EVENT91
0000005c   EVENT92
0000005d   EVENT93
0000005e   EVENT94
0000005f   EVENT95
00000060   EVENT96
00000061   EVENT97
00000062   EVENT98
00000063   EVENT99
c005a500   FXN_F_nop
c005a504   FXN_F_run
c005a540   FXN_F_zero
00000001   GBL$
00005205   GBL_A_VERSION
00000000   GBL_BCACHEREADADDR0
00000000   GBL_BCACHEREADADDR1
00000000   GBL_BCACHEREADADDR2
00000000   GBL_BIGENDIAN
00000000   GBL_CACHE
00000000   GBL_CALLCSLCFGINIT
00004e20   GBL_CLKIN
00001a5b   GBL_CLKTYPE
00001a5b   GBL_DSPSUBTYPE
0000003e   GBL_DSPTYPE
00000001   GBL_ENABLEINST
00000000   GBL_ENABLE_SK
00000042   GBL_FOOTPRINT
000493e0   GBL_FREQ
00000000   GBL_GEMTRUECOMPEN
00000007   GBL_L1DMODE
00000007   GBL_L1PMODE
00000001   GBL_L2CONFIGURE
00000000   GBL_L2MAR0_31
0000ffff   GBL_L2MAR128_159
00000000   GBL_L2MAR160_191
00000000   GBL_L2MAR192_223
00000000   GBL_L2MAR224_255
00000000   GBL_L2MAR32_63
00000000   GBL_L2MAR64_95
00000000   GBL_L2MAR96_127
00000000   GBL_L2MODE
00000000   GBL_NULL
00000000   GBL_PROCID
00000000   GBL_ROM
00000000   GBL_SUPPORTCSL
0000dbef   GBL_TRCMASKVALUE
00000000   GBL_USERINIT
c005aa80   GBL_USERINITFXN
00000001   GBL_boot
11838730   GBL_initdone
11814da8   GBL_stackbeg
11824da7   GBL_stackend
00000000   GIO$
c005aa80   GIO_CREATEFXN
c005aa80   GIO_DELETEFXN
c005aa80   GIO_PENDFXN
c005aa80   GIO_POSTFXN
00000000   HOOK$
00000000   HOOK_KNLID
00000001   HST$
118386a4   HST_A_TABBEG
118386e0   HST_A_TABEND
00000000   HST_DSM
ffffffff   HST_DSMBUFSEG
00000400   HST_DSMMEMSIZE
11827b94   HST_D_chanmask
11827b98   HST_D_tabbeg
11827b9c   HST_D_tabend
000000ff   HST_MAXFRAMEALLOWED
00000040   HST_MAXFRAMESET
00000000   HST_NONE
00000001   HST_RTDX
00000001   HWI$
c005c400   HWI_A_VECS
00009f88   HWI_CFGDISPATCHED
11827cfc   HWI_D_bss
11827d00   HWI_D_ccmask
11827cec   HWI_D_spsave
00000001   HWI_ENABLE_EXC
c0056320   HWI_F_dispatch
00000000   HWI_GENERATE_RESET_VEC
0000000a   HWI_INT10
00000000   HWI_INT10$hwi
0000000b   HWI_INT11
00000000   HWI_INT11$hwi
0000000c   HWI_INT12
00000000   HWI_INT12$hwi
0000000d   HWI_INT13
00000000   HWI_INT13$hwi
0000000e   HWI_INT14
00000000   HWI_INT14$hwi
0000000f   HWI_INT15
00000000   HWI_INT15$hwi
00000004   HWI_INT4
00000000   HWI_INT4$hwi
00000005   HWI_INT5
00000000   HWI_INT5$hwi
00000006   HWI_INT6
00000000   HWI_INT6$hwi
00000007   HWI_INT7
00000000   HWI_INT7$hwi
00000008   HWI_INT8
00000000   HWI_INT8$hwi
00000009   HWI_INT9
00000000   HWI_INT9$hwi
00060504   HWI_INTRMUX1
0b030201   HWI_INTRMUX2
28040d0c   HWI_INTRMUX3
00000001   HWI_NMI
00000000   HWI_NMI$hwi
00000000   HWI_POLARITYMASK
00000002   HWI_RESERVED0
00000000   HWI_RESERVED0$hwi
00000003   HWI_RESERVED1
00000000   HWI_RESERVED1$hwi
00000000   HWI_RESET
00000000   HWI_RESET$hwi
00000000   HWI_ZEROTAB
00000001   IDL$
11835630   IDL_A_CALBEG
11835620   IDL_A_TABBEG
00000006   IDL_CALIBRERROR
c005a900   IDL_CALIBRFXN
11827da0   IDL_D_busyObj
11827b08   IDL_D_calbeg
11827b04   IDL_D_calibrate
11827b00   IDL_D_tabbeg
1183562c   IDL_END
1183563c   IDL_END$
c005a5c0   IDL_F_busy
c005a2e0   IDL_F_calibrate
c005aac0   IDL_F_loop
c005a900   IDL_F_stub
00000001   IDL_USECLKIDLTIME
11838698   IDL_busyObj
11833671   IDL_busyObj$avgfmt
00000001   IDL_busyObj$filter
00000001   IDL_busyObj$iA
00000000   IDL_busyObj$iB
00000001   IDL_busyObj$iC
1183366b   IDL_busyObj$maxfmt
00000000   IDL_busyObj$operation
11838694   IDL_busyObj$stsobj
1183366e   IDL_busyObj$sumfmt
00000002   IDL_busyObj$unittype
11835620   IDL_cpuLoad
11835630   IDL_cpuLoad$
ffffffff   IRAM
00000001   ISRC$
c0058e38   KNL_glue
118386e0   KNL_swi
00000001   KNL_swi$dorta
00000000   KNL_swi$ord
[...]
11827b18   CLK_R_time
11827b1c   CLK_D_timefxn
11827b20   CLK_D_tabbeg
11827b24   CLK_D_isrhook
11827b28   CLK_D_idletime
11827b2c   _CLK_htimeDiv
11827b30   _CLK_htimeMult
11827b34   _CLK_ltimeDiv
11827b38   _CLK_ltimeMult
11827b3c   _CLK_D_dirty
11827b40   _CLK_D_prd
11827b44   _CLK_D_tddr
11827b48   _CLK_D_countspms
11827b4c   PRD_D_tick
11827b4c   _PRD_D_tick
11827b50   PRD_D_cur
11827b54   PRD_D_elapsed
11827b58   PRD_D_prevtim
11827b5c   PRD_D_scalar
11827b60   PRD_D_swihandle
11827b64   PRD_D_tabbeg
11827b68   PRD_D_tablen
11827b6c   PRD_D_thook
11827b70   RTA_D_fromHost
11827b74   RTA_D_toHost
11827b78   RTA_D_logval
11827b88   RTA_D_stsval
11827b94   HST_D_chanmask
11827b98   HST_D_tabbeg
11827b9c   HST_D_tabend
11827ba0   _GBL_procId
11827ba4   _GBL_clkIn
11827ba8   _GBL_freq
11827bac   _MEM_D_NUMSEGMENTS
11827bb0   _MEM_D_memtab
11827bb4   _MEM_D_freelist
11827bb8   _MEM_D_lockaddr
11827bbc   _MEM_D_unlockaddr
11827bc0   _SYS
11827bc4   __HOOK_knlId
11827bc8   __HOOK_NUMHOOKS
11827bcc   SWI_D_runaddr
11827bcc   _SWI_D_runaddr
11827bcc   _SWI_data
11827bd0   SWI_D_execaddr
11827bd0   _SWI_D_execaddr
11827bd4   SWI_D_curmask
11827bd4   _SWI_D_curmask
11827bd8   SWI_D_curset
11827bd8   _SWI_D_curset
11827bdc   SWI_D_lock
11827bdc   _SWI_D_lock
11827be0   SWI_D_curmbox
11827be4   SWI_D_curfxn
11827be4   _SWI_D_curfxn
11827be8   SWI_D_rdybeg
11827be8   _SWI_D_rdybeg
11827bec   SWI_D_inswi
11827bec   _SWI_D_inswi
11827bf0   SWI_D_rdytab
11827c68   _KNL_wFlag
11827c6c   _KNL_wList
11827c70   _KNL_alarm
11827c74   _KNL_setpri
11827c78   _KNL_inactive
11827c7c   _KNL_priority
11827c80   _KNL_set
11827c84   _KNL_curtask
11827c88   _KNL_prevtask
11827c8c   _KNL_curtime
11827c90   _KNL_swiptr
11827c94   _KNL_curqueue
11827c98   _KNL_maxqueue
11827c9c   _KNL_tswitchfxn
11827ca0   _KNL_tcreatefxn
11827ca4   _KNL_tdeletefxn
11827ca8   _KNL_treadyfxn
11827cac   _KNL_idlefxn
11827cb0   _EXC_sysTrapTable
11827cb8   _EXC_returnPtr
11827cd0   _numEdma3EvtQue
11827cd4   _numEdma3Tc
11827cd8   _ccXferCompInt
11827cdc   _ccErrorInt
11827ce0   _hwIntXferComp
11827ce4   _hwIntCcErr
11827ce8   _hwIntTcErr
11827cec   HWI_D_spsave
11827cec   _HWI_D_spsave
11827cec   _HWI_data
11827cf8   _HWI_D_inhwi
11827cfc   HWI_D_bss
11827d00   HWI_D_ccmask
11827d04   LNK_dspFrameRequestMask
11827d04   _LNK_dspFrameRequestMask
11827d08   LNK_dspFrameReadyMask
11827d08   _LNK_dspFrameReadyMask
11827d0c   LNK_readPend
11827d0c   _LNK_readPend
11827d10   LNK_readDone
11827d10   _LNK_readDone
11827d14   LNK_readFail
11827d14   _LNK_readFail
11827d18   LNK_writeFail
11827d18   _LNK_writeFail
11827d1c   _EDMA3_MAX_RM_INSTANCES
11827d20   _resMgrInstance
11827d24   _userInitConfig
11827d28   _ptrRMIArray
11827d2c   _ptrInitCfgArray
11827d30   _EXC_exceptionHook
11827d34   _EXC_internalHook
11827d38   _EXC_externalHook
11827d3c   _EXC_nmiHook
11827d48   _rtdxNullChanCnt
11827d4c   _rtdxNullFuncCnt
11827d50   _rtdxXmtNotDoneCnt
11827d54   _rtdxRecNotDoneCnt
11827d58   _rtdxXmtRestartCnt
11827d5c   _rtdxXmtErrorCnt
11827d60   _TSK_nTasks
11827d64   _TSK_pid
11827d68   _TSK
11827d70   _edma3NumPaRAMSets
11827d80   _CLK_DFLTMICROSECS
11827d84   _CLK_D_microseconds
11827d88   _SYS_exitStackPtr
11827d8c   _SYS_exitStackTop
11827d90   _hEdma
11827d94   _semHandle
11827d98   _CLK_htimePerLtime
11827d9c   __DEV_D_NUMINITFXNS
11827da0   IDL_D_busyObj
11827da4   _MEM
11827db0   ___end__
11827db0   end
11827ff0   RTA_fromHost$buf
11828000   DVTEvent_Log$buf
11832fb8   _Mcasp_PARAMS
118330c8   __ctypes_
11833390   _I2c_PARAMS
118333b4   _I2c_defaultRxIoParams
118333bc   _I2c_defaultTxIoParams
118333c4   _I2c_IOMFXNS
118334a4   _Aic31_PARAMS
11833594   _Audio_PARAMS
1183361d   KNL_swi$sts$maxfmt
11833620   echoTask$stack
11833625   KNL_swi$sts$sumfmt
1183362d   KNL_swi$sts$avgfmt
11833637   TSK_idle$sts$maxfmt
1183363f   TSK_idle$sts$sumfmt
11833647   TSK_idle$sts$avgfmt
11833651   echoTask$sts$maxfmt
11833659   echoTask$sts$sumfmt
11833661   echoTask$sts$avgfmt
1183366b   IDL_busyObj$maxfmt
1183366e   IDL_busyObj$sumfmt
11833671   IDL_busyObj$avgfmt
118355b8   echoTask$stkptr
11835620   IDL_A_TABBEG
11835620   IDL_cpuLoad
11835620   _IDL_cpuLoad
11835624   LNK_dataPump
11835624   _LNK_dataPump
11835628   RTA_dispatcher
11835628   _RTA_dispatcher
1183562c   IDL_END
11835630   IDL_A_CALBEG
11835630   IDL_cpuLoad$
11835634   LNK_dataPump$
11835638   RTA_dispatcher$
1183563c   IDL_END$
118356c0   _RTDX_Buffer
11835ac8   _RTDX_Buffer_Start
11835acc   _RTDX_Buffer_End
11835ad0   _rtdx_mon_state
11835b14   _rtdx_buffer_state
11835b20   _RTDX_writing
11835b38   TSK_idle$stack
11835ed0   TSK_idle$stkptr
11835f38   PIP_A_TABBEG
11835f38   RTA_fromHost$pipe
11835f38   _PIP_A_TABBEG
11835f3c   RTA_fromHost$pipe$rd
11835f68   RTA_fromHost$pipe$aaa
11835f6c   RTA_fromHost$pipe$wr
11835f98   RTA_fromHost$pipe$bbb
11835f9c   RTA_toHost$pipe
11835fa0   RTA_toHost$pipe$rd
11835fcc   RTA_toHost$pipe$aaa
11835fd0   RTA_toHost$pipe$wr
11835ffc   RTA_toHost$pipe$bbb
11836000   LOG_system$buf
11836000   PIP_A_TABEND
11836000   _PIP_A_TABEND
11837000   trace$buf
11838000   _SYS_PUTCBEG
118381ff   _SYS_PUTCEND
11838200   __CIOBUF_
11838320   RTA_toHost$buf
11838420   DIO_dioAudioOUT$obj
1183842c   DIO_dioAudioOUT$device
11838444   DIO_dioAudioIN$obj
11838450   DIO_dioAudioIN$device
11838468   UDEV_aic310$obj
11838474   UDEV_aic310$device
1183848c   UDEV_audio0$obj
11838498   UDEV_audio0$device
118384b0   UDEV_mcasp1$obj
118384bc   UDEV_mcasp1$device
118384d4   UDEV_i2c0$obj
118384e0   UDEV_i2c0$device
11838504   TSK_idle
11838504   _TSK_idle
11838564   _echoTask
11838564   echoTask
1183861c   LOG_A_TABBEG
1183861c   LOG_system
1183861c   _LOG_A_TABBEG
1183861c   _LOG_system
11838634   _trace
11838634   trace
1183864c   DVTEvent_Log
1183864c   _DVTEvent_Log
11838664   KNL_swi$sts$stsobj
11838664   LOG_A_TABEND
11838664   STS_A_TABBEG
11838664   _LOG_A_TABEND
11838664   _STS_A_TABBEG
11838668   KNL_swi$sts
11838674   TSK_idle$sts$stsobj
11838678   TSK_idle$sts
11838684   echoTask$sts$stsobj
11838688   echoTask$sts
11838694   IDL_busyObj$stsobj
11838698   IDL_busyObj
11838698   _IDL_busyObj
118386a4   HST_A_TABBEG
118386a4   STS_A_TABEND
118386a4   _HST_A_TABBEG
118386a4   _STS_A_TABEND
118386a8   RTA_fromHost
118386a8   _RTA_fromHost
118386b0   RTA_fromHost$rtdx
118386c4   RTA_toHost
118386c4   _RTA_toHost
118386cc   RTA_toHost$rtdx
118386e0   HST_A_TABEND
118386e0   KNL_swi
118386e0   SWI_A_TABBEG
118386e0   _HST_A_TABEND
118386e0   _KNL_swi
1183870c   SWI_A_TABEND
1183870c   SYS$config
1183871c   ___pinit__
1183871c   pinit
11838728   TRC_cinit
1183872c   TRC_R_mask
1183872c   _TRC_R_mask
11838730   GBL_initdone
11838734   CLK_A_TABBEG
11838734   PRD_clock
11838734   _PRD_clock
11838738   CLK_null
28040d0c   HWI_INTRMUX3
c0000000   SDRAM$B
c0000000   _SDRAM_base
c0030000   .text
c0030000   _EDMA3_RM_create
c0030000   ___text__
c00304e4   _EDMA3_RM_delete
c0030630   _EDMA3_RM_open
c0030d2c   _EDMA3_RM_close
c0030f78   _EDMA3_RM_allocResource
c0031be4   _EDMA3_RM_freeResource
c0032160   _EDMA3_RM_allocLogicalChannel
c0032d04   _EDMA3_RM_freeLogicalChannel
c0033410   _EDMA3_RM_mapEdmaChannel
c00335e0   _EDMA3_RM_mapQdmaChannel
c0033808   _EDMA3_RM_registerTccCb
c00339f4   _EDMA3_RM_unregisterTccCb
c0033bc0   _EDMA3_RM_allocContiguousResource
c00345d8   _EDMA3_RM_freeContiguousResource
c0034744   _EDMA3_RM_setCCRegister
c003480c   _EDMA3_RM_getCCRegister
c00348b0   _EDMA3_RM_waitAndClearTcc
c0034a04   _EDMA3_RM_checkAndClearTcc
c0034b54   _EDMA3_RM_setPaRAM
c0034d70   _EDMA3_RM_getPaRAM
c0034f8c   _EDMA3_RM_getPaRAMPhyAddr
c00351a4   _EDMA3_RM_getBaseAddress
c003526c   _EDMA3_RM_getGblConfigParams
c00352d8   _EDMA3_RM_getInstanceInitCfg
c0035408   _EDMA3_RM_Ioctl
c0035858   _lisrEdma3ComplHandler0
c0035fa8   _lisrEdma3CCErrHandler0
c0036420   _lisrEdma3TC0ErrHandler0
c0036454   _lisrEdma3TC1ErrHandler0
c003648c   _lisrEdma3TC2ErrHandler0
c00364c0   _lisrEdma3TC3ErrHandler0
c00364f4   _lisrEdma3TC4ErrHandler0
c003652c   _lisrEdma3TC5ErrHandler0
c0036560   _lisrEdma3TC6ErrHandler0
c0036594   _lisrEdma3TC7ErrHandler0
c0036aa0   _edma3MemSet
c0036b2c   _edma3MemCpy
c0037620   _EDMA3_DRV_requestChannel
c0037fd4   _EDMA3_DRV_freeChannel
c0038350   _EDMA3_DRV_clearErrorBits
c0038554   _EDMA3_DRV_setOptField
c0038810   _EDMA3_DRV_getOptField
c0038a24   _EDMA3_DRV_setSrcParams
c0038cf0   _EDMA3_DRV_setDestParams
c0038fc0   _EDMA3_DRV_setSrcIndex
c0039188   _EDMA3_DRV_setDestIndex
c0039354   _EDMA3_DRV_setTransferParams
c00395a0   _EDMA3_DRV_enableTransfer
c00398cc   _EDMA3_DRV_disableTransfer
c0039fc0   _EDMA3_DRV_linkChannel
c003a1f8   _EDMA3_DRV_unlinkChannel
c003a328   _EDMA3_DRV_chainChannel
c003a560   _EDMA3_DRV_unchainChannel
c003a68c   _EDMA3_DRV_setQdmaTrigWord
c003a798   _EDMA3_DRV_setPaRAM
c003a8b0   _EDMA3_DRV_getPaRAM
c003a9c8   _EDMA3_DRV_setPaRAMEntry
c003aaec   _EDMA3_DRV_getPaRAMEntry
c003ac24   _EDMA3_DRV_setPaRAMField
c003b0e4   _EDMA3_DRV_getPaRAMField
c003b424   _EDMA3_DRV_setEvtQPriority
c003b5b8   _EDMA3_DRV_mapChToEvtQ
c003b7b0   _EDMA3_DRV_getMapChToEvtQ
c003b8ec   _EDMA3_DRV_setCCRegister
c003b9c0   _EDMA3_DRV_getCCRegister
c003ba68   _EDMA3_DRV_waitAndClearTcc
c003bbb8   _EDMA3_DRV_checkAndClearTcc
c003bd10   _EDMA3_DRV_getPaRAMPhyAddr
c003be18   _EDMA3_DRV_Ioctl
c003bef0   _EDMA3_DRV_getInstHandle
c003bfe0   _Mcasp_localSubmitIoctl
c003dbe0   _EDMA3_DRV_create
c003df70   _EDMA3_DRV_delete
c003e0c0   _EDMA3_DRV_open
c003e384   _EDMA3_DRV_close
c003f300   _Mcasp_localEdmaCallback
c003ffc0   __divd
c0040ae0   _Mcasp_localEdmaChanPaRAMsetup
c0041560   _Mcasp_localAbortReset
c0041a80   _Mcasp_init
c0042960   _Mcasp_localGetIndicesSyncType
c00436e0   _Mcasp_localConfigXmtSection
c0043b40   __printfi
c0043f80   _Mcasp_localConfigRcvSection
c0044be0   _Mcasp_localSetupHwInfo
c0045f00   _Mcasp_localUpdtDtPktToLnkPrms
c0047000   _mcaspIsrOutput
c0047340   _edma3OsProtectEntry
c00473f8   _edma3OsProtectExit
c004748c   _Edma3_CacheInvalidate
c00474cc   _Edma3_CacheFlush
c004750c   _edma3OsSemCreate
c004756c   _edma3OsSemDelete
c00475a8   _edma3OsSemTake
c0047614   _edma3OsSemGive
c0047680   _edma3init
c0047774   _registerEdma3Interrupts
c00478c8   _edma3deinit
c0047944   _unregisterEdma3Interrupts
c0047ce0   _mcaspIsrInput
c0048000   _fputs
c0048ba0   _I2c_localEdmaTransfer
c004a140   _main
c004a14c   _Audio_Task
c004a3c0   _DIO_tskReclaim
c004a3e8   _DIO_tskReady
c004a404   _DIO_tskIssue
c004a4ac   _DIO_tskIdle
c004a5a0   _DIO_tskCallback
c004a640   __divull
c004b6c0   _sinf
c004b900   _I2c_localPrepareForTransfer
c004bb20   _Mcasp_localSetupEdmaDuringOpen
c004d940   __divul
c004de20   _HOSTrename
c004dfa0   _I2c_localEnsureIsReadyforNext
c004e120   _Mcasp_localEdmaProcessPkt
c004e2a0   _Psc_ModuleClkCtrl
c004eea0   _setvbuf
c004f020   _I2c_localGetNextChannel
c004faa0   _fputc
c004faa0   _putc
c0050220   _I2c_localEdmaChanRequest
c0050340   _Mcasp_localCancelAndAbortAllIo
c0050460   _Mcasp_localResetXmt
c0050580   _fclose
c00507c0   _HOSTlseek
c00508c0   _I2c_init
c0050bc0   _Mcasp_localResetRcv
c0050dc0   __wrt_ok
c0050ec0   _call_dtors
c0050fc0   _fflush
c00517c0   _audioUserAic31Init
c0051810   _audioUserMcaspInit
c005184c   _audioUserAudioInit
c00518c0   _HOSTopen
c00519a0   _Mcasp_localAbortRequests
c0051a80   _Mcasp_localCompleteCurrentIo
c0051b60   _Mcasp_localSmReset
c0051c40   _Mcasp_localSmSet
c0051d20   _atoi
c0051ee0   _close
c0052260   _memset
c0052340   _HOSTread
c0052400   _HOSTunlink
c00524c0   _HOSTwrite
c0052580   __cleanup
c0052700   __c6xabi_divu
c0052700   __divu
c00527c0   __doflush
c0052880   _atexit
c0052940   _fseek
c0052ac0   _lseek
c0052b80   _ltoa
c0053000   _write
c0053180   _Aic31_init
c0053220   _HOSTclose
c00532c0   _Mcasp_localActivateSmFsForBoth
c0053360   __divli
c0053540   __fixdli
c0053680   __c6xabi_remu
c0053680   __remu
c0053e00   _memcpy
c0053ea0   _Mcasp_localActivateSmFsForRcv
c0053f20   _Mcasp_localActivateSmFsForXmt
c0053fa0   __fixdu
c0054020   __fltlid
c00540a0   __llshl
c0054120   __roundf
c00541a0   _audioUserI2cInit
c0054220   _configureAudio
c00542a0   _fprintf
c0054520   _readmsg
c00545a0   _unlink
c0054620   _Audio_init
c0054680   _Mcasp_localGetNextIndex
c00546e0   __abort_msg
c0054740   __subcull
c0054800   _memccpy
c0054860   _modff
c00548c0   _writemsg
c0054918   C$$IO$$
c0054920   ___add_dtor
c0054960   ___isinf
c00549e0   __frcmpyd_div
c0054a20   __llshru
c0054a60   __remli
c0054aa0   __c6xabi_strasgi_64plus
c0054aa0   __strasgi_64plus
c0054ae0   _DIO_ctrl
c0054b20   __negll
c0054b40   __nop
c0054ba0   __register_lock
c0054bc0   __register_unlock
c0054be0   __truncf
c0054c00   C$$EXIT
c0054c00   _abort
c0054c60   _mcaspIsr
c0054c80   _remove
c0055060   ___etext__
c0055060   etext
c0055140   _SYS_vsprintf
c0055760   _SYS_vprintf
c005576c   _SYS_sprintf
c00557a0   _SYS_printf
c00557e0   LNK_F_checkBufferCall
c0055800   LNK_F_getChanPtr
c0055858   LNK_F_init
c0055860   LNK_F_dataPump
c0055870   LNK_rcloop
c0055934   LNK_rdrtry
c0055944   LNK_rrloop
c0055a04   LNK_wrrtry
c0055a10   LNK_wrloop
c0055ae0   LNK_newin
c0055c14   LNK_newout
c0055d68   LNK_F_readCallBack
c0055da0   _EXC_nmi
c0055dd4   _EXC_internal
c0056080   _EXC_init
c00560c0   _EXC_getLastStatus
c00560e0   _EXC_external
c0056114   _EXC_exceptionHandler
c00562f0   _EXC_clearLastStatus
c0056320   CLK_HOOKFXN
c0056320   HWI_F_dispatch
c0056320   _HWI_F_dispatch
c0056320   __HWI_lat1beg
c00564a8   __HWI_lat1end
c00564a8   __HWI_lat2beg
c0056610   __HWI_lat2end2
c0056640   __HWI_lat3end2
c0056684   __HWI_lat2end1
c00566a0   __HWI_lat3beg
c0056800   SWI_F_enable
c0056800   __SWI_lat3beg
c005686c   __SWI_lat3end
c0056870   SWI_F_post
c0056870   _SWI_post
c0056978   __SWI_lat1beg
c00569e4   SWI_EXECFXN
c00569e4   SWI_F_exec
c0056a0c   SWI_F_iexec
c0056a24   __SWI_lat1end
c0056a28   __SWI_lat2beg
c0056a88   __SWI_lat2end
c0056a8c   SWI_F_run
c0056a8c   SWI_RUNFXN
c0056cc0   PRD_F_swi
c0056f44   PRD_F_tick
c0057040   _SIO_create
c0057360   _free
c0057384   _malloc
c00573e4   _realloc
c00574c8   _memalign
c005758c   _calloc
c00575e0   RTA_F_getlog
c0057618   RTA_F_getsts
c0057658   RTA_F_readblk
c0057674   RTA_F_writeword
c0057680   RTA_F_resetmem
c0057680   __RTA_lat1beg
c00576b4   __RTA_lat1end
c00576c0   RTA_F_dispatch
c005770c   RTA_execute
c0057860   _KNL_run
c0057aa0   _MEM_alloc
c0057e74   PRD_THOOKFXN
c0057e74   _KNL_tick
c0057ea0   _MEM_free
c0058080   _EXC_dispatch
c0058244   _EXC_setReturnPtr
c0058260   PIP_F_take
c00582d8   PIP_F_give
c00582d8   PIP_F_probe
c00583a8   PIP_F_start
c0058440   _SEM_pendEnterKnl
c0058620   _SIO_delete
c0058800   __SEM_dopost
c00589a0   _TSK_setup
c0058b40   CLK_F_getltime
c0058b50   CLK_F_isr
c0058c90   CLK_F_itime
c0058c90   _CLK_F_itime
c0058c90   _CLK_itime
c0058cb0   __CLK_lat1beg
c0058cd0   __CLK_lat1end
c0058ce0   _KNL_saveIsrFrame
c0058d8c   _KNL_switch
c0058e38   KNL_glue
c0058f90   _BCACHE_wbInv
c0058fa4   _BCACHE_wb
c0058fb4   _BCACHE_inv
c0058fe0   __auto_init
c0059120   _TSK_exit
c0059260   _BCACHE_setSize
c00592a4   _BCACHE_setMar
c00592f4   _BCACHE_setCacheToSram
c0059324   _BCACHE_getSize
c0059374   _BCACHE_getMar
c0059408   _GBL_cacheInit64P
c00594c0   _KNL_check
c005950c   __KNL_lat1beg
c0059588   _KNL_idle
c0059588   __KNL_lat1end
c00595b0   _KNL_max
c0059684   _TSK_startup
c0059700   _ECM_dispatch
c0059800   _SEM_post
c0059800   _SEM_postBinary
c00598e0   _DEV_match
c00599a0   _KNL_exit
c00599e0   _KNL_enter
c0059a60   _SIO_reclaim
c0059b20   _DEV_mkframe
c0059bc0   _OBJ_create
c0059c60   _SEM_postEnterKnl
c0059d00   _SWI_setattrs
c0059da0   _SYS_exit
c0059e40   LOG_F_event
c0059e40   _LOG_event
c0059e40   __LOG_lat1beg
c0059ee0   _ATM_andi
c0059ee0   _ATM_andu
c0059ef0   _ATM_cleari
c0059ef0   _ATM_clearu
c0059f00   _ATM_deci
c0059f00   _ATM_decu
c0059f10   _ATM_inci
c0059f10   _ATM_incu
c0059f24   _ATM_ori
c0059f24   _ATM_oru
c0059f34   _ATM_seti
c0059f34   _ATM_setu
c0059f60   _KNL_ipost
c0059fe0   _KNL_post
c005a060   _LCK_post
c005a080   _LCK_pend
c005a0e0   _SEM_create
c005a160   _SWI_create
c005a1e0   _TSK_enable
c005a204   _TSK_disable
c005a260   _BCACHE_wait
c005a2e0   IDL_F_calibrate
c005a360   _SIO_issue
c005a3e0   _MEM_valloc
c005a440   _SYS_error
c005a4a0   _DEV_rmframe
c005a500   FXN_F_nop
c005a504   FXN_F_run
c005a504   _FXN_F_run
c005a540   FXN_F_zero
c005a540   _FXN_F_zero
c005a560   _HWI_disable
c005a578   _HWI_enable
c005a58c   _HWI_restore
c005a5c0   IDL_F_busy
c005a5c0   __IDL_lat1beg
c005a600   __IDL_lat1end
c005a620   _OBJ_delete
c005a680   _SEM_pend
c005a6e0   STS_F_delta
c005a6e0   _STS_delta
c005a70c   STS_F_add
c005a70c   _STS_add
c005a728   STS_F_reset
c005a728   _STS_reset
c005a740   _SYS_abort
c005a7a0   _CLK_measure
c005a800   _C62_disableIER
c005a800   _C64_disableIER
c005a818   _C62_enableIER
c005a818   _C64_enableIER
c005a82c   _C62_clearIFR
c005a82c   _C64_clearIFR
c005a840   _ECM_disableEvent
c005a880   _ECM_dispatchPlug
c005a8c0   _ECM_enableEvent
c005a900   IDL_CALIBRFXN
c005a900   IDL_F_stub
c005a940   _QUE_create
c005a980   _QUE_get
c005a980   __QUE_lat1beg
c005a9a0   __QUE_lat1end
c005a9a8   _QUE_put
c005a9a8   __QUE_lat2beg
c005a9b4   __QUE_lat2end
c005a9c0   RTA_F_andn
c005a9d8   RTA_F_or
c005aa00   SYS_ABORTFXN
c005aa00   _UTL_doAbort
c005aa40   SYS_PUTCFXN
c005aa40   _UTL_doPutc
c005aa80   GBL_USERINITFXN
c005aa80   GIO_CREATEFXN
c005aa80   GIO_DELETEFXN
c005aa80   GIO_PENDFXN
c005aa80   GIO_POSTFXN
c005aa80   TSK_VCREATEFXN
c005aa80   TSK_VDELETEFXN
c005aa80   TSK_VEXITFXN
c005aa80   _BCACHE_bootInit
c005aa80   _FXN_F_nop
c005aaa0   _GBL_getVersion
c005aac0   IDL_F_loop
c005aac0   _IDL_loop
c005aae0   _SEM_delete
c005ab00   _STS_set
c005ab20   _SYS_zero
c005ab28   _SYS_one
c005ab40   SYS_ERRORFXN
c005ab40   _UTL_doError
c005ab60   SYS_EXITFXN
c005ab60   _UTL_halt
c005ab80   CLK_F_gethtime
c005ab80   CLK_TIMEFXN
c005ab80   _CLK_gethtime
c005aba0   _HSRTDX_rec
c005ae40   _RTDX_Buffer_WriteCB
c005b300   _HSRTDX_xmt
c005b600   _RTDX_Mon_Queue
c005b860   _RTDX_Poll
c005b900   _RTDX_Final_RT_Monitor
c005b980   _RTDX_Buffer_Initialize
c005b9e0   _RTDX_Init_RT_Monitor
c005ba40   _RTDX_Buffer_ReadCB
c005ba80   _RTDX_Buffer_Size
c005bac0   _RTDX_memfill
c005bb00   _RTDX_Buffer_Read
c005bb20   _RTDX_Buffer_Write
c005bb40   _RTDX_Mask_IER
c005bb60   BIOS_init
c005bb60   _BIOS_init
c005bce4   BIOS$$CLKON
c005bd24   BIOS$$CLKOFF
c005bde0   BIOS_start
c005bde0   _BIOS_start
c005bf20   _DEV_init
c005c020   _c_int00
c005c0e0   _MEM_init
c005c1a0   _TSK_init
c005c200   _DIO_init
c005c400   HWI_A_VECS
c005c400   hwi0
c005c420   hwi1
c005c440   hwi2
c005c460   hwi3
c005c480   hwi4
c005c4a0   hwi5
c005c4c0   hwi6
c005c4e0   hwi7
c005c500   hwi8
c005c520   hwi9
c005c540   hwi10
c005c560   hwi11
c005c580   hwi12
c005c5a0   hwi13
c005c5c0   hwi14
c005c5e0   hwi15
ffffffff   CACHE_L1D
ffffffff   CACHE_L1P
ffffffff   ECM_EVTMASK0
ffffffff   ECM_EVTMASK1
ffffffff   ECM_EVTMASK2
ffffffff   ECM_EVTMASK3
ffffffff   HST_DSMBUFSEG
ffffffff   IRAM
ffffffff   L3_CBA_RAM
ffffffff   RTDX_DATAMEMSEG
ffffffff   _CACHE_L1D
ffffffff   _CACHE_L1P
ffffffff   _IRAM
ffffffff   _L3_CBA_RAM
ffffffff   ___TI_pprof_out_hndl
ffffffff   ___TI_prof_data_size
ffffffff   ___TI_prof_data_start
ffffffff   ___binit__
ffffffff   ___c_args__
ffffffff   binit

[1343 symbols]
