******************************************************************************
               TMS320C6x Linker PC v7.3.4                      
******************************************************************************
>> Linked Fri Sep 14 15:56:49 2012

OUTPUT FILE NAME:   <Lab2.out>
ENTRY POINT SYMBOL: "_c_int00"  address: c005c600


MEMORY CONFIGURATION

         name            origin    length      used     unused   attr    fill
----------------------  --------  ---------  --------  --------  ----  --------
  IRAM                  11800000   00040000  00038781  0000787f  RWIX
  CACHE_L1P             11e00000   00008000  00000000  00008000  RWIX
  CACHE_L1D             11f00000   00008000  00000000  00008000  RWIX
  L3_CBA_RAM            80000000   00020000  00000000  00020000  RWIX
  SDRAM                 c0000000   04000000  0005ca00  03fa3600  RWIX


SECTION ALLOCATION MAP

 output                                  attributes/
section   page    origin      length       input sections
--------  ----  ----------  ----------   ----------------
.vers      0    00000000    00000040     COPY SECTION
                  00000000    00000040     audioSamplecfg.obj (.vers)

.prd       0    11800000    00000000     UNINITIALIZED

.far       0    11800000    00014da4     UNINITIALIZED
                  11800000    0000637c     ti.pspiom.mcasp.a674 : Mcasp.obj (.far)
                  1180637c    00000004     bios.a674 : que_crea.o674 (.far)
                  11806380    00004900     edma3_drv_bios_c674.lib : edma3_drv_init.obj (.far)
                  1180ac80    000041d8     audioSample_io.obj (.far)
                  1180ee58    00002dc8     edma3_rm_bios.lib : edma3resmgr.obj (.far)
                  11811c20    00001280                       : edma3_rm_gbl_data.obj (.far)
                  11812ea0    00000ae8                       : edma3_c6747_cfg.obj (.far)
                  11813988    0000039c     edma3_drv_bios_sample.lib : bios_edma3_drv_sample_c6747_cfg.obj (.far)
                  11813d24    00000004     bios6747.a674 : bcache_wait.o674 (.far)
                  11813d28    00000324     rts6740.lib : defs.obj (.far)
                  1181404c    00000004     bios6747.a674 : clk_data.o674 (.far)
                  11814050    000002b8     ti.pspiom.i2c.a674 : I2c.obj (.far)
                  11814308    000001ac     ti.pspiom.platforms.codec.a674 : Aic31.obj (.far)
                  118144b4    00000004     rts6740.lib : fopen.obj (.far)
                  118144b8    00000188                 : atexit.obj (.far)
                  11814640    0000016c     ti.pspiom.platforms.evm6747.audio.a674 : Audio.obj (.far)
                  118147ac    00000004     rts6740.lib : sinit.obj (.far)
                  118147b0    0000011c                 : lowlev.obj (.far)
                  118148cc    000000f8     audioSample_main.obj (.far)
                  118149c4    00000004     --HOLE--
                  118149c8    000000d8     bios.a674 : knl.o674 (.far)
                  11814aa0    000000d0     rts6740.lib : trgdrv.obj (.far)
                  11814b70    0000005c     bios.a674 : tsk.o674 (.far)
                  11814bcc    00000004     --HOLE--
                  11814bd0    00000054               : obj_init.o674 (.far)
                  11814c24    00000050               : tsk_stup.o674 (.far)
                  11814c74    00000024     ti.pspiom.platforms.evm6747.evmInit.a674 : audio_evmInit.obj (.far)
                  11814c98    00000020     bios.a674 : sys.o674 (.far)
                  11814cb8    00000020     edma3_drv_bios_sample.lib : bios_edma3_drv_sample_init.obj (.far)
                  11814cd8    0000001c     drivers.a674 : dio_tskDynamic.o674 (.far)
                  11814cf4    0000001c     sioboth.a674 : sio.o674 (.far)
                  11814d10    00000018     rtdx64xplus.lib : rtdx_mon.o64P (.far)
                  11814d28    00000014     bios.a674 : swi_seta.o674 (.far)
                  11814d3c    00000010               : exc.o674 (.far)
                  11814d4c    00000010               : knl_tick.o674 (.far)
                  11814d5c    00000004     --HOLE--
                  11814d60    00000010     rts6740.lib : sinf.obj (.far)
                  11814d70    0000000c     bios.a674 : utl_putc.o674 (.far)
                  11814d7c    0000000c     rts6740.lib : exit.obj (.far)
                  11814d88    00000008     bios.a674 : ecm_dispatch.o674 (.far)
                  11814d90    00000008               : sem_crea.o674 (.far)
                  11814d98    00000008     rts6740.lib : _lock.obj (.far)
                  11814da0    00000004     bios.a674 : dev_init.o674 (.far)

.data      0    11800000    00000000     UNINITIALIZED

.args      0    11814da4    00000004     
                  11814da4    00000004     --HOLE-- [fill = 0]

.stack     0    11814da8    00010000     UNINITIALIZED
                  11814da8    00010000     --HOLE--

.cinit     0    11824da8    00002844     
                  11824da8    000010dc     audioSamplecfg.obj (.cinit)
                  11825e84    00000004     --HOLE-- [fill = 0]
                  11825e88    00000588     edma3_rm_bios.lib : edma3_c6747_cfg.obj (.cinit)
                  11826410    00000428     edma3_drv_bios_sample.lib : bios_edma3_drv_sample_c6747_cfg.obj (.cinit)
                  11826838    0000026c     bios.a674 : biosdata.o674 (.cinit)
                  11826aa4    00000004     --HOLE-- [fill = 0]
                  11826aa8    000001a4               : knl.o674 (.cinit)
                  11826c4c    00000004     --HOLE-- [fill = 0]
                  11826c50    00000154     audioSample_io.obj (.cinit)
                  11826da4    00000004     --HOLE-- [fill = 0]
                  11826da8    000000b0     bios.a674 : swi.o674 (.cinit)
                  11826e58    00000080               : tsk.o674 (.cinit)
                  11826ed8    0000007a     edma3_rm_bios.lib : edma3resmgr.obj (.cinit)
                  11826f52    00000006     --HOLE-- [fill = 0]
                  11826f58    00000068     rtdx64xplus.lib : rtdx_mon.o64P (.cinit)
                  11826fc0    00000060     bios.a674 : tsk_stup.o674 (.cinit)
                  11827020    0000005c     lnkrtdx.a674 : rtdx.o674 (.cinit)
                  1182707c    00000004     --HOLE-- [fill = 0]
                  11827080    0000005c     rts6740.lib : defs.obj (.cinit)
                  118270dc    00000004     --HOLE-- [fill = 0]
                  118270e0    0000005c                 : lowlev.obj (.cinit)
                  1182713c    00000004     --HOLE-- [fill = 0]
                  11827140    0000004c     bios.a674 : rta.o674 (.cinit)
                  1182718c    00000004     --HOLE-- [fill = 0]
                  11827190    0000004c     edma3_rm_bios.lib : edma3_rm_gbl_data.obj (.cinit)
                  118271dc    00000004     --HOLE-- [fill = 0]
                  118271e0    0000004c     rtdx64xplus.lib : buffer1.o64P (.cinit)
                  1182722c    00000004     --HOLE-- [fill = 0]
                  11827230    00000048     edma3_drv_bios_sample.lib : bios_edma3_drv_sample_init.obj (.cinit)
                  11827278    0000003c     bios.a674 : exc.o674 (.cinit)
                  118272b4    00000004     --HOLE-- [fill = 0]
                  118272b8    0000003c     ti.pspiom.mcasp.a674 : Mcasp.obj (.cinit)
                  118272f4    00000004     --HOLE-- [fill = 0]
                  118272f8    00000034     bios.a674 : hwi.o674 (.cinit)
                  1182732c    00000004     --HOLE-- [fill = 0]
                  11827330    00000030     ti.pspiom.platforms.codec.a674 : Aic31.obj (.cinit)
                  11827360    00000030     ti.pspiom.platforms.evm6747.audio.a674 : Audio.obj (.cinit)
                  11827390    0000002c     bios.a674 : utl_putc.o674 (.cinit)
                  118273bc    00000004     --HOLE-- [fill = 0]
                  118273c0    0000002c     rts6740.lib : exit.obj (.cinit)
                  118273ec    00000004     --HOLE-- [fill = 0]
                  118273f0    00000024     bios.a674 : obj_init.o674 (.cinit)
                  11827414    00000004     --HOLE-- [fill = 0]
                  11827418    00000024     drivers.a674 : dio_tskDynamic.o674 (.cinit)
                  1182743c    00000004     --HOLE-- [fill = 0]
                  11827440    00000024     sioboth.a674 : sio.o674 (.cinit)
                  11827464    00000004     --HOLE-- [fill = 0]
                  11827468    0000001c     bios.a674 : exc_asm.o674 (.cinit)
                  11827484    00000004     --HOLE-- [fill = 0]
                  11827488    0000001c               : swi_seta.o674 (.cinit)
                  118274a4    00000004     --HOLE-- [fill = 0]
                  118274a8    0000001c               : sys.o674 (.cinit)
                  118274c4    00000004     --HOLE-- [fill = 0]
                  118274c8    0000001c     rts6740.lib : _lock.obj (.cinit)
                  118274e4    00000004     --HOLE-- [fill = 0]
                  118274e8    0000001c                 : atexit.obj (.cinit)
                  11827504    00000004     --HOLE-- [fill = 0]
                  11827508    00000018     bios.a674 : knl_tick.o674 (.cinit)
                  11827520    00000018     rts6740.lib : sinf.obj (.cinit)
                  11827538    00000010     bios.a674 : sem_crea.o674 (.cinit)
                  11827548    0000000e               : ecm_dispatch.o674 (.cinit)
                  11827556    00000002     --HOLE-- [fill = 0]
                  11827558    0000000c               : idl_busy.o674 (.cinit)
                  11827564    00000004     --HOLE-- [fill = 0]
                  11827568    0000000c               : knl_swit.o674 (.cinit)
                  11827574    00000004     --HOLE-- [fill = 0]
                  11827578    0000000c               : que_crea.o674 (.cinit)
                  11827584    00000004     --HOLE-- [fill = 0]
                  11827588    0000000c               : tsk_disa.o674 (.cinit)
                  11827594    00000004     --HOLE-- [fill = 0]
                  11827598    0000000c     bios6747.a674 : bcache_wait.o674 (.cinit)
                  118275a4    00000004     --HOLE-- [fill = 0]
                  118275a8    0000000c     rts6740.lib : fopen.obj (.cinit)
                  118275b4    00000004     --HOLE-- [fill = 0]
                  118275b8    0000000c                 : sinit.obj (.cinit)
                  118275c4    00000004     --HOLE-- [fill = 0]
                  118275c8    0000000c     ti.pspiom.i2c.a674 : I2c.obj (.cinit)
                  118275d4    00000004     --HOLE-- [fill = 0]
                  118275d8    0000000a     edma3_drv_bios_c674.lib : edma3_drv_init.obj (.cinit)
                  118275e2    00000006     --HOLE-- [fill = 0]
                  118275e8    00000004     (.pad.cinit) [fill = 0]

.mem       0    118275ec    00000004     UNINITIALIZED
                  118275ec    00000004     audioSamplecfg.obj (.mem)

.bss       0    118275f0    000007fc     UNINITIALIZED
                  118275f0    00000440     audioSamplecfg.obj (.bss)
                  11827a30    00000100     bios.a674 : hwi_disp_asm.o674 (.bss)
                  11827b30    000000cc               : biosdata.o674 (.bss)
                  11827bfc    0000009c               : swi.o674 (.bss)
                  11827c98    00000048               : knl.o674 (.bss)
                  11827ce0    00000020               : exc_asm.o674 (.bss)
                  11827d00    0000001c     edma3_drv_bios_sample.lib : bios_edma3_drv_sample_c6747_cfg.obj (.bss)
                  11827d1c    00000018     bios.a674 : hwi.o674 (.bss)
                  11827d34    00000018     lnkrtdx.a674 : rtdx.o674 (.bss)
                  11827d4c    00000014     audioSample_io.obj (.bss)
                  11827d60    00000014     edma3_rm_bios.lib : edma3_rm_gbl_data.obj (.bss)
                  11827d74    00000010     bios.a674 : exc.o674 (.bss)
                  11827d84    00000010     rtdx64xplus.lib : buffer1.o64P (.bss)
                  11827d94    00000010                     : rtdx_mon.o64P (.bss)
                  11827da4    0000000c     bios.a674 : tsk.o674 (.bss)
                  11827db0    0000000a     edma3_rm_bios.lib : edma3resmgr.obj (.bss)
                  11827dba    00000002     edma3_drv_bios_c674.lib : edma3_drv_init.obj (.bss)
                  11827dbc    00000008     bios.a674 : clk_data.o674 (.bss)
                  11827dc4    00000008               : sys.o674 (.bss)
                  11827dcc    00000008     edma3_drv_bios_sample.lib : bios_edma3_drv_sample_init.obj (.bss)
                  11827dd4    00000004     bios.a674 : clk_data2.o674 (.bss)
                  11827dd8    00000004               : dev_init.o674 (.bss)
                  11827ddc    00000004               : idl_busy.o674 (.bss)
                  11827de0    00000004               : mem_asm.o674 (.bss)
                  11827de4    00000004               : tsk_disa.o674 (.bss)
                  11827de8    00000004     ti.pspiom.mcasp.a674 : Mcasp.obj (.bss)

.trace     0    11827dec    00000200     
                  11827dec    00000200     --HOLE-- [fill = 00000000]

.dio       0    11827fec    00000010     UNINITIALIZED
                  11827fec    00000010     audioSamplecfg.obj (.dio)

.DVTEvent_Log$buf 
*          0    11828000    00008000     UNINITIALIZED
                  11828000    00008000     audioSamplecfg.obj (.DVTEvent_Log$buf)

.const     0    11830000    0000361d     
                  11830000    000012d0     ti.pspiom.mcasp.a674 : Mcasp.obj (.const:.string)
                  118312d0    000007fc                          : Mcasp_ioctl.obj (.const:.string)
                  11831acc    0000063c     ti.pspiom.i2c.a674 : I2c.obj (.const:.string)
                  11832108    00000518     ti.pspiom.platforms.codec.a674 : Aic31.obj (.const:.string)
                  11832620    000003d8     ti.pspiom.mcasp.a674 : Mcasp_edma.obj (.const:.string)
                  118329f8    000002f0     edma3_rm_bios.lib : edma3resmgr.obj (.const:.string)
                  11832ce8    00000193     bios.a674 : exc.o674 (.const:.string)
                  11832e7b    00000001     --HOLE-- [fill = 0]
                  11832e7c    0000013c     ti.pspiom.i2c.a674 : I2c_edma.obj (.const:.string)
                  11832fb8    0000010c     ti.pspiom.mcasp.a674 : Mcasp.obj (.const)
                  118330c4    00000004     bios.a674 : mem_allo.o674 (.const:.string)
                  118330c8    00000101     rts6740.lib : ctype.obj (.const:__ctypes_)
                  118331c9    00000003                 : assert.obj (.const:.string)
                  118331cc    00000094     edma3_drv_bios_c674.lib : edma3_drv_basic.obj (.const:.string)
                  11833260    00000080                             : edma3_drv_init.obj (.const:.string)
                  118332e0    00000060     ti.pspiom.mcasp.a674 : Mcasp_edma.obj (.const)
                  11833340    0000004e     bios.a674 : tsk_stup.o674 (.const:.string)
                  1183338e    00000002     rts6740.lib : fputs.obj (.const:.string)
                  11833390    0000004c     ti.pspiom.i2c.a674 : I2c.obj (.const)
                  118333dc    00000048     ti.pspiom.platforms.evm6747.audio.a674 : Audio.obj (.const:.string)
                  11833424    00000047     audioSamplecfg.obj (.const)
                  1183346b    00000001     --HOLE-- [fill = 0]
                  1183346c    00000038     ti.pspiom.psc.a674 : Psc.obj (.const:.string)
                  118334a4    00000028     ti.pspiom.platforms.codec.a674 : Aic31.obj (.const)
                  118334cc    00000023     bios.a674 : utl_doab.o674 (.const:.string)
                  118334ef    00000023     rts6740.lib : _printfi.obj (.const:.string)
                  11833512    00000022     bios.a674 : utl_doer.o674 (.const:.string)
                  11833534    00000020               : dev_init.o674 (.const:.string)
                  11833554    00000020     ti.pspiom.i2c.a674 : I2c_edma.obj (.const)
                  11833574    00000020     ti.pspiom.mcasp.a674 : Mcasp_ioctl.obj (.const)
                  11833594    00000020     ti.pspiom.platforms.evm6747.audio.a674 : Audio.obj (.const)
                  118335b4    0000001c     audioSample_io.obj (.const:.string)
                  118335d0    00000018     audioSample_main.obj (.const:.string)
                  118335e8    00000011     bios.a674 : sys_prin.o674 (.const:_digtohex)
                  118335f9    0000000f               : sys_prin.o674 (.const:.string)
                  11833608    00000008     edma3_drv_bios_sample.lib : bios_edma3_drv_sample_init.obj (.const)
                  11833610    00000004     bios.a674 : mem_free.o674 (.const:.string)
                  11833614    00000004     sioboth.a674 : sio_crea.o674 (.const:.string)
                  11833618    00000001     bios.a674 : sem_crea.o674 (.const:.string)
                  11833619    00000003     --HOLE-- [fill = 0]
                  1183361c    00000001               : tsk.o674 (.const:.string)

.printf    0    1183361d    00000059     COPY SECTION
                  1183361d    00000059     audioSamplecfg.obj (.printf)

.echoTask$stk 
*          0    11833620    00002000     UNINITIALIZED
                  11833620    00002000     audioSamplecfg.obj (.echoTask$stk)

.hst1      0    11835620    00000010     UNINITIALIZED
                  11835620    00000010     audioSamplecfg.obj (.hst1)

.idl       0    11835630    00000010     UNINITIALIZED
                  11835630    00000010     audioSamplecfg.obj (.idl)

.rtdx_data 
*          0    11835640    000004f4     UNINITIALIZED
                  11835640    00000080     --HOLE--
                  118356c0    00000410     audioSamplecfg.obj (.rtdx_data)
                  11835ad0    00000044     rtdx64xplus.lib : rtdx_mon.o64P (.rtdx_data)
                  11835b14    00000020                     : buffer1.o64P (.rtdx_data)

.TSK_idle$stk 
*          0    11835b38    00000400     UNINITIALIZED
                  11835b38    00000400     audioSamplecfg.obj (.TSK_idle$stk)

.pip       0    11835f38    000000c8     UNINITIALIZED
                  11835f38    000000c8     audioSamplecfg.obj (.pip)

.LOG_system$buf 
*          0    11836000    00001000     UNINITIALIZED
                  11836000    00001000     audioSamplecfg.obj (.LOG_system$buf)

.trace$buf 
*          0    11837000    00001000     UNINITIALIZED
                  11837000    00001000     audioSamplecfg.obj (.trace$buf)

.switch    0    11838000    00000240     
                  11838000    000000a0     edma3_rm_bios.lib : edma3resmgr.obj (.switch)
                  118380a0    00000060     edma3_drv_bios_c674.lib : edma3_drv_adv.obj (.switch)
                  11838100    00000058                             : edma3_drv_basic.obj (.switch)
                  11838158    00000054     ti.pspiom.mcasp.a674 : Mcasp_ioctl.obj (.switch)
                  118381ac    00000028     edma3_drv_bios_sample.lib : bios_edma3_drv_sample_cs.obj (.switch)
                  118381d4    00000020     ti.pspiom.i2c.a674 : I2c.obj (.switch)
                  118381f4    00000020     ti.pspiom.platforms.codec.a674 : Aic31.obj (.switch)
                  11838214    0000001c     ti.pspiom.mcasp.a674 : Mcasp_edma.obj (.switch)
                  11838230    00000010     audioSample_io.obj (.switch:_Audio_Task)

.cio       0    11838240    00000120     UNINITIALIZED
                  11838240    00000120     rts6740.lib : trgmsg.obj (.cio)

.hst0      0    11838360    00000100     UNINITIALIZED
                  11838360    00000100     audioSamplecfg.obj (.hst0)

.devtable 
*          0    11838460    000000d8     UNINITIALIZED
                  11838460    000000d8     audioSamplecfg.obj (.devtable)

.tsk       0    11838538    000000c0     UNINITIALIZED
                  11838538    000000c0     audioSamplecfg.obj (.tsk)

.gblinit   0    118385f8    00000064     
                  118385f8    00000064     audioSamplecfg.obj (.gblinit)

.log       0    1183865c    00000048     
                  1183865c    00000048     audioSamplecfg.obj (.log)

.sts       0    118386a4    00000040     
                  118386a4    00000040     audioSamplecfg.obj (.sts)

.hst       0    118386e4    0000003c     UNINITIALIZED
                  118386e4    0000003c     audioSamplecfg.obj (.hst)

.swi       0    11838720    0000002c     UNINITIALIZED
                  11838720    0000002c     audioSamplecfg.obj (.swi)

.idlcal    0    1183874c    00000010     UNINITIALIZED
                  1183874c    00000010     audioSamplecfg.obj (.idlcal)

.sys       0    1183875c    00000010     UNINITIALIZED
                  1183875c    00000010     audioSamplecfg.obj (.sys)

.pinit     0    1183876c    0000000c     
                  1183876c    00000004     rtdx64xplus.lib : buffer1.o64P (.pinit)
                  11838770    00000004                     : rtdx_mon.o64P (.pinit)
                  11838774    00000004     --HOLE-- [fill = 0]

.trcdata   0    11838778    0000000c     
                  11838778    0000000c     bios.a674 : trc.o674 (.trcdata)

.clk       0    11838784    00000008     UNINITIALIZED
                  11838784    00000008     audioSamplecfg.obj (.clk)

.SDRAM$heap 
*          0    c0000000    00030000     UNINITIALIZED
                  c0000000    00030000     --HOLE--

.text      0    c0030000    00025640     
                  c0030000    00007620     edma3_rm_bios.lib : edma3resmgr.obj (.text)
                  c0037620    000029a0     edma3_drv_bios_c674.lib : edma3_drv_basic.obj (.text)
                  c0039fc0    00002020                             : edma3_drv_adv.obj (.text)
                  c003bfe0    00000f60     ti.pspiom.mcasp.a674 : Mcasp_ioctl.obj (.text:_Mcasp_localSubmitIoctl)
                  c003cf40    00000ca0                          : Mcasp.obj (.text:_mcaspMdCreateChan)
                  c003dbe0    00000c80     edma3_drv_bios_c674.lib : edma3_drv_init.obj (.text)
                  c003e860    00000aa0     ti.pspiom.mcasp.a674 : Mcasp.obj (.text:_mcaspMdBindDev)
                  c003f300    00000660                          : Mcasp_edma.obj (.text:_Mcasp_localEdmaCallback)
                  c003f960    00000660     ti.pspiom.platforms.codec.a674 : Aic31.obj (.text:_aic31SetSamplingRate)
                  c003ffc0    000005e0     audioSample_io.obj (.text)
                  c00405a0    000005a0     rts6740.lib : divd.obj (.text:__divd)
                  c0040b40    00000580                 : _printfi.obj (.text:__getarg_diouxp)
                  c00410c0    00000540     ti.pspiom.mcasp.a674 : Mcasp_edma.obj (.text:_Mcasp_localEdmaChanPaRAMsetup)
                  c0041600    00000540     ti.pspiom.i2c.a674 : I2c.obj (.text:_i2cMdBindDev)
                  c0041b40    00000520     ti.pspiom.mcasp.a674 : Mcasp.obj (.text:_Mcasp_localAbortReset)
                  c0042060    00000500                          : Mcasp.obj (.text:_Mcasp_init)
                  c0042560    00000500     ti.pspiom.i2c.a674 : I2c.obj (.text:_i2cMdCreateChan)
                  c0042a60    000004e0     ti.pspiom.platforms.codec.a674 : Aic31.obj (.text:_aic31MdCreateChan)
                  c0042f40    00000480     ti.pspiom.mcasp.a674 : Mcasp_edma.obj (.text:_Mcasp_localGetIndicesSyncType)
                  c00433c0    00000480     rts6740.lib : _printfi.obj (.text:__setfield)
                  c0043840    00000480     ti.pspiom.i2c.a674 : I2c.obj (.text:_i2cIntrHandler)
                  c0043cc0    00000460     ti.pspiom.mcasp.a674 : Mcasp.obj (.text:_Mcasp_localConfigXmtSection)
                  c0044120    00000440     rts6740.lib : _printfi.obj (.text:__printfi)
                  c0044560    00000420     ti.pspiom.mcasp.a674 : Mcasp.obj (.text:_Mcasp_localConfigRcvSection)
                  c0044980    00000420     ti.pspiom.platforms.evm6747.audio.a674 : Audio.obj (.text:_audioMdCreateChan)
                  c0044da0    00000420     ti.pspiom.mcasp.a674 : Mcasp.obj (.text:_mcaspSubmitReq)
                  c00451c0    00000400                          : Mcasp.obj (.text:_Mcasp_localSetupHwInfo)
                  c00455c0    00000400     ti.pspiom.i2c.a674 : I2c.obj (.text:_i2cPolledModeTransfer)
                  c00459c0    000003e0                        : I2c.obj (.text:_i2cMdControlChan)
                  c0045da0    000003a0     ti.pspiom.platforms.codec.a674 : Aic31.obj (.text:_aic31MdControlChan)
                  c0046140    000003a0                                    : Aic31.obj (.text:_aic31SelectOutputDest)
                  c00464e0    00000380     ti.pspiom.mcasp.a674 : Mcasp_edma.obj (.text:_Mcasp_localUpdtDtPktToLnkPrms)
                  c0046860    00000380                          : Mcasp_ioctl.obj (.text:_mcaspGetHwStatus)
                  c0046be0    00000360     ti.pspiom.i2c.a674 : I2c.obj (.text:_i2cCompleteIOInIsr)
                  c0046f40    00000360     ti.pspiom.mcasp.a674 : Mcasp_ioctl.obj (.text:_mcaspConfigLoopBack)
                  c00472a0    00000340     ti.pspiom.i2c.a674 : I2c.obj (.text:_i2cTransfer)
                  c00475e0    00000340     ti.pspiom.mcasp.a674 : Mcasp.obj (.text:_mcaspIsrOutput)
                  c0047920    00000340     edma3_drv_bios_sample.lib : bios_edma3_drv_sample_cs.obj (.text)
                  c0047c60    00000340                               : bios_edma3_drv_sample_init.obj (.text)
                  c0047fa0    00000320     ti.pspiom.i2c.a674 : I2c.obj (.text:_i2cMdSubmitChan)
                  c00482c0    00000320     ti.pspiom.mcasp.a674 : Mcasp.obj (.text:_mcaspIsrInput)
                  c00485e0    00000300     rts6740.lib : fputs.obj (.text:_fputs)
                  c00488e0    000002e0     ti.pspiom.i2c.a674 : I2c_edma.obj (.text:_I2c_completeIOedmaCallback)
                  c0048bc0    000002e0     ti.pspiom.platforms.codec.a674 : Aic31.obj (.text:_aic31InitDac)
                  c0048ea0    000002e0     ti.pspiom.platforms.evm6747.audio.a674 : Audio.obj (.text:_audioMdBindDev)
                  c0049180    000002c0     ti.pspiom.i2c.a674 : I2c_edma.obj (.text:_I2c_localEdmaTransfer)
                  c0049440    000002c0     rts6740.lib : _printfi.obj (.text:__pproc_fge)
                  c0049700    000002c0                 : _printfi.obj (.text:__pproc_fwp)
                  c00499c0    000002c0     ti.pspiom.platforms.codec.a674 : Aic31.obj (.text:_aic31MdBindDev)
                  c0049c80    000002c0     ti.pspiom.mcasp.a674 : Mcasp_ioctl.obj (.text:_mcaspRegReset)
                  c0049f40    000002a0     rts6740.lib : _printfi.obj (.text:_ecvt)
                  c004a1e0    000002a0                 : _printfi.obj (.text:_fcvt)
                  c004a480    000002a0     ti.pspiom.mcasp.a674 : Mcasp_ioctl.obj (.text:_mcaspSetSamplingRate)
                  c004a720    00000280     rts6740.lib : divf.obj (.text:__divf)
                  c004a9a0    00000280     drivers.a674 : dio_tsk.o674 (.text)
                  c004ac20    00000260     rts6740.lib : imath64.obj (.text:__divull)
                  c004ae80    00000260                 : _printfi.obj (.text:__pconv_e)
                  c004b0e0    00000260     ti.pspiom.platforms.codec.a674 : Aic31.obj (.text:_aic31InitAdc)
                  c004b340    00000260     ti.pspiom.platforms.evm6747.audio.a674 : Audio.obj (.text:_audioSampleRateConfigure)
                  c004b5a0    00000260     ti.pspiom.i2c.a674 : I2c.obj (.text:_i2cCancelIO)
                  c004b800    00000260     ti.pspiom.mcasp.a674 : Mcasp.obj (.text:_mcaspMdDeleteChan)
                  c004ba60    00000240     rts6740.lib : _printfi.obj (.text:__pproc_diouxp)
                  c004bca0    00000240                 : sinf.obj (.text:_sinf)
                  c004bee0    00000220     ti.pspiom.i2c.a674 : I2c.obj (.text:_I2c_localPrepareForTransfer)
                  c004c100    00000220     ti.pspiom.mcasp.a674 : Mcasp_edma.obj (.text:_Mcasp_localSetupEdmaDuringOpen)
                  c004c320    00000220     rts6740.lib : _printfi.obj (.text:__pproc_str)
                  c004c540    00000220     ti.pspiom.platforms.codec.a674 : Aic31.obj (.text:_aic31DeinitDac)
                  c004c760    00000220                                    : Aic31.obj (.text:_aic31I2cRead)
                  c004c980    00000200     rts6740.lib : _printfi.obj (.text:__pconv_g)
                  c004cb80    00000200     drivers.a674 : dio_tskDynamic.o674 (.text)
                  c004cd80    000001e0     ti.pspiom.mcasp.a674 : Mcasp_edma.obj (.text:_Mcasp_localIsValidPacket)
                  c004cf60    000001e0     ti.pspiom.platforms.codec.a674 : Aic31.obj (.text:_aic31DeinitAdc)
                  c004d140    000001c0     rts6740.lib : _printfi.obj (.text:__mcpy)
                  c004d300    000001c0     ti.pspiom.platforms.codec.a674 : Aic31.obj (.text:_aic31I2cWrite)
                  c004d4c0    000001c0     ti.pspiom.i2c.a674 : I2c.obj (.text:_i2cMdDeleteChan)
                  c004d680    000001c0     ti.pspiom.mcasp.a674 : Mcasp_ioctl.obj (.text:_mcaspActivateClkRcvXmt)
                  c004d840    000001c0                          : Mcasp.obj (.text:_mcaspRegisterInt)
                  c004da00    000001c0                          : Mcasp.obj (.text:_mcaspWriteChanStatRam)
                  c004dbc0    000001c0                          : Mcasp.obj (.text:_mcaspWriteUserDataRam)
                  c004dd80    000001a0                          : Mcasp.obj (.text:_Mcasp_localIsrSwiFxn)
                  c004df20    000001a0     rts6740.lib : imath40.obj (.text:__divul)
                  c004e0c0    000001a0     ti.pspiom.mcasp.a674 : Mcasp.obj (.text:_mcaspBitSetGblRCtl)
                  c004e260    000001a0                          : Mcasp.obj (.text:_mcaspBitSetGblXCtl)
                  c004e400    00000180     rts6740.lib : trgdrv.obj (.text:_HOSTrename)
                  c004e580    00000180     ti.pspiom.i2c.a674 : I2c.obj (.text:_I2c_localEnsureIsReadyforNext)
                  c004e700    00000180     ti.pspiom.mcasp.a674 : Mcasp.obj (.text:_Mcasp_localEdmaProcessPkt)
                  c004e880    00000180     ti.pspiom.psc.a674 : Psc.obj (.text:_Psc_ModuleClkCtrl)
                  c004ea00    00000180     ti.pspiom.platforms.codec.a674 : Aic31.obj (.text:_aic31MuteConfig)
                  c004eb80    00000180                                    : Aic31.obj (.text:_aic31SelectInputSource)
                  c004ed00    00000180     ti.pspiom.platforms.evm6747.audio.a674 : Audio.obj (.text:_audioMdControlChan)
                  c004ee80    00000180     ti.pspiom.mcasp.a674 : Mcasp.obj (.text:_mcaspBitRemoveGblRCtl)
                  c004f000    00000180                          : Mcasp.obj (.text:_mcaspBitRemoveGblXCtl)
                  c004f180    00000180                          : Mcasp_ioctl.obj (.text:_mcaspReadXmtConfig)
                  c004f300    00000180                          : Mcasp.obj (.text:_mcaspUnRegisterInt)
                  c004f480    00000180     rts6740.lib : setvbuf.obj (.text:_setvbuf)
                  c004f600    00000160     ti.pspiom.i2c.a674 : I2c.obj (.text:_I2c_localGetNextChannel)
                  c004f760    00000160     ti.pspiom.mcasp.a674 : Mcasp_ioctl.obj (.text:_mcaspActivateXmtClkSer)
                  c004f8c0    00000160                          : Mcasp_ioctl.obj (.text:_mcaspReadRcvConfig)
                  c004fa20    00000160                          : Mcasp.obj (.text:_mcaspValidateBufferConfig)
                  c004fb80    00000140     rts6740.lib : _printfi.obj (.text:__pproc_fflags)
                  c004fcc0    00000140     ti.pspiom.platforms.codec.a674 : Aic31.obj (.text:_aic31MdDeleteChan)
                  c004fe00    00000140                                    : Aic31.obj (.text:_aic31RegWriteBf)
                  c004ff40    00000140     ti.pspiom.platforms.evm6747.audio.a674 : Audio.obj (.text:_audioMdDeleteChan)
                  c0050080    00000140     rts6740.lib : fputc.obj (.text:_fputc)
                  c00501c0    00000140                 : lowlev.obj (.text:_getdevice)
                  c0050300    00000140     ti.pspiom.i2c.a674 : I2c.obj (.text:_i2cCalculateClockSettings)
                  c0050440    00000140     ti.pspiom.mcasp.a674 : Mcasp_ioctl.obj (.text:_mcaspActivateRcvClkSer)
                  c0050580    00000140                          : Mcasp.obj (.text:_mcaspConfigureFifo)
                  c00506c0    00000140                          : Mcasp.obj (.text:_mcaspInit)
                  c0050800    00000120     ti.pspiom.i2c.a674 : I2c_edma.obj (.text:_I2c_localEdmaChanRequest)
                  c0050920    00000120     ti.pspiom.mcasp.a674 : Mcasp.obj (.text:_Mcasp_localCancelAndAbortAllIo)
                  c0050a40    00000120                          : Mcasp.obj (.text:_Mcasp_localResetXmt)
                  c0050b60    00000120     rts6740.lib : fclose.obj (.text:_fclose)
                  c0050c80    00000120     ti.pspiom.mcasp.a674 : Mcasp.obj (.text:_mcaspMdUnBindDev)
                  c0050da0    00000100     rts6740.lib : trgdrv.obj (.text:_HOSTlseek)
                  c0050ea0    00000100     ti.pspiom.i2c.a674 : I2c.obj (.text:_I2c_init)
                  c0050fa0    00000100                        : I2c_edma.obj (.text:_I2c_rxCallback)
                  c00510a0    00000100                        : I2c_edma.obj (.text:_I2c_txCallback)
                  c00511a0    00000100     ti.pspiom.mcasp.a674 : Mcasp.obj (.text:_Mcasp_localResetRcv)
                  c00512a0    00000100     rts6740.lib : _printfi.obj (.text:__ltostr)
                  c00513a0    00000100                 : _io_perm.obj (.text:__wrt_ok)
                  c00514a0    00000100                 : sinit.obj (.text:_call_dtors)
                  c00515a0    00000100                 : fflush.obj (.text:_fflush)
                  c00516a0    00000100     ti.pspiom.i2c.a674 : I2c.obj (.text:_i2cRegisterIntrHandler)
                  c00517a0    00000100     ti.pspiom.mcasp.a674 : Mcasp.obj (.text:_mcaspBitSetGblCtl)
                  c00518a0    00000100                          : Mcasp.obj (.text:_mcaspConfigureXmtChannel)
                  c00519a0    00000100                          : Mcasp_ioctl.obj (.text:_mcaspDeviceInfoGet)
                  c0051aa0    00000100                          : Mcasp.obj (.text:_mcaspMultiSerGlobalRestore)
                  c0051ba0    00000100                          : Mcasp.obj (.text:_mcaspMultiSerInitializationRcv)
                  c0051ca0    00000100                          : Mcasp.obj (.text:_mcaspMultiSerInitializationXmt)
                  c0051da0    00000100     audioSample_main.obj (.text)
                  c0051ea0    000000e0     rts6740.lib : trgdrv.obj (.text:_HOSTopen)
                  c0051f80    000000e0     ti.pspiom.mcasp.a674 : Mcasp_ioctl.obj (.text:_Mcasp_localAbortRequests)
                  c0052060    000000e0                          : Mcasp.obj (.text:_Mcasp_localCompleteCurrentIo)
                  c0052140    000000e0                          : Mcasp.obj (.text:_Mcasp_localSmReset)
                  c0052220    000000e0                          : Mcasp.obj (.text:_Mcasp_localSmSet)
                  c0052300    000000e0     rts6740.lib : atoi.obj (.text:_atoi)
                  c00523e0    000000e0     ti.pspiom.platforms.evm6747.audio.a674 : Audio.obj (.text:_audioMdSubmitChan)
                  c00524c0    000000e0     rts6740.lib : lowlev.obj (.text:_close)
                  c00525a0    000000e0     ti.pspiom.i2c.a674 : I2c.obj (.text:_i2cMdUnBindDev)
                  c0052680    000000e0     ti.pspiom.mcasp.a674 : Mcasp.obj (.text:_mcaspIsRequestedSerzsFree)
                  c0052760    000000e0                          : Mcasp.obj (.text:_mcaspMdSubmitChan)
                  c0052840    000000e0     rts6740.lib : memset.obj (.text:_memset)
                  c0052920    000000c0                 : trgdrv.obj (.text:_HOSTread)
                  c00529e0    000000c0                 : trgdrv.obj (.text:_HOSTunlink)
                  c0052aa0    000000c0                 : trgdrv.obj (.text:_HOSTwrite)
                  c0052b60    000000c0                 : fopen.obj (.text:__cleanup)
                  c0052c20    000000c0                 : _printfi.obj (.text:__div)
                  c0052ce0    000000c0                 : divu.obj (.text:__divu)
                  c0052da0    000000c0                 : fflush.obj (.text:__doflush)
                  c0052e60    000000c0                 : atexit.obj (.text:_atexit)
                  c0052f20    000000c0                 : fseek.obj (.text:_fseek)
                  c0052fe0    000000c0     ti.pspiom.i2c.a674 : I2c.obj (.text:_i2cWaitForBB)
                  c00530a0    000000c0     rts6740.lib : lowlev.obj (.text:_lseek)
                  c0053160    000000c0                 : ltoa.obj (.text:_ltoa)
                  c0053220    000000c0     ti.pspiom.mcasp.a674 : Mcasp.obj (.text:_mcaspConfigureRcvChannel)
                  c00532e0    000000c0                          : Mcasp_ioctl.obj (.text:_mcaspGetSmFsXmt)
                  c00533a0    000000c0                          : Mcasp.obj (.text:_mcaspSetDitMode)
                  c0053460    000000c0                          : Mcasp.obj (.text:_mcaspSetSerRcv)
                  c0053520    000000c0                          : Mcasp.obj (.text:_mcaspSetSerXmt)
                  c00535e0    000000c0     rts6740.lib : lowlev.obj (.text:_write)
                  c00536a0    000000c0     bios.a674 : tsk_stup.o674 (.text)
                  c0053760    000000a0     ti.pspiom.platforms.codec.a674 : Aic31.obj (.text:_Aic31_init)
                  c0053800    000000a0     rts6740.lib : trgdrv.obj (.text:_HOSTclose)
                  c00538a0    000000a0     ti.pspiom.mcasp.a674 : Mcasp.obj (.text:_Mcasp_localActivateSmFsForBoth)
                  c0053940    000000a0     rts6740.lib : imath40.obj (.text:__divli)
                  c00539e0    000000a0                 : _printfi.obj (.text:__ecpy)
                  c0053a80    000000a0                 : _printfi.obj (.text:__fcpy)
                  c0053b20    000000a0                 : fixdli.obj (.text:__fixdli)
                  c0053bc0    000000a0                 : _printfi.obj (.text:__pconv_f)
                  c0053c60    000000a0                 : remu.obj (.text:__remu)
                  c0053d00    000000a0     ti.pspiom.platforms.codec.a674 : Aic31.obj (.text:_aic31CtrlBusRead)
                  c0053da0    000000a0                                    : Aic31.obj (.text:_aic31CtrlBusWrite)
                  c0053e40    000000a0                                    : Aic31.obj (.text:_aic31MdUnBindDev)
                  c0053ee0    000000a0                                    : Aic31.obj (.text:_aic31RegRead)
                  c0053f80    000000a0                                    : Aic31.obj (.text:_aic31RegWrite)
                  c0054020    000000a0     ti.pspiom.platforms.evm6747.audio.a674 : Audio.obj (.text:_audioMdUnBindDev)
                  c00540c0    000000a0     rts6740.lib : lowlev.obj (.text:_finddevice)
                  c0054160    000000a0     ti.pspiom.mcasp.a674 : Mcasp_ioctl.obj (.text:_mcaspGetSerMode)
                  c0054200    000000a0                          : Mcasp_ioctl.obj (.text:_mcaspGetSerRcvReady)
                  c00542a0    000000a0                          : Mcasp_ioctl.obj (.text:_mcaspGetSerXmtReady)
                  c0054340    000000a0                          : Mcasp_ioctl.obj (.text:_mcaspGetSmFsRcv)
                  c00543e0    000000a0     rts6740.lib : memcpy64.obj (.text:_memcpy)
                  c0054480    00000080     ti.pspiom.mcasp.a674 : Mcasp.obj (.text:_Mcasp_localActivateSmFsForRcv)
                  c0054500    00000080                          : Mcasp.obj (.text:_Mcasp_localActivateSmFsForXmt)
                  c0054580    00000080     rts6740.lib : fixdu.obj (.text:__fixdu)
                  c0054600    00000080                 : fltlid.obj (.text:__fltlid)
                  c0054680    00000080                 : llshift.obj (.text:__llshl)
                  c0054700    00000080                 : roundf.obj (.text:__roundf)
                  c0054780    00000080     ti.pspiom.platforms.evm6747.evmInit.a674 : audio_evmInit.obj (.text:_audioUserI2cInit)
                  c0054800    00000080                                              : audio_evmInit.obj (.text:_configureAudio)
                  c0054880    00000080     rts6740.lib : fprintf.obj (.text:_fprintf)
                  c0054900    00000080     ti.pspiom.i2c.a674 : I2c.obj (.text:_i2cCheckTimeOut)
                  c0054980    00000080     ti.pspiom.mcasp.a674 : Mcasp.obj (.text:_mcaspDeactivateSmFsForRcv)
                  c0054a00    00000080                          : Mcasp.obj (.text:_mcaspDeactivateSmFsForXmt)
                  c0054a80    00000080                          : Mcasp.obj (.text:_mcaspMdControlChan)
                  c0054b00    00000080     rts6740.lib : trgmsg.obj (.text:_readmsg)
                  c0054b80    00000080                 : lowlev.obj (.text:_unlink)
                  c0054c00    00000060     ti.pspiom.platforms.evm6747.audio.a674 : Audio.obj (.text:_Audio_init)
                  c0054c60    00000060     ti.pspiom.mcasp.a674 : Mcasp.obj (.text:_Mcasp_localGetNextIndex)
                  c0054cc0    00000060     rts6740.lib : assert.obj (.text:__abort_msg)
                  c0054d20    00000060                 : imath64.obj (.text:__subcull)
                  c0054d80    00000060     ti.pspiom.platforms.codec.a674 : Aic31.obj (.text:_aic31CallBack)
                  c0054de0    00000060     rts6740.lib : memccpy.obj (.text:_memccpy)
                  c0054e40    00000060                 : modff.obj (.text:_modff)
                  c0054ea0    00000060                 : trgmsg.obj (.text:_writemsg)
                  c0054f00    00000040                 : sinit.obj (.text:___add_dtor)
                  c0054f40    00000040                 : isinf.obj (.text:___isinf)
                  c0054f80    00000040                 : _printfi.obj (.text:___isnan)
                  c0054fc0    00000040                 : frcmpyd_div.obj (.text:__frcmpyd_div)
                  c0055000    00000040                 : llshift.obj (.text:__llshru)
                  c0055040    00000040                 : imath40.obj (.text:__remli)
                  c0055080    00000040                 : strasg.obj (.text:__strasgi_64plus)
                  c00550c0    00000040     drivers.a674 : dio.o674 (.text)
                  c0055100    00000020     rts6740.lib : negll.obj (.text:__negll)
                  c0055120    00000020                 : _lock.obj (.text:__nop)
                  c0055140    00000020                 : fprintf.obj (.text:__outc)
                  c0055160    00000020                 : fprintf.obj (.text:__outs)
                  c0055180    00000020                 : _lock.obj (.text:__register_lock)
                  c00551a0    00000020                 : _lock.obj (.text:__register_unlock)
                  c00551c0    00000020                 : truncf.obj (.text:__truncf)
                  c00551e0    00000020                 : exit.obj (.text:_abort)
                  c0055200    00000020     ti.pspiom.platforms.codec.a674 : Aic31.obj (.text:_aic31MdSubmitChan)
                  c0055220    00000020     ti.pspiom.i2c.a674 : I2c.obj (.text:_i2cUnregisterIntrHandler)
                  c0055240    00000020     ti.pspiom.mcasp.a674 : Mcasp.obj (.text:_mcaspIsr)
                  c0055260    00000020     rts6740.lib : remove.obj (.text:_remove)
                  c0055280    00000020     bios.a674 : que_get.o674 ($Tramp$S$$_QUE_get)
                  c00552a0    00000020               : que_get.o674 ($Tramp$S$$_QUE_put)
                  c00552c0    00000020     bios6747.a674 : bcache_block.o674 ($Tramp$S$$_BCACHE_wb)
                  c00552e0    00000020     bios.a674 : ecm_enableEvent.o674 ($Tramp$S$$_ECM_enableEvent)
                  c0055300    00000020               : swi_crea.o674 ($Tramp$S$$_SWI_create)
                  c0055320    00000010     sioboth.a674 : sio_recl.o674 ($Tramp$S$$_SIO_reclaim)
                  c0055330    00000010                  : sio_issu.o674 ($Tramp$S$$_SIO_issue)
                  c0055340    00000010                  : sio_crea.o674 ($Tramp$S$$_SIO_create)
                  c0055350    00000010     bios.a674 : malloc.o674 ($Tramp$S$$_free)
                  c0055360    00000020               : dev_matc.o674 ($Tramp$S$$_DEV_match)
                  c0055380    00000020               : sem_pend_counting.o674 ($Tramp$S$$_SEM_pend)
                  c00553a0    00000020     bios6747.a674 : bcache_block.o674 ($Tramp$S$$_BCACHE_inv)
                  c00553c0    00000020                   : clk_gethtime.o674 ($Tramp$S$$_CLK_gethtime)
                  c00553e0    00000020     bios.a674 : sem_post_asm.o674 ($Tramp$S$$_SEM_post)
                  c0055400    00000020               : hwi_c.o674 ($Tramp$S$$_HWI_disable)
                  c0055420    00000020               : tsk_disa.o674 ($Tramp$S$$_TSK_disable)
                  c0055440    00000020               : ecm_disableEvent.o674 ($Tramp$S$$_ECM_disableEvent)
                  c0055460    00000020               : hwi_c.o674 ($Tramp$S$$_HWI_restore)
                  c0055480    00000020               : tsk_disa.o674 ($Tramp$S$$_TSK_enable)
                  c00554a0    00000020               : sem_crea.o674 ($Tramp$S$$_SEM_create)
                  c00554c0    00000020               : sem_dele.o674 ($Tramp$S$$_SEM_delete)
                  c00554e0    00000020               : ecm_dispatchPlug.o674 ($Tramp$S$$_ECM_dispatchPlug)
                  c0055500    00000020               : c62_c.o674 ($Tramp$S$$_C64_enableIER)
                  c0055520    00000020     bios6747.a674 : bcache_block.o674 ($Tramp$S$$_BCACHE_wbInv)
                  c0055540    00000020     bios.a674 : mem_free.o674 ($Tramp$S$$_MEM_free)
                  c0055560    00000020               : mem_vall.o674 ($Tramp$S$$_MEM_valloc)
                  c0055580    00000010               : malloc.o674 ($Tramp$S$$_malloc)
                  c0055590    00000010     --HOLE-- [fill = 0]
                  c00555a0    00000020               : sys_prin.o674 ($Tramp$S$$_SYS_printf)
                  c00555c0    00000020               : lck.o674 ($Tramp$S$$_LCK_post)
                  c00555e0    00000020               : lck.o674 ($Tramp$S$$_LCK_pend)
                  c0055600    00000020               : sys_abor.o674 ($Tramp$S$$_SYS_abort)
                  c0055620    00000020               : swi.o674 ($Tramp$S$$_SWI_post)

.bios      0    c0055640    00005b40     
                  c0055640    00000780     bios.a674 : sys_prin.o674 (.bios)
                  c0055dc0    000005c0     lnkrtdx.a674 : rtdx.o674 (.bios)
                  c0056380    00000580     bios.a674 : exc.o674 (.bios)
                  c0056900    000004e0               : hwi_disp_asm.o674 (.bios)
                  c0056de0    000004c0               : swi.o674 (.bios)
                  c00572a0    00000380               : prd.o674 (.bios)
                  c0057620    00000320     sioboth.a674 : sio_crea.o674 (.bios)
                  c0057940    00000280     bios.a674 : malloc.o674 (.bios)
                  c0057bc0    00000280               : rta.o674 (.bios)
                  c0057e40    00000240               : knl_run.o674 (.bios)
                  c0058080    00000200               : mem_allo.o674 (.bios:.near)
                  c0058280    00000200               : knl_tick.o674 (.bios)
                  c0058480    000001e0               : mem_free.o674 (.bios:.near)
                  c0058660    000001e0               : exc_asm.o674 (.bios)
                  c0058840    000001e0               : pip.o674 (.bios)
                  c0058a20    000001e0               : sem_pend.o674 (.bios)
                  c0058c00    000001e0     sioboth.a674 : sio_dele.o674 (.bios)
                  c0058de0    000001a0     bios.a674 : sem_dopo.o674 (.bios)
                  c0058f80    000001a0               : tsk_setu.o674 (.bios)
                  c0059120    000001a0     bios6747.a674 : clk.o674 (.bios)
                  c00592c0    00000180     bios.a674 : knl_swit.o674 (.bios)
                  c0059440    00000180     bios6747.a674 : bcache_block.o674 (.bios)
                  c00595c0    00000140     bios.a674 : autoinit.o674 (.bios)
                  c0059700    00000140               : tsk_exit.o674 (.bios)
                  c0059840    00000140     bios6747.a674 : bcache_init.o674 (.bios)
                  c0059980    00000120     bios.a674 : gbl_cacheinit64P.o674 (.bios)
                  c0059aa0    00000120               : knl_chec.o674 (.bios)
                  c0059bc0    00000120               : tsk_stup.o674 (.bios)
                  c0059ce0    00000100               : ecm_dispatch.o674 (.bios)
                  c0059de0    000000e0               : sem_post_asm.o674 (.bios)
                  c0059ec0    000000c0               : dev_matc.o674 (.bios)
                  c0059f80    000000c0               : knl_exit.o674 (.bios)
                  c005a040    000000c0     sioboth.a674 : sio_recl.o674 (.bios)
                  c005a100    000000a0     bios.a674 : dev_mkfr.o674 (.bios)
                  c005a1a0    000000a0               : obj_crea.o674 (.bios)
                  c005a240    000000a0               : sem_post.o674 (.bios)
                  c005a2e0    000000a0               : swi_seta.o674 (.bios)
                  c005a380    000000a0               : sys_exit.o674 (.bios)
                  c005a420    000000a0     log8.a674 : log_ts.o674 (.bios)
                  c005a4c0    00000080     bios.a674 : atm.o674 (.bios)
                  c005a540    00000080               : knl_ipos.o674 (.bios)
                  c005a5c0    00000080               : knl_post.o674 (.bios)
                  c005a640    00000080               : lck.o674 (.bios)
                  c005a6c0    00000080               : sem_crea.o674 (.bios)
                  c005a740    00000080               : swi_crea.o674 (.bios)
                  c005a7c0    00000080               : tsk_disa.o674 (.bios)
                  c005a840    00000080     bios6747.a674 : bcache_wait.o674 (.bios)
                  c005a8c0    00000080                   : idl_cal.o674 (.bios)
                  c005a940    00000080     sioboth.a674 : sio_issu.o674 (.bios)
                  c005a9c0    00000060     bios.a674 : mem_vall.o674 (.bios:.near)
                  c005aa20    00000060               : sys_erro.o674 (.bios:.near)
                  c005aa80    00000060               : dev_rmfr.o674 (.bios)
                  c005aae0    00000060               : fxn.o674 (.bios)
                  c005ab40    00000060               : hwi_c.o674 (.bios)
                  c005aba0    00000060               : idl_busy.o674 (.bios)
                  c005ac00    00000060               : obj_dele.o674 (.bios)
                  c005ac60    00000060               : sem_pend_counting.o674 (.bios)
                  c005acc0    00000060               : sts.o674 (.bios)
                  c005ad20    00000060               : sys_abor.o674 (.bios)
                  c005ad80    00000060     bios6747.a674 : clk_meas.o674 (.bios)
                  c005ade0    00000040     bios.a674 : c62_c.o674 (.bios)
                  c005ae20    00000040               : ecm_disableEvent.o674 (.bios)
                  c005ae60    00000040               : ecm_dispatchPlug.o674 (.bios)
                  c005aea0    00000040               : ecm_enableEvent.o674 (.bios)
                  c005aee0    00000040               : idl_stub.o674 (.bios)
                  c005af20    00000040               : que_crea.o674 (.bios)
                  c005af60    00000040               : que_get.o674 (.bios)
                  c005afa0    00000040               : rta_andn.o674 (.bios)
                  c005afe0    00000040               : utl_doab.o674 (.bios)
                  c005b020    00000040               : utl_putc.o674 (.bios)
                  c005b060    00000020               : fxn_c.o674 (.bios)
                  c005b080    00000020               : gbl_vers.o674 (.bios)
                  c005b0a0    00000020               : idl.o674 (.bios)
                  c005b0c0    00000020               : sem_dele.o674 (.bios)
                  c005b0e0    00000020               : sts_set.o674 (.bios)
                  c005b100    00000020               : sys_one.o674 (.bios)
                  c005b120    00000020               : utl_doer.o674 (.bios)
                  c005b140    00000020               : utl_halt.o674 (.bios)
                  c005b160    00000020     bios6747.a674 : clk_gethtime.o674 (.bios)

.rtdx_text 
*          0    c005b180    00000fc0     
                  c005b180    000002a0     rtdx64xplus.lib : rtdx_mon.o64P (.rtdx_text:_HSRTDX_rec)
                  c005b420    00000260                     : buffer1.o64P (.rtdx_text:_RTDX_Buffer_WriteCB)
                  c005b680    00000260                     : buffer1.o64P (.rtdx_text:_RTDX_write_next)
                  c005b8e0    000001a0                     : rtdx_mon.o64P (.rtdx_text:_HSRTDX_xmt)
                  c005ba80    00000160                     : rtdx_mon.o64P (.rtdx_text:_RTDX_Send_To_Host)
                  c005bbe0    000000e0                     : rtdx_mon.o64P (.rtdx_text:_RTDX_Mon_Queue)
                  c005bcc0    000000e0                     : buffer1.o64P (.rtdx_text:_claim)
                  c005bda0    000000a0                     : rtdx_mon.o64P (.rtdx_text:_RTDX_GetH2THeader)
                  c005be40    000000a0                     : rtdx_mon.o64P (.rtdx_text:_RTDX_Poll)
                  c005bee0    00000080                     : rtdx_mon.o64P (.rtdx_text:_RTDX_Final_RT_Monitor)
                  c005bf60    00000060                     : buffer1.o64P (.rtdx_text:_RTDX_Buffer_Initialize)
                  c005bfc0    00000060                     : rtdx_mon.o64P (.rtdx_text:_RTDX_Init_RT_Monitor)
                  c005c020    00000040                     : buffer2.o64P (.rtdx_text:_RTDX_Buffer_ReadCB)
                  c005c060    00000040                     : buffer1.o64P (.rtdx_text:_RTDX_Buffer_Size)
                  c005c0a0    00000040                     : memfill.o64P (.rtdx_text:_RTDX_memfill)
                  c005c0e0    00000020                     : buffer2.o64P (.rtdx_text:_RTDX_Buffer_Read)
                  c005c100    00000020                     : buffer1.o64P (.rtdx_text:_RTDX_Buffer_Write)
                  c005c120    00000020                     : intr_tgt.o64P (.rtdx_text)

.sysinit   0    c005c140    000006c0     
                  c005c140    000003c0     audioSamplecfg.obj (.sysinit)
                  c005c500    00000100     bios.a674 : dev_init.o674 (.sysinit)
                  c005c600    000000c0               : boot.o674 (.sysinit)
                  c005c6c0    000000c0               : mem_init.o674 (.sysinit)
                  c005c780    00000060               : tsk_init.o674 (.sysinit)
                  c005c7e0    00000020     drivers.a674 : dio.o674 (.sysinit)

.hwi_vec   0    c005c800    00000200     
                  c005c800    00000200     audioSamplecfg.obj (.hwi_vec)


FAR CALL TRAMPOLINES

callee name               trampoline name
   callee addr  tramp addr   call addr  call info
--------------  -----------  ---------  ----------------
$.bios:bios.a674<que_get.o674>$0x0  $Tramp$S$$_QUE_get
   c005af60     c0055280     c003c6d0   ti.pspiom.mcasp.a674 : Mcasp_ioctl.obj (.text:_Mcasp_localSubmitIoctl)
                             c003c9e4                        : Mcasp_ioctl.obj (.text:_Mcasp_localSubmitIoctl)
                             c003f3e4                        : Mcasp_edma.obj (.text:_Mcasp_localEdmaCallback)
                             c003f48c                        : Mcasp_edma.obj (.text:_Mcasp_localEdmaCallback)
                             c003f52c                        : Mcasp_edma.obj (.text:_Mcasp_localEdmaCallback)
                             c003f5ac                        : Mcasp_edma.obj (.text:_Mcasp_localEdmaCallback)
                             c003f628                        : Mcasp_edma.obj (.text:_Mcasp_localEdmaCallback)
                             c0041dec                        : Mcasp.obj (.text:_Mcasp_localAbortReset)
                             c0041f20                        : Mcasp.obj (.text:_Mcasp_localAbortReset)
                             c0046ce0   ti.pspiom.i2c.a674 : I2c.obj (.text:_i2cCompleteIOInIsr)
                             c0046dec                      : I2c.obj (.text:_i2cCompleteIOInIsr)
                             c00489c4                      : I2c_edma.obj (.text:_I2c_completeIOedmaCallback)
                             c0048ab4                      : I2c_edma.obj (.text:_I2c_completeIOedmaCallback)
                             c004a9f4   drivers.a674 : dio_tsk.o674 (.text)
                             c004cea0   ti.pspiom.mcasp.a674 : Mcasp_edma.obj (.text:_Mcasp_localIsValidPacket)
$.bios:bios.a674<que_get.o674>$0x28  $Tramp$S$$_QUE_put
   c005af88     c00552a0     c003c6f4   ti.pspiom.mcasp.a674 : Mcasp_ioctl.obj (.text:_Mcasp_localSubmitIoctl)
                             c003ca00                        : Mcasp_ioctl.obj (.text:_Mcasp_localSubmitIoctl)
                             c003f4b8                        : Mcasp_edma.obj (.text:_Mcasp_localEdmaCallback)
                             c003f4d4                        : Mcasp_edma.obj (.text:_Mcasp_localEdmaCallback)
                             c003f540                        : Mcasp_edma.obj (.text:_Mcasp_localEdmaCallback)
                             c003f558                        : Mcasp_edma.obj (.text:_Mcasp_localEdmaCallback)
                             c003f5c0                        : Mcasp_edma.obj (.text:_Mcasp_localEdmaCallback)
                             c003f5d8                        : Mcasp_edma.obj (.text:_Mcasp_localEdmaCallback)
                             c003f638                        : Mcasp_edma.obj (.text:_Mcasp_localEdmaCallback)
                             c003f654                        : Mcasp_edma.obj (.text:_Mcasp_localEdmaCallback)
                             c0044fa4                        : Mcasp.obj (.text:_mcaspSubmitReq)
                             c0044fd8                        : Mcasp.obj (.text:_mcaspSubmitReq)
                             c0048254   ti.pspiom.i2c.a674 : I2c.obj (.text:_i2cMdSubmitChan)
                             c004aa5c   drivers.a674 : dio_tsk.o674 (.text)
                             c004aba0                : dio_tsk.o674 (.text)
                             c004cf18   ti.pspiom.mcasp.a674 : Mcasp_edma.obj (.text:_Mcasp_localIsValidPacket)
$.bios:bios6747.a674<bcache_block.o674>$0x144  $Tramp$S$$_BCACHE_wb
   c0059584     c00552c0     c003d1e8   ti.pspiom.mcasp.a674 : Mcasp.obj (.text:_mcaspMdCreateChan)
                             c003d218                        : Mcasp.obj (.text:_mcaspMdCreateChan)
                             c003d248                        : Mcasp.obj (.text:_mcaspMdCreateChan)
                             c0044f44                        : Mcasp.obj (.text:_mcaspSubmitReq)
                             c0047ad4   edma3_drv_bios_sample.lib : bios_edma3_drv_sample_cs.obj (.text)
$.bios:bios.a674<ecm_enableEvent.o674>$0x0  $Tramp$S$$_ECM_enableEvent
   c005aea0     c00552e0     c003db00   ti.pspiom.mcasp.a674 : Mcasp.obj (.text:_mcaspMdCreateChan)
                             c003db18                        : Mcasp.obj (.text:_mcaspMdCreateChan)
                             c003db34                        : Mcasp.obj (.text:_mcaspMdCreateChan)
                             c003db48                        : Mcasp.obj (.text:_mcaspMdCreateChan)
                             c0047a00   edma3_drv_bios_sample.lib : bios_edma3_drv_sample_cs.obj (.text)
                             c0047a0c                             : bios_edma3_drv_sample_cs.obj (.text)
                             c0047a28                             : bios_edma3_drv_sample_cs.obj (.text)
                             c0047db0                             : bios_edma3_drv_sample_init.obj (.text)
                             c0047de0                             : bios_edma3_drv_sample_init.obj (.text)
                             c0047e40                             : bios_edma3_drv_sample_init.obj (.text)
                             c004d9d8   ti.pspiom.mcasp.a674 : Mcasp.obj (.text:_mcaspRegisterInt)
                             c004e240                        : Mcasp.obj (.text:_mcaspBitSetGblRCtl)
                             c004e3e0                        : Mcasp.obj (.text:_mcaspBitSetGblXCtl)
                             c0051770   ti.pspiom.i2c.a674 : I2c.obj (.text:_i2cRegisterIntrHandler)
$.bios:bios.a674<swi_crea.o674>$0x0  $Tramp$S$$_SWI_create
   c005a740     c0055300     c003f254   ti.pspiom.mcasp.a674 : Mcasp.obj (.text:_mcaspMdBindDev)
$.bios:sioboth.a674<sio_recl.o674>$0x0  $Tramp$S$$_SIO_reclaim
   c005a040     c0055320     c003ffe0   audioSample_io.obj (.text)
                             c003fff0   audioSample_io.obj (.text)
$.bios:sioboth.a674<sio_issu.o674>$0x0  $Tramp$S$$_SIO_issue
   c005a940     c0055330     c0040074   audioSample_io.obj (.text)
                             c0040088   audioSample_io.obj (.text)
                             c0040534   audioSample_io.obj (.text)
                             c0040548   audioSample_io.obj (.text)
                             c0040560   audioSample_io.obj (.text)
                             c0040584   audioSample_io.obj (.text)
$.bios:sioboth.a674<sio_crea.o674>$0x0  $Tramp$S$$_SIO_create
   c0057620     c0055340     c00404e4   audioSample_io.obj (.text)
                             c0040500   audioSample_io.obj (.text)
$.bios:bios.a674<malloc.o674>$0x0  $Tramp$S$$_free
   c0057940     c0055350     c004f4e8   rts6740.lib : setvbuf.obj (.text:_setvbuf)
                             c0050bc8               : fclose.obj (.text:_fclose)
$.bios:bios.a674<dev_matc.o674>$0x0  $Tramp$S$$_DEV_match
   c0059ec0     c0055360     c0042c20   ti.pspiom.platforms.codec.a674 : Aic31.obj (.text:_aic31MdCreateChan)
                             c0044b14   ti.pspiom.platforms.evm6747.audio.a674 : Audio.obj (.text:_audioMdCreateChan)
                             c0044c64                                          : Audio.obj (.text:_audioMdCreateChan)
                             c004cc20   drivers.a674 : dio_tskDynamic.o674 (.text)
$.bios:bios.a674<sem_pend_counting.o674>$0x0  $Tramp$S$$_SEM_pend
   c005ac60     c0055380     c004404c   ti.pspiom.mcasp.a674 : Mcasp.obj (.text:_Mcasp_localConfigXmtSection)
                             c00448b8                        : Mcasp.obj (.text:_Mcasp_localConfigRcvSection)
                             c0047588   ti.pspiom.i2c.a674 : I2c.obj (.text:_i2cTransfer)
                             c0047bcc   edma3_drv_bios_sample.lib : bios_edma3_drv_sample_cs.obj (.text)
                             c004a9ac   drivers.a674 : dio_tsk.o674 (.text)
                             c004aae8                : dio_tsk.o674 (.text)
                             c004c8a4   ti.pspiom.platforms.codec.a674 : Aic31.obj (.text:_aic31I2cRead)
                             c004c900                                  : Aic31.obj (.text:_aic31I2cRead)
                             c004d438                                  : Aic31.obj (.text:_aic31I2cWrite)
                             c004e1d4   ti.pspiom.mcasp.a674 : Mcasp.obj (.text:_mcaspBitSetGblRCtl)
                             c004e374                        : Mcasp.obj (.text:_mcaspBitSetGblXCtl)
                             c004ef90                        : Mcasp.obj (.text:_mcaspBitRemoveGblRCtl)
                             c004f110                        : Mcasp.obj (.text:_mcaspBitRemoveGblXCtl)
                             c0053028   ti.pspiom.i2c.a674 : I2c.obj (.text:_i2cWaitForBB)
$.bios:bios6747.a674<bcache_block.o674>$0x154  $Tramp$S$$_BCACHE_inv
   c0059594     c00553a0     c0044f20   ti.pspiom.mcasp.a674 : Mcasp.obj (.text:_mcaspSubmitReq)
                             c0047a94   edma3_drv_bios_sample.lib : bios_edma3_drv_sample_cs.obj (.text)
$.bios:bios6747.a674<clk_gethtime.o674>$0x0  $Tramp$S$$_CLK_gethtime
   c005b160     c00553c0     c0045708   ti.pspiom.i2c.a674 : I2c.obj (.text:_i2cPolledModeTransfer)
                             c0054924                      : I2c.obj (.text:_i2cCheckTimeOut)
$.bios:bios.a674<sem_post_asm.o674>$0x0  $Tramp$S$$_SEM_post
   c0059de0     c00553e0     c00475ac   ti.pspiom.i2c.a674 : I2c.obj (.text:_i2cTransfer)
                             c0047c34   edma3_drv_bios_sample.lib : bios_edma3_drv_sample_cs.obj (.text)
                             c004aa74   drivers.a674 : dio_tsk.o674 (.text)
                             c004ab40                : dio_tsk.o674 (.text)
                             c004aba4                : dio_tsk.o674 (.text)
                             c004abb4                : dio_tsk.o674 (.text)
                             c004abd0                : dio_tsk.o674 (.text)
                             c0054db0   ti.pspiom.platforms.codec.a674 : Aic31.obj (.text:_aic31CallBack)
$.bios:bios.a674<hwi_c.o674>$0x0  $Tramp$S$$_HWI_disable
   c005ab40     c0055400     c0047944   edma3_drv_bios_sample.lib : bios_edma3_drv_sample_cs.obj (.text)
                             c0047d80                             : bios_edma3_drv_sample_init.obj (.text)
                             c0047f30                             : bios_edma3_drv_sample_init.obj (.text)
$.bios:bios.a674<tsk_disa.o674>$0x24  $Tramp$S$$_TSK_disable
   c005a7e4     c0055420     c004795c   edma3_drv_bios_sample.lib : bios_edma3_drv_sample_cs.obj (.text)
$.bios:bios.a674<ecm_disableEvent.o674>$0x0  $Tramp$S$$_ECM_disableEvent
   c005ae20     c0055440     c0047964   edma3_drv_bios_sample.lib : bios_edma3_drv_sample_cs.obj (.text)
                             c0047970                             : bios_edma3_drv_sample_cs.obj (.text)
                             c0047990                             : bios_edma3_drv_sample_cs.obj (.text)
                             c0047f38                             : bios_edma3_drv_sample_init.obj (.text)
                             c0047f44                             : bios_edma3_drv_sample_init.obj (.text)
                             c0047f6c                             : bios_edma3_drv_sample_init.obj (.text)
                             c004e144   ti.pspiom.mcasp.a674 : Mcasp.obj (.text:_mcaspBitSetGblRCtl)
                             c004e2e4                        : Mcasp.obj (.text:_mcaspBitSetGblXCtl)
                             c004f444                        : Mcasp.obj (.text:_mcaspUnRegisterInt)
                             c005522c   ti.pspiom.i2c.a674 : I2c.obj (.text:_i2cUnregisterIntrHandler)
$.bios:bios.a674<hwi_c.o674>$0x2c  $Tramp$S$$_HWI_restore
   c005ab6c     c0055460     c00479ec   edma3_drv_bios_sample.lib : bios_edma3_drv_sample_cs.obj (.text)
                             c0047e94                             : bios_edma3_drv_sample_init.obj (.text)
                             c0047f8c                             : bios_edma3_drv_sample_init.obj (.text)
$.bios:bios.a674<tsk_disa.o674>$0x0  $Tramp$S$$_TSK_enable
   c005a7c0     c0055480     c00479f4   edma3_drv_bios_sample.lib : bios_edma3_drv_sample_cs.obj (.text)
$.bios:bios.a674<sem_crea.o674>$0x0  $Tramp$S$$_SEM_create
   c005a6c0     c00554a0     c0047b20   edma3_drv_bios_sample.lib : bios_edma3_drv_sample_cs.obj (.text)
                             c004cc58   drivers.a674 : dio_tskDynamic.o674 (.text)
$.bios:bios.a674<sem_dele.o674>$0x0  $Tramp$S$$_SEM_delete
   c005b0c0     c00554c0     c0047b74   edma3_drv_bios_sample.lib : bios_edma3_drv_sample_cs.obj (.text)
                             c004cbb0   drivers.a674 : dio_tskDynamic.o674 (.text)
                             c004cbc8                : dio_tskDynamic.o674 (.text)
$.bios:bios.a674<ecm_dispatchPlug.o674>$0x0  $Tramp$S$$_ECM_dispatchPlug
   c005ae60     c00554e0     c0047da4   edma3_drv_bios_sample.lib : bios_edma3_drv_sample_init.obj (.text)
                             c0047dd0                             : bios_edma3_drv_sample_init.obj (.text)
                             c0047e24                             : bios_edma3_drv_sample_init.obj (.text)
                             c004d9c4   ti.pspiom.mcasp.a674 : Mcasp.obj (.text:_mcaspRegisterInt)
                             c0051768   ti.pspiom.i2c.a674 : I2c.obj (.text:_i2cRegisterIntrHandler)
$.bios:bios.a674<c62_c.o674>$0x18  $Tramp$S$$_C64_enableIER
   c005adf8     c0055500     c0047e68   edma3_drv_bios_sample.lib : bios_edma3_drv_sample_init.obj (.text)
                             c0047e78                             : bios_edma3_drv_sample_init.obj (.text)
                             c0047e8c                             : bios_edma3_drv_sample_init.obj (.text)
                             c005178c   ti.pspiom.i2c.a674 : I2c.obj (.text:_i2cRegisterIntrHandler)
$.bios:bios6747.a674<bcache_block.o674>$0x130  $Tramp$S$$_BCACHE_wbInv
   c0059570     c0055520     c00492c4   ti.pspiom.i2c.a674 : I2c_edma.obj (.text:_I2c_localEdmaTransfer)
$.bios:.near:bios.a674<mem_free.o674>$0x0  $Tramp$S$$_MEM_free
   c0058480     c0055540     c004cbe0   drivers.a674 : dio_tskDynamic.o674 (.text)
                             c004cca0                : dio_tskDynamic.o674 (.text)
$.bios:.near:bios.a674<mem_vall.o674>$0x0  $Tramp$S$$_MEM_valloc
   c005a9c0     c0055560     c004cc44   drivers.a674 : dio_tskDynamic.o674 (.text)
$.bios:bios.a674<malloc.o674>$0x24  $Tramp$S$$_malloc
   c0057964     c0055580     c004f568   rts6740.lib : setvbuf.obj (.text:_setvbuf)
$.bios:bios.a674<sys_prin.o674>$0x740  $Tramp$S$$_SYS_printf
   c0055d80     c00555a0     c0053040   ti.pspiom.i2c.a674 : I2c.obj (.text:_i2cWaitForBB)
$.bios:bios.a674<lck.o674>$0x0  $Tramp$S$$_LCK_post
   c005a640     c00555c0     c00536a0   bios.a674 : tsk_stup.o674 (.text)
$.bios:bios.a674<lck.o674>$0x20  $Tramp$S$$_LCK_pend
   c005a660     c00555e0     c0053704   bios.a674 : tsk_stup.o674 (.text)
$.bios:bios.a674<sys_abor.o674>$0x0  $Tramp$S$$_SYS_abort
   c005ad20     c0055600     c0053708   bios.a674 : tsk_stup.o674 (.text)
                             c0053724             : tsk_stup.o674 (.text)
$.bios:bios.a674<swi.o674>$0x70  $Tramp$S$$_SWI_post
   c0056e50     c0055620     c0055248   ti.pspiom.mcasp.a674 : Mcasp.obj (.text:_mcaspIsr)

[32 trampolines]
[136 trampoline calls]


GLOBAL SYMBOLS: SORTED ALPHABETICALLY BY Name 

address    name
--------   ----
118275f0   $bss
118275f0   .bss
11800000   .data
c0030000   .text
c005c304   BIOS$$CLKOFF
c005c2c4   BIOS$$CLKON
c005c140   BIOS_init
c005c3c0   BIOS_start
00000000   BUF$
00000001   BUF_ENABLED
c00551e0   C$$EXIT
c0054ef8   C$$IO$$
ffffffff   CACHE_L1D
ffffffff   CACHE_L1P
00000001   CLK$
11838784   CLK_A_TABBEG
00000001   CLK_CALDIV
00000001   CLK_CALMULT
000493e0   CLK_COUNTSPMS
00000004   CLK_COUNTSPMSHIGH
11827b58   CLK_D_idletime
11827b54   CLK_D_isrhook
11827b50   CLK_D_tabbeg
11827b4c   CLK_D_timefxn
00000001   CLK_ENABLEHTIME
c005b160   CLK_F_gethtime
c0059120   CLK_F_getltime
c0059130   CLK_F_isr
c0059270   CLK_F_itime
c0056900   CLK_HOOKFXN
00000001   CLK_HTIMEDIV
00000001   CLK_HTIMEMULT
000493e0   CLK_HTIMEPERLTIME
00005dc0   CLK_INPUTCLK
00008000   CLK_INTBIT
00000001   CLK_LTIMEDIV
000493e0   CLK_LTIMEMULT
000003e8   CLK_MICROSECS
00000001   CLK_POWERENABLE
00005dc0   CLK_PRD
00000000   CLK_PRDHIGH
01c21000   CLK_REGS
00000001   CLK_RESETTIMER
11827b48   CLK_R_time
00000020   CLK_TCR
00000000   CLK_TDDR
00000000   CLK_TDDRHIGH
c005b160   CLK_TIMEFXN
00000001   CLK_TIMERNUM
00000005   CLK_TIMMODE
00000001   CLK_USETIMER
11838788   CLK_null
00000000   DEV$
00000000   DGN$
00000000   DHL$
00000000   DHL_gChannelsAvailable
00000001   DIO$
00000000   DIO_NUMSWIBASE
00000000   DIO_NUMTSKBASE
00000000   DIO_STATIC
11838490   DIO_dioAudioIN$device
11838484   DIO_dioAudioIN$obj
1183846c   DIO_dioAudioOUT$device
11838460   DIO_dioAudioOUT$obj
00000000   DPI$
1183868c   DVTEvent_Log
11828000   DVTEvent_Log$buf
00000001   DVTEvent_Log$datatype
00000000   DVTEvent_Log$log
00002000   DVTEvent_Log$size
00000001   ECM$
00000001   ECM_ENABLE
ffffffff   ECM_EVTMASK0
ffffffff   ECM_EVTMASK1
ffffffff   ECM_EVTMASK2
ffffffff   ECM_EVTMASK3
0000000a   EVENT10
00000064   EVENT100
00000065   EVENT101
00000066   EVENT102
00000067   EVENT103
00000068   EVENT104
00000069   EVENT105
0000006a   EVENT106
0000006b   EVENT107
0000006c   EVENT108
0000006d   EVENT109
0000000b   EVENT11
0000006e   EVENT110
0000006f   EVENT111
00000070   EVENT112
00000071   EVENT113
00000072   EVENT114
00000073   EVENT115
00000074   EVENT116
00000075   EVENT117
00000076   EVENT118
00000077   EVENT119
0000000c   EVENT12
00000078   EVENT120
00000079   EVENT121
0000007a   EVENT122
0000007b   EVENT123
0000007c   EVENT124
0000007d   EVENT125
0000007e   EVENT126
0000007f   EVENT127
0000000d   EVENT13
0000000e   EVENT14
0000000f   EVENT15
00000010   EVENT16
00000011   EVENT17
00000012   EVENT18
00000013   EVENT19
00000014   EVENT20
00000015   EVENT21
00000016   EVENT22
00000017   EVENT23
00000018   EVENT24
00000019   EVENT25
0000001a   EVENT26
0000001b   EVENT27
0000001c   EVENT28
0000001d   EVENT29
0000001e   EVENT30
0000001f   EVENT31
00000020   EVENT32
00000021   EVENT33
00000022   EVENT34
00000023   EVENT35
00000024   EVENT36
00000025   EVENT37
00000026   EVENT38
00000027   EVENT39
00000004   EVENT4
00000028   EVENT40
00000029   EVENT41
0000002a   EVENT42
0000002b   EVENT43
0000002c   EVENT44
0000002d   EVENT45
0000002e   EVENT46
0000002f   EVENT47
00000030   EVENT48
00000031   EVENT49
00000005   EVENT5
00000032   EVENT50
00000033   EVENT51
00000034   EVENT52
00000035   EVENT53
00000036   EVENT54
00000037   EVENT55
00000038   EVENT56
00000039   EVENT57
0000003a   EVENT58
0000003b   EVENT59
00000006   EVENT6
0000003c   EVENT60
0000003d   EVENT61
0000003e   EVENT62
0000003f   EVENT63
00000040   EVENT64
00000041   EVENT65
00000042   EVENT66
00000043   EVENT67
00000044   EVENT68
00000045   EVENT69
00000007   EVENT7
00000046   EVENT70
00000047   EVENT71
00000048   EVENT72
00000049   EVENT73
0000004a   EVENT74
0000004b   EVENT75
0000004c   EVENT76
0000004d   EVENT77
0000004e   EVENT78
0000004f   EVENT79
00000008   EVENT8
00000050   EVENT80
00000051   EVENT81
00000052   EVENT82
00000053   EVENT83
00000054   EVENT84
00000055   EVENT85
00000056   EVENT86
00000057   EVENT87
00000058   EVENT88
00000059   EVENT89
00000009   EVENT9
0000005a   EVENT90
0000005b   EVENT91
0000005c   EVENT92
0000005d   EVENT93
0000005e   EVENT94
0000005f   EVENT95
00000060   EVENT96
00000061   EVENT97
00000062   EVENT98
00000063   EVENT99
c005aae0   FXN_F_nop
c005aae4   FXN_F_run
c005ab20   FXN_F_zero
00000001   GBL$
00005205   GBL_A_VERSION
00000000   GBL_BCACHEREADADDR0
00000000   GBL_BCACHEREADADDR1
00000000   GBL_BCACHEREADADDR2
00000000   GBL_BIGENDIAN
00000000   GBL_CACHE
00000000   GBL_CALLCSLCFGINIT
00004e20   GBL_CLKIN
00001a5b   GBL_CLKTYPE
00001a5b   GBL_DSPSUBTYPE
0000003e   GBL_DSPTYPE
00000001   GBL_ENABLEINST
00000000   GBL_ENABLE_SK
00000042   GBL_FOOTPRINT
000493e0   GBL_FREQ
00000000   GBL_GEMTRUECOMPEN
00000007   GBL_L1DMODE
00000007   GBL_L1PMODE
00000001   GBL_L2CONFIGURE
00000000   GBL_L2MAR0_31
0000ffff   GBL_L2MAR128_159
00000000   GBL_L2MAR160_191
00000000   GBL_L2MAR192_223
00000000   GBL_L2MAR224_255
00000000   GBL_L2MAR32_63
00000000   GBL_L2MAR64_95
00000000   GBL_L2MAR96_127
00000000   GBL_L2MODE
00000000   GBL_NULL
00000000   GBL_PROCID
00000000   GBL_ROM
00000000   GBL_SUPPORTCSL
0000dbef   GBL_TRCMASKVALUE
00000000   GBL_USERINIT
c005b060   GBL_USERINITFXN
00000001   GBL_boot
11838780   GBL_initdone
11814da8   GBL_stackbeg
11824da7   GBL_stackend
00000000   GIO$
c005b060   GIO_CREATEFXN
c005b060   GIO_DELETEFXN
c005b060   GIO_PENDFXN
c005b060   GIO_POSTFXN
00000000   HOOK$
00000000   HOOK_KNLID
00000001   HST$
118386e4   HST_A_TABBEG
11838720   HST_A_TABEND
00000000   HST_DSM
ffffffff   HST_DSMBUFSEG
00000400   HST_DSMMEMSIZE
11827bc4   HST_D_chanmask
11827bc8   HST_D_tabbeg
11827bcc   HST_D_tabend
000000ff   HST_MAXFRAMEALLOWED
00000040   HST_MAXFRAMESET
00000000   HST_NONE
00000001   HST_RTDX
00000001   HWI$
c005c800   HWI_A_VECS
00009f88   HWI_CFGDISPATCHED
11827d2c   HWI_D_bss
11827d30   HWI_D_ccmask
11827d1c   HWI_D_spsave
00000001   HWI_ENABLE_EXC
c0056900   HWI_F_dispatch
00000000   HWI_GENERATE_RESET_VEC
0000000a   HWI_INT10
00000000   HWI_INT10$hwi
0000000b   HWI_INT11
00000000   HWI_INT11$hwi
0000000c   HWI_INT12
00000000   HWI_INT12$hwi
0000000d   HWI_INT13
00000000   HWI_INT13$hwi
0000000e   HWI_INT14
00000000   HWI_INT14$hwi
0000000f   HWI_INT15
00000000   HWI_INT15$hwi
00000004   HWI_INT4
00000000   HWI_INT4$hwi
00000005   HWI_INT5
00000000   HWI_INT5$hwi
00000006   HWI_INT6
00000000   HWI_INT6$hwi
00000007   HWI_INT7
00000000   HWI_INT7$hwi
00000008   HWI_INT8
00000000   HWI_INT8$hwi
00000009   HWI_INT9
00000000   HWI_INT9$hwi
00060504   HWI_INTRMUX1
0b030201   HWI_INTRMUX2
28040d0c   HWI_INTRMUX3
00000001   HWI_NMI
00000000   HWI_NMI$hwi
00000000   HWI_POLARITYMASK
00000002   HWI_RESERVED0
00000000   HWI_RESERVED0$hwi
00000003   HWI_RESERVED1
00000000   HWI_RESERVED1$hwi
00000000   HWI_RESET
00000000   HWI_RESET$hwi
00000000   HWI_ZEROTAB
00000001   IDL$
1183874c   IDL_A_CALBEG
11835630   IDL_A_TABBEG
00000006   IDL_CALIBRERROR
c005aee0   IDL_CALIBRFXN
11827ddc   IDL_D_busyObj
11827b38   IDL_D_calbeg
11827b34   IDL_D_calibrate
11827b30   IDL_D_tabbeg
1183563c   IDL_END
11838758   IDL_END$
c005aba0   IDL_F_busy
c005a8c0   IDL_F_calibrate
c005b0a0   IDL_F_loop
c005aee0   IDL_F_stub
00000001   IDL_USECLKIDLTIME
118386d8   IDL_busyObj
11833671   IDL_busyObj$avgfmt
00000001   IDL_busyObj$filter
00000001   IDL_busyObj$iA
00000000   IDL_busyObj$iB
00000001   IDL_busyObj$iC
1183366b   IDL_busyObj$maxfmt
00000000   IDL_busyObj$operation
118386d4   IDL_busyObj$stsobj
1183366e   IDL_busyObj$sumfmt
00000002   IDL_busyObj$unittype
[...]
11827b58   CLK_D_idletime
11827b5c   _CLK_htimeDiv
11827b60   _CLK_htimeMult
11827b64   _CLK_ltimeDiv
11827b68   _CLK_ltimeMult
11827b6c   _CLK_D_dirty
11827b70   _CLK_D_prd
11827b74   _CLK_D_tddr
11827b78   _CLK_D_countspms
11827b7c   PRD_D_tick
11827b7c   _PRD_D_tick
11827b80   PRD_D_cur
11827b84   PRD_D_elapsed
11827b88   PRD_D_prevtim
11827b8c   PRD_D_scalar
11827b90   PRD_D_swihandle
11827b94   PRD_D_tabbeg
11827b98   PRD_D_tablen
11827b9c   PRD_D_thook
11827ba0   RTA_D_fromHost
11827ba4   RTA_D_toHost
11827ba8   RTA_D_logval
11827bb8   RTA_D_stsval
11827bc4   HST_D_chanmask
11827bc8   HST_D_tabbeg
11827bcc   HST_D_tabend
11827bd0   _GBL_procId
11827bd4   _GBL_clkIn
11827bd8   _GBL_freq
11827bdc   _MEM_D_NUMSEGMENTS
11827be0   _MEM_D_memtab
11827be4   _MEM_D_freelist
11827be8   _MEM_D_lockaddr
11827bec   _MEM_D_unlockaddr
11827bf0   _SYS
11827bf4   __HOOK_knlId
11827bf8   __HOOK_NUMHOOKS
11827bfc   SWI_D_runaddr
11827bfc   _SWI_D_runaddr
11827bfc   _SWI_data
11827c00   SWI_D_execaddr
11827c00   _SWI_D_execaddr
11827c04   SWI_D_curmask
11827c04   _SWI_D_curmask
11827c08   SWI_D_curset
11827c08   _SWI_D_curset
11827c0c   SWI_D_lock
11827c0c   _SWI_D_lock
11827c10   SWI_D_curmbox
11827c14   SWI_D_curfxn
11827c14   _SWI_D_curfxn
11827c18   SWI_D_rdybeg
11827c18   _SWI_D_rdybeg
11827c1c   SWI_D_inswi
11827c1c   _SWI_D_inswi
11827c20   SWI_D_rdytab
11827c98   _KNL_wFlag
11827c9c   _KNL_wList
11827ca0   _KNL_alarm
11827ca4   _KNL_setpri
11827ca8   _KNL_inactive
11827cac   _KNL_priority
11827cb0   _KNL_set
11827cb4   _KNL_curtask
11827cb8   _KNL_prevtask
11827cbc   _KNL_curtime
11827cc0   _KNL_swiptr
11827cc4   _KNL_curqueue
11827cc8   _KNL_maxqueue
11827ccc   _KNL_tswitchfxn
11827cd0   _KNL_tcreatefxn
11827cd4   _KNL_tdeletefxn
11827cd8   _KNL_treadyfxn
11827cdc   _KNL_idlefxn
11827ce0   _EXC_sysTrapTable
11827ce8   _EXC_returnPtr
11827d00   _numEdma3EvtQue
11827d04   _numEdma3Tc
11827d08   _ccXferCompInt
11827d0c   _ccErrorInt
11827d10   _hwIntXferComp
11827d14   _hwIntCcErr
11827d18   _hwIntTcErr
11827d1c   HWI_D_spsave
11827d1c   _HWI_D_spsave
11827d1c   _HWI_data
11827d28   _HWI_D_inhwi
11827d2c   HWI_D_bss
11827d30   HWI_D_ccmask
11827d34   LNK_dspFrameRequestMask
11827d34   _LNK_dspFrameRequestMask
11827d38   LNK_dspFrameReadyMask
11827d38   _LNK_dspFrameReadyMask
11827d3c   LNK_readPend
11827d3c   _LNK_readPend
11827d40   LNK_readDone
11827d40   _LNK_readDone
11827d44   LNK_readFail
11827d44   _LNK_readFail
11827d48   LNK_writeFail
11827d48   _LNK_writeFail
11827d60   _EDMA3_MAX_RM_INSTANCES
11827d64   _resMgrInstance
11827d68   _userInitConfig
11827d6c   _ptrRMIArray
11827d70   _ptrInitCfgArray
11827d74   _EXC_exceptionHook
11827d78   _EXC_internalHook
11827d7c   _EXC_externalHook
11827d80   _EXC_nmiHook
11827d8c   _rtdxNullChanCnt
11827d90   _rtdxNullFuncCnt
11827d94   _rtdxXmtNotDoneCnt
11827d98   _rtdxRecNotDoneCnt
11827d9c   _rtdxXmtRestartCnt
11827da0   _rtdxXmtErrorCnt
11827da4   _TSK_nTasks
11827da8   _TSK_pid
11827dac   _TSK
11827db4   _edma3NumPaRAMSets
11827dbc   _CLK_DFLTMICROSECS
11827dc0   _CLK_D_microseconds
11827dc4   _SYS_exitStackPtr
11827dc8   _SYS_exitStackTop
11827dcc   _hEdma
11827dd0   _semHandle
11827dd4   _CLK_htimePerLtime
11827dd8   __DEV_D_NUMINITFXNS
11827ddc   IDL_D_busyObj
11827de0   _MEM
11827dec   _SYS_PUTCBEG
11827dec   ___end__
11827dec   end
11827feb   _SYS_PUTCEND
11828000   DVTEvent_Log$buf
11832fb8   _Mcasp_PARAMS
118330c8   __ctypes_
11833390   _I2c_PARAMS
118333b4   _I2c_defaultRxIoParams
118333bc   _I2c_defaultTxIoParams
118333c4   _I2c_IOMFXNS
118334a4   _Aic31_PARAMS
11833594   _Audio_PARAMS
1183361d   KNL_swi$sts$maxfmt
11833620   echoTask$stack
11833625   KNL_swi$sts$sumfmt
1183362d   KNL_swi$sts$avgfmt
11833637   TSK_idle$sts$maxfmt
1183363f   TSK_idle$sts$sumfmt
11833647   TSK_idle$sts$avgfmt
11833651   echoTask$sts$maxfmt
11833659   echoTask$sts$sumfmt
11833661   echoTask$sts$avgfmt
1183366b   IDL_busyObj$maxfmt
1183366e   IDL_busyObj$sumfmt
11833671   IDL_busyObj$avgfmt
118355b8   echoTask$stkptr
11835620   RTA_fromHost$buf
11835630   IDL_A_TABBEG
11835630   IDL_cpuLoad
11835630   _IDL_cpuLoad
11835634   LNK_dataPump
11835634   _LNK_dataPump
11835638   RTA_dispatcher
11835638   _RTA_dispatcher
1183563c   IDL_END
118356c0   _RTDX_Buffer
11835ac8   _RTDX_Buffer_Start
11835acc   _RTDX_Buffer_End
11835ad0   _rtdx_mon_state
11835b14   _rtdx_buffer_state
11835b20   _RTDX_writing
11835b38   TSK_idle$stack
11835ed0   TSK_idle$stkptr
11835f38   PIP_A_TABBEG
11835f38   RTA_fromHost$pipe
11835f38   _PIP_A_TABBEG
11835f3c   RTA_fromHost$pipe$rd
11835f68   RTA_fromHost$pipe$aaa
11835f6c   RTA_fromHost$pipe$wr
11835f98   RTA_fromHost$pipe$bbb
11835f9c   RTA_toHost$pipe
11835fa0   RTA_toHost$pipe$rd
11835fcc   RTA_toHost$pipe$aaa
11835fd0   RTA_toHost$pipe$wr
11835ffc   RTA_toHost$pipe$bbb
11836000   LOG_system$buf
11836000   PIP_A_TABEND
11836000   _PIP_A_TABEND
11837000   trace$buf
11838240   __CIOBUF_
11838360   RTA_toHost$buf
11838460   DIO_dioAudioOUT$obj
1183846c   DIO_dioAudioOUT$device
11838484   DIO_dioAudioIN$obj
11838490   DIO_dioAudioIN$device
118384a8   UDEV_aic310$obj
118384b4   UDEV_aic310$device
118384cc   UDEV_audio0$obj
118384d8   UDEV_audio0$device
118384f0   UDEV_mcasp1$obj
118384fc   UDEV_mcasp1$device
11838514   UDEV_i2c0$obj
11838520   UDEV_i2c0$device
11838544   TSK_idle
11838544   _TSK_idle
118385a4   _echoTask
118385a4   echoTask
1183865c   LOG_A_TABBEG
1183865c   LOG_system
1183865c   _LOG_A_TABBEG
1183865c   _LOG_system
11838674   _trace
11838674   trace
1183868c   DVTEvent_Log
1183868c   _DVTEvent_Log
118386a4   KNL_swi$sts$stsobj
118386a4   LOG_A_TABEND
118386a4   STS_A_TABBEG
118386a4   _LOG_A_TABEND
118386a4   _STS_A_TABBEG
118386a8   KNL_swi$sts
118386b4   TSK_idle$sts$stsobj
118386b8   TSK_idle$sts
118386c4   echoTask$sts$stsobj
118386c8   echoTask$sts
118386d4   IDL_busyObj$stsobj
118386d8   IDL_busyObj
118386d8   _IDL_busyObj
118386e4   HST_A_TABBEG
118386e4   STS_A_TABEND
118386e4   _HST_A_TABBEG
118386e4   _STS_A_TABEND
118386e8   RTA_fromHost
118386e8   _RTA_fromHost
118386f0   RTA_fromHost$rtdx
11838704   RTA_toHost
11838704   _RTA_toHost
1183870c   RTA_toHost$rtdx
11838720   HST_A_TABEND
11838720   KNL_swi
11838720   SWI_A_TABBEG
11838720   _HST_A_TABEND
11838720   _KNL_swi
1183874c   IDL_A_CALBEG
1183874c   IDL_cpuLoad$
1183874c   SWI_A_TABEND
11838750   LNK_dataPump$
11838754   RTA_dispatcher$
11838758   IDL_END$
1183875c   SYS$config
1183876c   ___pinit__
1183876c   pinit
11838778   TRC_cinit
1183877c   TRC_R_mask
1183877c   _TRC_R_mask
11838780   GBL_initdone
11838784   CLK_A_TABBEG
11838784   PRD_clock
11838784   _PRD_clock
11838788   CLK_null
28040d0c   HWI_INTRMUX3
c0000000   SDRAM$B
c0000000   _SDRAM_base
c0030000   .text
c0030000   _EDMA3_RM_create
c0030000   ___text__
c00304e4   _EDMA3_RM_delete
c0030630   _EDMA3_RM_open
c0030d2c   _EDMA3_RM_close
c0030f78   _EDMA3_RM_allocResource
c0031be4   _EDMA3_RM_freeResource
c0032160   _EDMA3_RM_allocLogicalChannel
c0032d04   _EDMA3_RM_freeLogicalChannel
c0033410   _EDMA3_RM_mapEdmaChannel
c00335e0   _EDMA3_RM_mapQdmaChannel
c0033808   _EDMA3_RM_registerTccCb
c00339f4   _EDMA3_RM_unregisterTccCb
c0033bc0   _EDMA3_RM_allocContiguousResource
c00345d8   _EDMA3_RM_freeContiguousResource
c0034744   _EDMA3_RM_setCCRegister
c003480c   _EDMA3_RM_getCCRegister
c00348b0   _EDMA3_RM_waitAndClearTcc
c0034a04   _EDMA3_RM_checkAndClearTcc
c0034b54   _EDMA3_RM_setPaRAM
c0034d70   _EDMA3_RM_getPaRAM
c0034f8c   _EDMA3_RM_getPaRAMPhyAddr
c00351a4   _EDMA3_RM_getBaseAddress
c003526c   _EDMA3_RM_getGblConfigParams
c00352d8   _EDMA3_RM_getInstanceInitCfg
c0035408   _EDMA3_RM_Ioctl
c0035858   _lisrEdma3ComplHandler0
c0035fa8   _lisrEdma3CCErrHandler0
c0036420   _lisrEdma3TC0ErrHandler0
c0036454   _lisrEdma3TC1ErrHandler0
c003648c   _lisrEdma3TC2ErrHandler0
c00364c0   _lisrEdma3TC3ErrHandler0
c00364f4   _lisrEdma3TC4ErrHandler0
c003652c   _lisrEdma3TC5ErrHandler0
c0036560   _lisrEdma3TC6ErrHandler0
c0036594   _lisrEdma3TC7ErrHandler0
c0036aa0   _edma3MemSet
c0036b2c   _edma3MemCpy
c0037620   _EDMA3_DRV_requestChannel
c0037fd4   _EDMA3_DRV_freeChannel
c0038350   _EDMA3_DRV_clearErrorBits
c0038554   _EDMA3_DRV_setOptField
c0038810   _EDMA3_DRV_getOptField
c0038a24   _EDMA3_DRV_setSrcParams
c0038cf0   _EDMA3_DRV_setDestParams
c0038fc0   _EDMA3_DRV_setSrcIndex
c0039188   _EDMA3_DRV_setDestIndex
c0039354   _EDMA3_DRV_setTransferParams
c00395a0   _EDMA3_DRV_enableTransfer
c00398cc   _EDMA3_DRV_disableTransfer
c0039fc0   _EDMA3_DRV_linkChannel
c003a1f8   _EDMA3_DRV_unlinkChannel
c003a328   _EDMA3_DRV_chainChannel
c003a560   _EDMA3_DRV_unchainChannel
c003a68c   _EDMA3_DRV_setQdmaTrigWord
c003a798   _EDMA3_DRV_setPaRAM
c003a8b0   _EDMA3_DRV_getPaRAM
c003a9c8   _EDMA3_DRV_setPaRAMEntry
c003aaec   _EDMA3_DRV_getPaRAMEntry
c003ac24   _EDMA3_DRV_setPaRAMField
c003b0e4   _EDMA3_DRV_getPaRAMField
c003b424   _EDMA3_DRV_setEvtQPriority
c003b5b8   _EDMA3_DRV_mapChToEvtQ
c003b7b0   _EDMA3_DRV_getMapChToEvtQ
c003b8ec   _EDMA3_DRV_setCCRegister
c003b9c0   _EDMA3_DRV_getCCRegister
c003ba68   _EDMA3_DRV_waitAndClearTcc
c003bbb8   _EDMA3_DRV_checkAndClearTcc
c003bd10   _EDMA3_DRV_getPaRAMPhyAddr
c003be18   _EDMA3_DRV_Ioctl
c003bef0   _EDMA3_DRV_getInstHandle
c003bfe0   _Mcasp_localSubmitIoctl
c003dbe0   _EDMA3_DRV_create
c003df70   _EDMA3_DRV_delete
c003e0c0   _EDMA3_DRV_open
c003e384   _EDMA3_DRV_close
c003f300   _Mcasp_localEdmaCallback
c003ffc0   _main
c003ffcc   _Audio_Task
c0040098   _passthrough
c0040110   _sinewave
c0040228   _squarewave
c0040314   _trianglewave
c00405a0   __divd
c00410c0   _Mcasp_localEdmaChanPaRAMsetup
c0041b40   _Mcasp_localAbortReset
c0042060   _Mcasp_init
c0042f40   _Mcasp_localGetIndicesSyncType
c0043cc0   _Mcasp_localConfigXmtSection
c0044120   __printfi
c0044560   _Mcasp_localConfigRcvSection
c00451c0   _Mcasp_localSetupHwInfo
c00464e0   _Mcasp_localUpdtDtPktToLnkPrms
c00475e0   _mcaspIsrOutput
c0047920   _edma3OsProtectEntry
c00479d8   _edma3OsProtectExit
c0047a6c   _Edma3_CacheInvalidate
c0047aac   _Edma3_CacheFlush
c0047aec   _edma3OsSemCreate
c0047b4c   _edma3OsSemDelete
c0047b88   _edma3OsSemTake
c0047bf4   _edma3OsSemGive
c0047c60   _edma3init
c0047d54   _registerEdma3Interrupts
c0047ea8   _edma3deinit
c0047f24   _unregisterEdma3Interrupts
c00482c0   _mcaspIsrInput
c00485e0   _fputs
c0049180   _I2c_localEdmaTransfer
c004a720   __divf
c004a9a0   _DIO_tskReclaim
c004a9c8   _DIO_tskReady
c004a9e4   _DIO_tskIssue
c004aa8c   _DIO_tskIdle
c004ab80   _DIO_tskCallback
c004ac20   __divull
c004bca0   _sinf
c004bee0   _I2c_localPrepareForTransfer
c004c100   _Mcasp_localSetupEdmaDuringOpen
c004df20   __divul
c004e400   _HOSTrename
c004e580   _I2c_localEnsureIsReadyforNext
c004e700   _Mcasp_localEdmaProcessPkt
c004e880   _Psc_ModuleClkCtrl
c004f480   _setvbuf
c004f600   _I2c_localGetNextChannel
c0050080   _fputc
c0050080   _putc
c0050800   _I2c_localEdmaChanRequest
c0050920   _Mcasp_localCancelAndAbortAllIo
c0050a40   _Mcasp_localResetXmt
c0050b60   _fclose
c0050da0   _HOSTlseek
c0050ea0   _I2c_init
c00511a0   _Mcasp_localResetRcv
c00513a0   __wrt_ok
c00514a0   _call_dtors
c00515a0   _fflush
c0051da0   _audioUserAic31Init
c0051df0   _audioUserMcaspInit
c0051e2c   _audioUserAudioInit
c0051ea0   _HOSTopen
c0051f80   _Mcasp_localAbortRequests
c0052060   _Mcasp_localCompleteCurrentIo
c0052140   _Mcasp_localSmReset
c0052220   _Mcasp_localSmSet
c0052300   _atoi
c00524c0   _close
c0052840   _memset
c0052920   _HOSTread
c00529e0   _HOSTunlink
c0052aa0   _HOSTwrite
c0052b60   __cleanup
c0052ce0   __c6xabi_divu
c0052ce0   __divu
c0052da0   __doflush
c0052e60   _atexit
c0052f20   _fseek
c00530a0   _lseek
c0053160   _ltoa
c00535e0   _write
c0053760   _Aic31_init
c0053800   _HOSTclose
c00538a0   _Mcasp_localActivateSmFsForBoth
c0053940   __divli
c0053b20   __fixdli
c0053c60   __c6xabi_remu
c0053c60   __remu
c00543e0   _memcpy
c0054480   _Mcasp_localActivateSmFsForRcv
c0054500   _Mcasp_localActivateSmFsForXmt
c0054580   __fixdu
c0054600   __fltlid
c0054680   __llshl
c0054700   __roundf
c0054780   _audioUserI2cInit
c0054800   _configureAudio
c0054880   _fprintf
c0054b00   _readmsg
c0054b80   _unlink
c0054c00   _Audio_init
c0054c60   _Mcasp_localGetNextIndex
c0054cc0   __abort_msg
c0054d20   __subcull
c0054de0   _memccpy
c0054e40   _modff
c0054ea0   _writemsg
c0054ef8   C$$IO$$
c0054f00   ___add_dtor
c0054f40   ___isinf
c0054fc0   __frcmpyd_div
c0055000   __llshru
c0055040   __remli
c0055080   __c6xabi_strasgi_64plus
c0055080   __strasgi_64plus
c00550c0   _DIO_ctrl
c0055100   __negll
c0055120   __nop
c0055180   __register_lock
c00551a0   __register_unlock
c00551c0   __truncf
c00551e0   C$$EXIT
c00551e0   _abort
c0055240   _mcaspIsr
c0055260   _remove
c0055640   ___etext__
c0055640   etext
c0055720   _SYS_vsprintf
c0055d40   _SYS_vprintf
c0055d4c   _SYS_sprintf
c0055d80   _SYS_printf
c0055dc0   LNK_F_checkBufferCall
c0055de0   LNK_F_getChanPtr
c0055e38   LNK_F_init
c0055e40   LNK_F_dataPump
c0055e50   LNK_rcloop
c0055f14   LNK_rdrtry
c0055f24   LNK_rrloop
c0055fe4   LNK_wrrtry
c0055ff0   LNK_wrloop
c00560c0   LNK_newin
c00561f4   LNK_newout
c0056348   LNK_F_readCallBack
c0056380   _EXC_nmi
c00563b4   _EXC_internal
c0056660   _EXC_init
c00566a0   _EXC_getLastStatus
c00566c0   _EXC_external
c00566f4   _EXC_exceptionHandler
c00568d0   _EXC_clearLastStatus
c0056900   CLK_HOOKFXN
c0056900   HWI_F_dispatch
c0056900   _HWI_F_dispatch
c0056900   __HWI_lat1beg
c0056a88   __HWI_lat1end
c0056a88   __HWI_lat2beg
c0056bf0   __HWI_lat2end2
c0056c20   __HWI_lat3end2
c0056c64   __HWI_lat2end1
c0056c80   __HWI_lat3beg
c0056de0   SWI_F_enable
c0056de0   __SWI_lat3beg
c0056e4c   __SWI_lat3end
c0056e50   SWI_F_post
c0056e50   _SWI_post
c0056f58   __SWI_lat1beg
c0056fc4   SWI_EXECFXN
c0056fc4   SWI_F_exec
c0056fec   SWI_F_iexec
c0057004   __SWI_lat1end
c0057008   __SWI_lat2beg
c0057068   __SWI_lat2end
c005706c   SWI_F_run
c005706c   SWI_RUNFXN
c00572a0   PRD_F_swi
c0057524   PRD_F_tick
c0057620   _SIO_create
c0057940   _free
c0057964   _malloc
c00579c4   _realloc
c0057aa8   _memalign
c0057b6c   _calloc
c0057bc0   RTA_F_getlog
c0057bf8   RTA_F_getsts
c0057c38   RTA_F_readblk
c0057c54   RTA_F_writeword
c0057c60   RTA_F_resetmem
c0057c60   __RTA_lat1beg
c0057c94   __RTA_lat1end
c0057ca0   RTA_F_dispatch
c0057cec   RTA_execute
c0057e40   _KNL_run
c0058080   _MEM_alloc
c0058454   PRD_THOOKFXN
c0058454   _KNL_tick
c0058480   _MEM_free
c0058660   _EXC_dispatch
c0058824   _EXC_setReturnPtr
c0058840   PIP_F_take
c00588b8   PIP_F_give
c00588b8   PIP_F_probe
c0058988   PIP_F_start
c0058a20   _SEM_pendEnterKnl
c0058c00   _SIO_delete
c0058de0   __SEM_dopost
c0058f80   _TSK_setup
c0059120   CLK_F_getltime
c0059130   CLK_F_isr
c0059270   CLK_F_itime
c0059270   _CLK_F_itime
c0059270   _CLK_itime
c0059290   __CLK_lat1beg
c00592b0   __CLK_lat1end
c00592c0   _KNL_saveIsrFrame
c005936c   _KNL_switch
c0059418   KNL_glue
c0059570   _BCACHE_wbInv
c0059584   _BCACHE_wb
c0059594   _BCACHE_inv
c00595c0   __auto_init
c0059700   _TSK_exit
c0059840   _BCACHE_setSize
c0059884   _BCACHE_setMar
c00598d4   _BCACHE_setCacheToSram
c0059904   _BCACHE_getSize
c0059954   _BCACHE_getMar
c00599e8   _GBL_cacheInit64P
c0059aa0   _KNL_check
c0059aec   __KNL_lat1beg
c0059b68   _KNL_idle
c0059b68   __KNL_lat1end
c0059b90   _KNL_max
c0059c64   _TSK_startup
c0059ce0   _ECM_dispatch
c0059de0   _SEM_post
c0059de0   _SEM_postBinary
c0059ec0   _DEV_match
c0059f80   _KNL_exit
c0059fc0   _KNL_enter
c005a040   _SIO_reclaim
c005a100   _DEV_mkframe
c005a1a0   _OBJ_create
c005a240   _SEM_postEnterKnl
c005a2e0   _SWI_setattrs
c005a380   _SYS_exit
c005a420   LOG_F_event
c005a420   _LOG_event
c005a420   __LOG_lat1beg
c005a4c0   _ATM_andi
c005a4c0   _ATM_andu
c005a4d0   _ATM_cleari
c005a4d0   _ATM_clearu
c005a4e0   _ATM_deci
c005a4e0   _ATM_decu
c005a4f0   _ATM_inci
c005a4f0   _ATM_incu
c005a504   _ATM_ori
c005a504   _ATM_oru
c005a514   _ATM_seti
c005a514   _ATM_setu
c005a540   _KNL_ipost
c005a5c0   _KNL_post
c005a640   _LCK_post
c005a660   _LCK_pend
c005a6c0   _SEM_create
c005a740   _SWI_create
c005a7c0   _TSK_enable
c005a7e4   _TSK_disable
c005a840   _BCACHE_wait
c005a8c0   IDL_F_calibrate
c005a940   _SIO_issue
c005a9c0   _MEM_valloc
c005aa20   _SYS_error
c005aa80   _DEV_rmframe
c005aae0   FXN_F_nop
c005aae4   FXN_F_run
c005aae4   _FXN_F_run
c005ab20   FXN_F_zero
c005ab20   _FXN_F_zero
c005ab40   _HWI_disable
c005ab58   _HWI_enable
c005ab6c   _HWI_restore
c005aba0   IDL_F_busy
c005aba0   __IDL_lat1beg
c005abe0   __IDL_lat1end
c005ac00   _OBJ_delete
c005ac60   _SEM_pend
c005acc0   STS_F_delta
c005acc0   _STS_delta
c005acec   STS_F_add
c005acec   _STS_add
c005ad08   STS_F_reset
c005ad08   _STS_reset
c005ad20   _SYS_abort
c005ad80   _CLK_measure
c005ade0   _C62_disableIER
c005ade0   _C64_disableIER
c005adf8   _C62_enableIER
c005adf8   _C64_enableIER
c005ae0c   _C62_clearIFR
c005ae0c   _C64_clearIFR
c005ae20   _ECM_disableEvent
c005ae60   _ECM_dispatchPlug
c005aea0   _ECM_enableEvent
c005aee0   IDL_CALIBRFXN
c005aee0   IDL_F_stub
c005af20   _QUE_create
c005af60   _QUE_get
c005af60   __QUE_lat1beg
c005af80   __QUE_lat1end
c005af88   _QUE_put
c005af88   __QUE_lat2beg
c005af94   __QUE_lat2end
c005afa0   RTA_F_andn
c005afb8   RTA_F_or
c005afe0   SYS_ABORTFXN
c005afe0   _UTL_doAbort
c005b020   SYS_PUTCFXN
c005b020   _UTL_doPutc
c005b060   GBL_USERINITFXN
c005b060   GIO_CREATEFXN
c005b060   GIO_DELETEFXN
c005b060   GIO_PENDFXN
c005b060   GIO_POSTFXN
c005b060   TSK_VCREATEFXN
c005b060   TSK_VDELETEFXN
c005b060   TSK_VEXITFXN
c005b060   _BCACHE_bootInit
c005b060   _FXN_F_nop
c005b080   _GBL_getVersion
c005b0a0   IDL_F_loop
c005b0a0   _IDL_loop
c005b0c0   _SEM_delete
c005b0e0   _STS_set
c005b100   _SYS_zero
c005b108   _SYS_one
c005b120   SYS_ERRORFXN
c005b120   _UTL_doError
c005b140   SYS_EXITFXN
c005b140   _UTL_halt
c005b160   CLK_F_gethtime
c005b160   CLK_TIMEFXN
c005b160   _CLK_gethtime
c005b180   _HSRTDX_rec
c005b420   _RTDX_Buffer_WriteCB
c005b8e0   _HSRTDX_xmt
c005bbe0   _RTDX_Mon_Queue
c005be40   _RTDX_Poll
c005bee0   _RTDX_Final_RT_Monitor
c005bf60   _RTDX_Buffer_Initialize
c005bfc0   _RTDX_Init_RT_Monitor
c005c020   _RTDX_Buffer_ReadCB
c005c060   _RTDX_Buffer_Size
c005c0a0   _RTDX_memfill
c005c0e0   _RTDX_Buffer_Read
c005c100   _RTDX_Buffer_Write
c005c120   _RTDX_Mask_IER
c005c140   BIOS_init
c005c140   _BIOS_init
c005c2c4   BIOS$$CLKON
c005c304   BIOS$$CLKOFF
c005c3c0   BIOS_start
c005c3c0   _BIOS_start
c005c500   _DEV_init
c005c600   _c_int00
c005c6c0   _MEM_init
c005c780   _TSK_init
c005c7e0   _DIO_init
c005c800   HWI_A_VECS
c005c800   hwi0
c005c820   hwi1
c005c840   hwi2
c005c860   hwi3
c005c880   hwi4
c005c8a0   hwi5
c005c8c0   hwi6
c005c8e0   hwi7
c005c900   hwi8
c005c920   hwi9
c005c940   hwi10
c005c960   hwi11
c005c980   hwi12
c005c9a0   hwi13
c005c9c0   hwi14
c005c9e0   hwi15
ffffffff   CACHE_L1D
ffffffff   CACHE_L1P
ffffffff   ECM_EVTMASK0
ffffffff   ECM_EVTMASK1
ffffffff   ECM_EVTMASK2
ffffffff   ECM_EVTMASK3
ffffffff   HST_DSMBUFSEG
ffffffff   IRAM
ffffffff   L3_CBA_RAM
ffffffff   RTDX_DATAMEMSEG
ffffffff   _CACHE_L1D
ffffffff   _CACHE_L1P
ffffffff   _IRAM
ffffffff   _L3_CBA_RAM
ffffffff   ___TI_pprof_out_hndl
ffffffff   ___TI_prof_data_size
ffffffff   ___TI_prof_data_start
ffffffff   ___binit__
ffffffff   ___c_args__
ffffffff   binit

[1348 symbols]
