******************************************************************************
               TMS320C6x Linker PC v7.3.4                      
******************************************************************************
>> Linked Tue Nov 27 20:51:16 2012

OUTPUT FILE NAME:   <Audio_UART2.out>
ENTRY POINT SYMBOL: "_c_int00"  address: c022be60


MEMORY CONFIGURATION

         name            origin    length      used     unused   attr    fill
----------------------  --------  ---------  --------  --------  ----  --------
  IRAM                  11800000   00040000  0003da19  000025e7  RWIX
  CACHE_L1P             11e00000   00008000  00000000  00008000  RWIX
  CACHE_L1D             11f00000   00008000  00000000  00008000  RWIX
  L3_CBA_RAM            80000000   00020000  00000000  00020000  RWIX
  SDRAM                 c0000000   04000000  0022c248  03dd3db8  RWIX


SECTION ALLOCATION MAP

 output                                  attributes/
section   page    origin      length       input sections
--------  ----  ----------  ----------   ----------------
.vers      0    00000000    00000040     COPY SECTION
                  00000000    00000040     audioSamplecfg.obj (.vers)

.prd       0    11800000    00000000     UNINITIALIZED

.far       0    11800000    0001afac     UNINITIALIZED
                  11800000    0000637c     ti.pspiom.mcasp.a674 : Mcasp.obj (.far)
                  1180637c    00000004     bios.a674 : que_crea.o674 (.far)
                  11806380    0000619c     ti.pspiom.uart.a674 : Uart.obj (.far)
                  1180c51c    00000004     bios6747.a674 : bcache_wait.o674 (.far)
                  1180c520    00004900     edma3_drv_bios_c674.lib : edma3_drv_init.obj (.far)
                  11810e20    000041d8     audioSample_io.obj (.far)
                  11814ff8    00002dc8     edma3_rm_bios.lib : edma3resmgr.obj (.far)
                  11817dc0    00001280                       : edma3_rm_gbl_data.obj (.far)
                  11819040    00000ae8                       : edma3_c6747_cfg.obj (.far)
                  11819b28    0000039c     edma3_drv_bios_sample.lib : bios_edma3_drv_sample_c6747_cfg.obj (.far)
                  11819ec4    00000004     bios6747.a674 : clk_data.o674 (.far)
                  11819ec8    00000324     rts6740.lib : defs.obj (.far)
                  1181a1ec    00000004                 : fopen.obj (.far)
                  1181a1f0    000002b8     ti.pspiom.i2c.a674 : I2c.obj (.far)
                  1181a4a8    000001ac     ti.pspiom.platforms.codec.a674 : Aic31.obj (.far)
                  1181a654    00000004     rts6740.lib : sinit.obj (.far)
                  1181a658    00000188                 : atexit.obj (.far)
                  1181a7e0    0000016c     ti.pspiom.platforms.evm6747.audio.a674 : Audio.obj (.far)
                  1181a94c    00000004     --HOLE--
                  1181a950    0000011c     rts6740.lib : lowlev.obj (.far)
                  1181aa6c    000000f8     audioSample_main.obj (.far)
                  1181ab64    00000004     --HOLE--
                  1181ab68    000000d8     bios.a674 : knl.o674 (.far)
                  1181ac40    000000d0     rts6740.lib : trgdrv.obj (.far)
                  1181ad10    0000005c     bios.a674 : tsk.o674 (.far)
                  1181ad6c    00000004     --HOLE--
                  1181ad70    00000054               : obj_init.o674 (.far)
                  1181adc4    00000050               : tsk_stup.o674 (.far)
                  1181ae14    00000004     --HOLE--
                  1181ae18    0000003a     uart.obj (.far)
                  1181ae52    00000002     --HOLE--
                  1181ae54    00000024     ti.pspiom.platforms.evm6747.evmInit.a674 : audio_evmInit.obj (.far)
                  1181ae78    00000020     bios.a674 : sys.o674 (.far)
                  1181ae98    00000020     edma3_drv_bios_sample.lib : bios_edma3_drv_sample_init.obj (.far)
                  1181aeb8    0000001c     drivers.a674 : dio_tskDynamic.o674 (.far)
                  1181aed4    0000001c     sioboth.a674 : sio.o674 (.far)
                  1181aef0    00000018     rtdx64xplus.lib : rtdx_mon.o64P (.far)
                  1181af08    00000014     bios.a674 : swi_seta.o674 (.far)
                  1181af1c    00000010               : exc.o674 (.far)
                  1181af2c    00000010               : gio_cfg.o674 (.far)
                  1181af3c    00000010               : knl_tick.o674 (.far)
                  1181af4c    00000010               : tsk_setp.o674 (.far)
                  1181af5c    00000004     --HOLE--
                  1181af60    00000010     rts6740.lib : sinf.obj (.far)
                  1181af70    0000000c     bios.a674 : utl_putc.o674 (.far)
                  1181af7c    0000000c     rts6740.lib : exit.obj (.far)
                  1181af88    00000008     bios.a674 : ecm_dispatch.o674 (.far)
                  1181af90    00000008               : gio.o674 (.far)
                  1181af98    00000008               : sem_crea.o674 (.far)
                  1181afa0    00000008     rts6740.lib : _lock.obj (.far)
                  1181afa8    00000004     bios.a674 : dev_init.o674 (.far)

.data      0    11800000    00000000     UNINITIALIZED

.args      0    1181afac    00000004     
                  1181afac    00000004     --HOLE-- [fill = 0]

.stack     0    1181afb0    00010000     UNINITIALIZED
                  1181afb0    00010000     --HOLE--

.const     0    1182afb0    00004329     
                  1182afb0    000012d0     ti.pspiom.mcasp.a674 : Mcasp.obj (.const:.string)
                  1182c280    000009c8     ti.pspiom.uart.a674 : Uart.obj (.const:.string)
                  1182cc48    000007fc     ti.pspiom.mcasp.a674 : Mcasp_ioctl.obj (.const:.string)
                  1182d444    0000063c     ti.pspiom.i2c.a674 : I2c.obj (.const:.string)
                  1182da80    00000518     ti.pspiom.platforms.codec.a674 : Aic31.obj (.const:.string)
                  1182df98    000003d8     ti.pspiom.mcasp.a674 : Mcasp_edma.obj (.const:.string)
                  1182e370    000002f0     edma3_rm_bios.lib : edma3resmgr.obj (.const:.string)
                  1182e660    00000238     ti.pspiom.uart.a674 : Uart_edma.obj (.const:.string)
                  1182e898    00000193     bios.a674 : exc.o674 (.const:.string)
                  1182ea2b    00000001     --HOLE-- [fill = 0]
                  1182ea2c    0000013c     ti.pspiom.i2c.a674 : I2c_edma.obj (.const:.string)
                  1182eb68    0000010c     ti.pspiom.mcasp.a674 : Mcasp.obj (.const)
                  1182ec74    00000004     bios.a674 : gio_crea.o674 (.const:.string)
                  1182ec78    00000101     rts6740.lib : ctype.obj (.const:__ctypes_)
                  1182ed79    00000003                 : assert.obj (.const:.string)
                  1182ed7c    00000094     edma3_drv_bios_c674.lib : edma3_drv_basic.obj (.const:.string)
                  1182ee10    00000080                             : edma3_drv_init.obj (.const:.string)
                  1182ee90    00000070     uart.obj (.const:.string)
                  1182ef00    00000060     ti.pspiom.mcasp.a674 : Mcasp_edma.obj (.const)
                  1182ef60    00000050     ti.pspiom.uart.a674 : Uart.obj (.const)
                  1182efb0    0000004e     bios.a674 : tsk_stup.o674 (.const:.string)
                  1182effe    0000004e     audioSamplecfg.obj (.const)
                  1182f04c    0000004c     ti.pspiom.i2c.a674 : I2c.obj (.const)
                  1182f098    00000048     ti.pspiom.platforms.evm6747.audio.a674 : Audio.obj (.const:.string)
                  1182f0e0    00000040     ti.pspiom.uart.a674 : Uart_edma.obj (.const)
                  1182f120    00000038     ti.pspiom.psc.a674 : Psc.obj (.const:.string)
                  1182f158    00000028     ti.pspiom.platforms.codec.a674 : Aic31.obj (.const)
                  1182f180    00000023     bios.a674 : utl_doab.o674 (.const:.string)
                  1182f1a3    00000023     rts6740.lib : _printfi.obj (.const:.string)
                  1182f1c6    00000022     bios.a674 : utl_doer.o674 (.const:.string)
                  1182f1e8    00000020               : dev_init.o674 (.const:.string)
                  1182f208    00000020     ti.pspiom.i2c.a674 : I2c_edma.obj (.const)
                  1182f228    00000020     ti.pspiom.mcasp.a674 : Mcasp_ioctl.obj (.const)
                  1182f248    00000020     ti.pspiom.platforms.evm6747.audio.a674 : Audio.obj (.const)
                  1182f268    0000001c     audioSample_io.obj (.const:.string)
                  1182f284    00000018     audioSample_main.obj (.const:.string)
                  1182f29c    00000004     bios.a674 : mem_allo.o674 (.const:.string)
                  1182f2a0    00000011               : sys_prin.o674 (.const:_digtohex)
                  1182f2b1    0000000f               : sys_prin.o674 (.const:.string)
                  1182f2c0    00000008     edma3_drv_bios_sample.lib : bios_edma3_drv_sample_init.obj (.const)
                  1182f2c8    00000004     bios.a674 : mem_free.o674 (.const:.string)
                  1182f2cc    00000004     sioboth.a674 : sio_crea.o674 (.const:.string)
                  1182f2d0    00000002     rts6740.lib : fputs.obj (.const:.string)
                  1182f2d2    00000002     --HOLE-- [fill = 0]
                  1182f2d4    00000001     bios.a674 : sem_crea.o674 (.const:.string)
                  1182f2d5    00000003     --HOLE-- [fill = 0]
                  1182f2d8    00000001               : tsk.o674 (.const:.string)

.printf    0    1182f2d9    00000073     COPY SECTION
                  1182f2d9    00000073     audioSamplecfg.obj (.printf)

.mem       0    1182f2dc    00000004     UNINITIALIZED
                  1182f2dc    00000004     audioSamplecfg.obj (.mem)

.bss       0    1182f2e0    00000858     UNINITIALIZED
                  1182f2e0    00000444     audioSamplecfg.obj (.bss)
                  1182f724    00000100     bios.a674 : hwi_disp_asm.o674 (.bss)
                  1182f824    000000cc               : biosdata.o674 (.bss)
                  1182f8f0    0000009c               : swi.o674 (.bss)
                  1182f98c    0000005c     audioSample_io.obj (.bss)
                  1182f9e8    00000048     bios.a674 : knl.o674 (.bss)
                  1182fa30    00000020               : exc_asm.o674 (.bss)
                  1182fa50    0000001c     edma3_drv_bios_sample.lib : bios_edma3_drv_sample_c6747_cfg.obj (.bss)
                  1182fa6c    00000018     bios.a674 : hwi.o674 (.bss)
                  1182fa84    00000018     lnkrtdx.a674 : rtdx.o674 (.bss)
                  1182fa9c    00000014     edma3_rm_bios.lib : edma3_rm_gbl_data.obj (.bss)
                  1182fab0    00000010     bios.a674 : exc.o674 (.bss)
                  1182fac0    00000010     rtdx64xplus.lib : buffer1.o64P (.bss)
                  1182fad0    00000010                     : rtdx_mon.o64P (.bss)
                  1182fae0    0000000c     bios.a674 : tsk.o674 (.bss)
                  1182faec    0000000a     edma3_rm_bios.lib : edma3resmgr.obj (.bss)
                  1182faf6    00000002     edma3_drv_bios_c674.lib : edma3_drv_init.obj (.bss)
                  1182faf8    00000008     bios.a674 : clk_data.o674 (.bss)
                  1182fb00    00000008               : sys.o674 (.bss)
                  1182fb08    00000008     edma3_drv_bios_sample.lib : bios_edma3_drv_sample_init.obj (.bss)
                  1182fb10    00000008     uart.obj (.bss)
                  1182fb18    00000004     bios.a674 : clk_data2.o674 (.bss)
                  1182fb1c    00000004               : dev_init.o674 (.bss)
                  1182fb20    00000004               : gio_cfg.o674 (.bss)
                  1182fb24    00000004               : idl_busy.o674 (.bss)
                  1182fb28    00000004               : mem_asm.o674 (.bss)
                  1182fb2c    00000004               : tsk_disa.o674 (.bss)
                  1182fb30    00000004     ti.pspiom.mcasp.a674 : Mcasp.obj (.bss)
                  1182fb34    00000004     ti.pspiom.uart.a674 : Uart.obj (.bss)

.TSK_idle$stk 
*          0    1182fb38    00000400     UNINITIALIZED
                  1182fb38    00000400     audioSamplecfg.obj (.TSK_idle$stk)

.pip       0    1182ff38    000000c8     UNINITIALIZED
                  1182ff38    000000c8     audioSamplecfg.obj (.pip)

.DVTEvent_Log$buf 
*          0    11830000    00008000     UNINITIALIZED
                  11830000    00008000     audioSamplecfg.obj (.DVTEvent_Log$buf)

.cinit     0    11838000    00002adc     
                  11838000    00001204     audioSamplecfg.obj (.cinit)
                  11839204    00000004     --HOLE-- [fill = 0]
                  11839208    00000588     edma3_rm_bios.lib : edma3_c6747_cfg.obj (.cinit)
                  11839790    00000428     edma3_drv_bios_sample.lib : bios_edma3_drv_sample_c6747_cfg.obj (.cinit)
                  11839bb8    0000026c     bios.a674 : biosdata.o674 (.cinit)
                  11839e24    00000004     --HOLE-- [fill = 0]
                  11839e28    00000234     audioSample_io.obj (.cinit)
                  1183a05c    00000004     --HOLE-- [fill = 0]
                  1183a060    000001a4     bios.a674 : knl.o674 (.cinit)
                  1183a204    00000004     --HOLE-- [fill = 0]
                  1183a208    000000b0               : swi.o674 (.cinit)
                  1183a2b8    00000080               : tsk.o674 (.cinit)
                  1183a338    0000007a     edma3_rm_bios.lib : edma3resmgr.obj (.cinit)
                  1183a3b2    00000006     --HOLE-- [fill = 0]
                  1183a3b8    00000068     rtdx64xplus.lib : rtdx_mon.o64P (.cinit)
                  1183a420    00000060     bios.a674 : tsk_stup.o674 (.cinit)
                  1183a480    0000005c     lnkrtdx.a674 : rtdx.o674 (.cinit)
                  1183a4dc    00000004     --HOLE-- [fill = 0]
                  1183a4e0    0000005c     rts6740.lib : defs.obj (.cinit)
                  1183a53c    00000004     --HOLE-- [fill = 0]
                  1183a540    0000005c                 : lowlev.obj (.cinit)
                  1183a59c    00000004     --HOLE-- [fill = 0]
                  1183a5a0    0000004c     bios.a674 : rta.o674 (.cinit)
                  1183a5ec    00000004     --HOLE-- [fill = 0]
                  1183a5f0    0000004c     edma3_rm_bios.lib : edma3_rm_gbl_data.obj (.cinit)
                  1183a63c    00000004     --HOLE-- [fill = 0]
                  1183a640    0000004c     rtdx64xplus.lib : buffer1.o64P (.cinit)
                  1183a68c    00000004     --HOLE-- [fill = 0]
                  1183a690    00000048     edma3_drv_bios_sample.lib : bios_edma3_drv_sample_init.obj (.cinit)
                  1183a6d8    0000003c     bios.a674 : exc.o674 (.cinit)
                  1183a714    00000004     --HOLE-- [fill = 0]
                  1183a718    0000003c     ti.pspiom.mcasp.a674 : Mcasp.obj (.cinit)
                  1183a754    00000004     --HOLE-- [fill = 0]
                  1183a758    0000003c     ti.pspiom.uart.a674 : Uart.obj (.cinit)
                  1183a794    00000004     --HOLE-- [fill = 0]
                  1183a798    00000034     bios.a674 : hwi.o674 (.cinit)
                  1183a7cc    00000004     --HOLE-- [fill = 0]
                  1183a7d0    00000030     ti.pspiom.platforms.codec.a674 : Aic31.obj (.cinit)
                  1183a800    00000030     ti.pspiom.platforms.evm6747.audio.a674 : Audio.obj (.cinit)
                  1183a830    0000002c     bios.a674 : utl_putc.o674 (.cinit)
                  1183a85c    00000004     --HOLE-- [fill = 0]
                  1183a860    0000002c     rts6740.lib : exit.obj (.cinit)
                  1183a88c    00000004     --HOLE-- [fill = 0]
                  1183a890    00000024     bios.a674 : gio_cfg.o674 (.cinit)
                  1183a8b4    00000004     --HOLE-- [fill = 0]
                  1183a8b8    00000024               : obj_init.o674 (.cinit)
                  1183a8dc    00000004     --HOLE-- [fill = 0]
                  1183a8e0    00000024     drivers.a674 : dio_tskDynamic.o674 (.cinit)
                  1183a904    00000004     --HOLE-- [fill = 0]
                  1183a908    00000024     sioboth.a674 : sio.o674 (.cinit)
                  1183a92c    00000004     --HOLE-- [fill = 0]
                  1183a930    0000001c     bios.a674 : exc_asm.o674 (.cinit)
                  1183a94c    00000004     --HOLE-- [fill = 0]
                  1183a950    0000001c               : swi_seta.o674 (.cinit)
                  1183a96c    00000004     --HOLE-- [fill = 0]
                  1183a970    0000001c               : sys.o674 (.cinit)
                  1183a98c    00000004     --HOLE-- [fill = 0]
                  1183a990    0000001c     rts6740.lib : _lock.obj (.cinit)
                  1183a9ac    00000004     --HOLE-- [fill = 0]
                  1183a9b0    0000001c                 : atexit.obj (.cinit)
                  1183a9cc    00000004     --HOLE-- [fill = 0]
                  1183a9d0    00000018     bios.a674 : knl_tick.o674 (.cinit)
                  1183a9e8    00000018               : tsk_setp.o674 (.cinit)
                  1183aa00    00000018     rts6740.lib : sinf.obj (.cinit)
                  1183aa18    00000010     bios.a674 : gio.o674 (.cinit)
                  1183aa28    00000010               : sem_crea.o674 (.cinit)
                  1183aa38    0000000e               : ecm_dispatch.o674 (.cinit)
                  1183aa46    00000002     --HOLE-- [fill = 0]
                  1183aa48    0000000c               : idl_busy.o674 (.cinit)
                  1183aa54    00000004     --HOLE-- [fill = 0]
                  1183aa58    0000000c               : knl_swit.o674 (.cinit)
                  1183aa64    00000004     --HOLE-- [fill = 0]
                  1183aa68    0000000c               : que_crea.o674 (.cinit)
                  1183aa74    00000004     --HOLE-- [fill = 0]
                  1183aa78    0000000c               : tsk_disa.o674 (.cinit)
                  1183aa84    00000004     --HOLE-- [fill = 0]
                  1183aa88    0000000c     bios6747.a674 : bcache_wait.o674 (.cinit)
                  1183aa94    00000004     --HOLE-- [fill = 0]
                  1183aa98    0000000c     rts6740.lib : fopen.obj (.cinit)
                  1183aaa4    00000004     --HOLE-- [fill = 0]
                  1183aaa8    0000000c                 : sinit.obj (.cinit)
                  1183aab4    00000004     --HOLE-- [fill = 0]
                  1183aab8    0000000c     ti.pspiom.i2c.a674 : I2c.obj (.cinit)
                  1183aac4    00000004     --HOLE-- [fill = 0]
                  1183aac8    0000000a     edma3_drv_bios_c674.lib : edma3_drv_init.obj (.cinit)
                  1183aad2    00000006     --HOLE-- [fill = 0]
                  1183aad8    00000004     (.pad.cinit) [fill = 0]

.dio       0    1183aadc    00000010     UNINITIALIZED
                  1183aadc    00000010     audioSamplecfg.obj (.dio)

.hst1      0    1183aaec    00000010     UNINITIALIZED
                  1183aaec    00000010     audioSamplecfg.obj (.hst1)

.rtdx_data 
*          0    1183ab00    000004f4     UNINITIALIZED
                  1183ab00    00000080     --HOLE--
                  1183ab80    00000410     audioSamplecfg.obj (.rtdx_data)
                  1183af90    00000044     rtdx64xplus.lib : rtdx_mon.o64P (.rtdx_data)
                  1183afd4    00000020                     : buffer1.o64P (.rtdx_data)

.pinit     0    1183aff4    0000000c     
                  1183aff4    00000004     rtdx64xplus.lib : buffer1.o64P (.pinit)
                  1183aff8    00000004                     : rtdx_mon.o64P (.pinit)
                  1183affc    00000004     --HOLE-- [fill = 0]

.LOG_system$buf 
*          0    1183b000    00001000     UNINITIALIZED
                  1183b000    00001000     audioSamplecfg.obj (.LOG_system$buf)

.trace$buf 
*          0    1183c000    00001000     UNINITIALIZED
                  1183c000    00001000     audioSamplecfg.obj (.trace$buf)

.switch    0    1183d000    00000230     
                  1183d000    000000a0     edma3_rm_bios.lib : edma3resmgr.obj (.switch)
                  1183d0a0    00000060     edma3_drv_bios_c674.lib : edma3_drv_adv.obj (.switch)
                  1183d100    00000058                             : edma3_drv_basic.obj (.switch)
                  1183d158    00000054     ti.pspiom.mcasp.a674 : Mcasp_ioctl.obj (.switch)
                  1183d1ac    00000028     edma3_drv_bios_sample.lib : bios_edma3_drv_sample_cs.obj (.switch)
                  1183d1d4    00000020     ti.pspiom.i2c.a674 : I2c.obj (.switch)
                  1183d1f4    00000020     ti.pspiom.platforms.codec.a674 : Aic31.obj (.switch)
                  1183d214    0000001c     ti.pspiom.mcasp.a674 : Mcasp_edma.obj (.switch)

.trace     0    1183d230    00000200     
                  1183d230    00000200     --HOLE-- [fill = 00000000]

.cio       0    1183d430    00000120     UNINITIALIZED
                  1183d430    00000120     rts6740.lib : trgmsg.obj (.cio)

.tsk       0    1183d550    00000120     UNINITIALIZED
                  1183d550    00000120     audioSamplecfg.obj (.tsk)

.hst0      0    1183d670    00000100     UNINITIALIZED
                  1183d670    00000100     audioSamplecfg.obj (.hst0)

.devtable 
*          0    1183d770    000000fc     UNINITIALIZED
                  1183d770    000000fc     audioSamplecfg.obj (.devtable)

.gblinit   0    1183d86c    00000070     
                  1183d86c    00000070     audioSamplecfg.obj (.gblinit)

.sts       0    1183d8dc    00000050     
                  1183d8dc    00000050     audioSamplecfg.obj (.sts)

.log       0    1183d92c    00000048     
                  1183d92c    00000048     audioSamplecfg.obj (.log)

.hst       0    1183d974    0000003c     UNINITIALIZED
                  1183d974    0000003c     audioSamplecfg.obj (.hst)

.swi       0    1183d9b0    0000002c     UNINITIALIZED
                  1183d9b0    0000002c     audioSamplecfg.obj (.swi)

.idl       0    1183d9dc    00000010     UNINITIALIZED
                  1183d9dc    00000010     audioSamplecfg.obj (.idl)

.idlcal    0    1183d9ec    00000010     UNINITIALIZED
                  1183d9ec    00000010     audioSamplecfg.obj (.idlcal)

.sys       0    1183d9fc    00000010     UNINITIALIZED
                  1183d9fc    00000010     audioSamplecfg.obj (.sys)

.trcdata   0    1183da0c    0000000c     
                  1183da0c    0000000c     bios.a674 : trc.o674 (.trcdata)

.clk       0    1183da18    00000008     UNINITIALIZED
                  1183da18    00000008     audioSamplecfg.obj (.clk)

mySDRAM    0    c0000000    001c4888     UNINITIALIZED
                  c0000000    001c4888     audioSample_io.obj (mySDRAM)

.SDRAM$heap 
*          0    c01c4888    00030000     UNINITIALIZED
                  c01c4888    00030000     --HOLE--

.text      0    c01f48a0    00029e00     
                  c01f48a0    00007620     edma3_rm_bios.lib : edma3resmgr.obj (.text)
                  c01fbec0    000029a0     edma3_drv_bios_c674.lib : edma3_drv_basic.obj (.text)
                  c01fe860    00002020                             : edma3_drv_adv.obj (.text)
                  c0200880    00000f60     ti.pspiom.mcasp.a674 : Mcasp_ioctl.obj (.text:_Mcasp_localSubmitIoctl)
                  c02017e0    00000f40     audioSample_io.obj (.text)
                  c0202720    00000ca0     ti.pspiom.mcasp.a674 : Mcasp.obj (.text:_mcaspMdCreateChan)
                  c02033c0    00000c80     edma3_drv_bios_c674.lib : edma3_drv_init.obj (.text)
                  c0204040    00000aa0     ti.pspiom.mcasp.a674 : Mcasp.obj (.text:_mcaspMdBindDev)
                  c0204ae0    00000880     ti.pspiom.uart.a674 : Uart.obj (.text:_uartMdBindDev)
                  c0205360    00000660     ti.pspiom.mcasp.a674 : Mcasp_edma.obj (.text:_Mcasp_localEdmaCallback)
                  c02059c0    00000660     ti.pspiom.platforms.codec.a674 : Aic31.obj (.text:_aic31SetSamplingRate)
                  c0206020    00000640     ti.pspiom.uart.a674 : Uart.obj (.text:_uartMdControlChan)
                  c0206660    000005a0     rts6740.lib : divd.obj (.text:__divd)
                  c0206c00    00000580                 : _printfi.obj (.text:__getarg_diouxp)
                  c0207180    00000540     ti.pspiom.mcasp.a674 : Mcasp_edma.obj (.text:_Mcasp_localEdmaChanPaRAMsetup)
                  c02076c0    00000540     ti.pspiom.i2c.a674 : I2c.obj (.text:_i2cMdBindDev)
                  c0207c00    00000520     ti.pspiom.mcasp.a674 : Mcasp.obj (.text:_Mcasp_localAbortReset)
                  c0208120    00000500                          : Mcasp.obj (.text:_Mcasp_init)
                  c0208620    00000500     ti.pspiom.i2c.a674 : I2c.obj (.text:_i2cMdCreateChan)
                  c0208b20    000004e0     ti.pspiom.platforms.codec.a674 : Aic31.obj (.text:_aic31MdCreateChan)
                  c0209000    00000480     ti.pspiom.mcasp.a674 : Mcasp_edma.obj (.text:_Mcasp_localGetIndicesSyncType)
                  c0209480    00000480     rts6740.lib : _printfi.obj (.text:__setfield)
                  c0209900    00000480     ti.pspiom.i2c.a674 : I2c.obj (.text:_i2cIntrHandler)
                  c0209d80    00000460     ti.pspiom.mcasp.a674 : Mcasp.obj (.text:_Mcasp_localConfigXmtSection)
                  c020a1e0    00000440     rts6740.lib : _printfi.obj (.text:__printfi)
                  c020a620    00000420     ti.pspiom.mcasp.a674 : Mcasp.obj (.text:_Mcasp_localConfigRcvSection)
                  c020aa40    00000420     ti.pspiom.platforms.evm6747.audio.a674 : Audio.obj (.text:_audioMdCreateChan)
                  c020ae60    00000420     ti.pspiom.mcasp.a674 : Mcasp.obj (.text:_mcaspSubmitReq)
                  c020b280    00000400                          : Mcasp.obj (.text:_Mcasp_localSetupHwInfo)
                  c020b680    00000400     ti.pspiom.i2c.a674 : I2c.obj (.text:_i2cPolledModeTransfer)
                  c020ba80    000003e0                        : I2c.obj (.text:_i2cMdControlChan)
                  c020be60    000003a0     ti.pspiom.platforms.codec.a674 : Aic31.obj (.text:_aic31MdControlChan)
                  c020c200    000003a0                                    : Aic31.obj (.text:_aic31SelectOutputDest)
                  c020c5a0    00000380     ti.pspiom.mcasp.a674 : Mcasp_edma.obj (.text:_Mcasp_localUpdtDtPktToLnkPrms)
                  c020c920    00000380                          : Mcasp_ioctl.obj (.text:_mcaspGetHwStatus)
                  c020cca0    00000360     ti.pspiom.i2c.a674 : I2c.obj (.text:_i2cCompleteIOInIsr)
                  c020d000    00000360     ti.pspiom.mcasp.a674 : Mcasp_ioctl.obj (.text:_mcaspConfigLoopBack)
                  c020d360    00000340     ti.pspiom.i2c.a674 : I2c.obj (.text:_i2cTransfer)
                  c020d6a0    00000340     ti.pspiom.mcasp.a674 : Mcasp.obj (.text:_mcaspIsrOutput)
                  c020d9e0    00000340     edma3_drv_bios_sample.lib : bios_edma3_drv_sample_cs.obj (.text)
                  c020dd20    00000340                               : bios_edma3_drv_sample_init.obj (.text)
                  c020e060    00000320     ti.pspiom.i2c.a674 : I2c.obj (.text:_i2cMdSubmitChan)
                  c020e380    00000320     ti.pspiom.mcasp.a674 : Mcasp.obj (.text:_mcaspIsrInput)
                  c020e6a0    00000300     rts6740.lib : fputs.obj (.text:_fputs)
                  c020e9a0    00000300     ti.pspiom.uart.a674 : Uart.obj (.text:_uartMdCreateChan)
                  c020eca0    000002e0     ti.pspiom.i2c.a674 : I2c_edma.obj (.text:_I2c_completeIOedmaCallback)
                  c020ef80    000002e0     ti.pspiom.platforms.codec.a674 : Aic31.obj (.text:_aic31InitDac)
                  c020f260    000002e0     ti.pspiom.platforms.evm6747.audio.a674 : Audio.obj (.text:_audioMdBindDev)
                  c020f540    000002c0     ti.pspiom.i2c.a674 : I2c_edma.obj (.text:_I2c_localEdmaTransfer)
                  c020f800    000002c0     ti.pspiom.uart.a674 : Uart_edma.obj (.text:_Uart_localIsrEdma)
                  c020fac0    000002c0     rts6740.lib : _printfi.obj (.text:__pproc_fge)
                  c020fd80    000002c0                 : _printfi.obj (.text:__pproc_fwp)
                  c0210040    000002c0     ti.pspiom.platforms.codec.a674 : Aic31.obj (.text:_aic31MdBindDev)
                  c0210300    000002c0     ti.pspiom.mcasp.a674 : Mcasp_ioctl.obj (.text:_mcaspRegReset)
                  c02105c0    000002a0     rts6740.lib : _printfi.obj (.text:_ecvt)
                  c0210860    000002a0                 : _printfi.obj (.text:_fcvt)
                  c0210b00    000002a0     ti.pspiom.mcasp.a674 : Mcasp_ioctl.obj (.text:_mcaspSetSamplingRate)
                  c0210da0    00000280     rts6740.lib : divf.obj (.text:__divf)
                  c0211020    00000280     drivers.a674 : dio_tsk.o674 (.text)
                  c02112a0    00000260     rts6740.lib : imath64.obj (.text:__divull)
                  c0211500    00000260                 : _printfi.obj (.text:__pconv_e)
                  c0211760    00000260     ti.pspiom.platforms.codec.a674 : Aic31.obj (.text:_aic31InitAdc)
                  c02119c0    00000260     ti.pspiom.platforms.evm6747.audio.a674 : Audio.obj (.text:_audioSampleRateConfigure)
                  c0211c20    00000260     ti.pspiom.i2c.a674 : I2c.obj (.text:_i2cCancelIO)
                  c0211e80    00000260     ti.pspiom.mcasp.a674 : Mcasp.obj (.text:_mcaspMdDeleteChan)
                  c02120e0    00000240     rts6740.lib : _printfi.obj (.text:__pproc_diouxp)
                  c0212320    00000240                 : sinf.obj (.text:_sinf)
                  c0212560    00000240     ti.pspiom.uart.a674 : Uart.obj (.text:_uartIntrHandler)
                  c02127a0    00000240                         : Uart_edma.obj (.text:_uartStartEdmaRxTransfer)
                  c02129e0    00000240                         : Uart_edma.obj (.text:_uartStartEdmaTxTransfer)
                  c0212c20    00000220     ti.pspiom.i2c.a674 : I2c.obj (.text:_I2c_localPrepareForTransfer)
                  c0212e40    00000220     ti.pspiom.mcasp.a674 : Mcasp_edma.obj (.text:_Mcasp_localSetupEdmaDuringOpen)
                  c0213060    00000220     rts6740.lib : _printfi.obj (.text:__pproc_str)
                  c0213280    00000220     ti.pspiom.platforms.codec.a674 : Aic31.obj (.text:_aic31DeinitDac)
                  c02134a0    00000220                                    : Aic31.obj (.text:_aic31I2cRead)
                  c02136c0    00000220     ti.pspiom.uart.a674 : Uart.obj (.text:_uartSubmitIoReqPolled)
                  c02138e0    00000200     rts6740.lib : _printfi.obj (.text:__pconv_g)
                  c0213ae0    00000200     ti.pspiom.uart.a674 : Uart.obj (.text:_uartHandleRxError)
                  c0213ce0    00000200     drivers.a674 : dio_tskDynamic.o674 (.text)
                  c0213ee0    000001e0     ti.pspiom.mcasp.a674 : Mcasp_edma.obj (.text:_Mcasp_localIsValidPacket)
                  c02140c0    000001e0     ti.pspiom.platforms.codec.a674 : Aic31.obj (.text:_aic31DeinitAdc)
                  c02142a0    000001e0     ti.pspiom.uart.a674 : Uart.obj (.text:_uartCancelAllIo)
                  c0214480    000001e0                         : Uart.obj (.text:_uartHwSetup)
                  c0214660    000001c0     rts6740.lib : _printfi.obj (.text:__mcpy)
                  c0214820    000001c0     ti.pspiom.platforms.codec.a674 : Aic31.obj (.text:_aic31I2cWrite)
                  c02149e0    000001c0     ti.pspiom.i2c.a674 : I2c.obj (.text:_i2cMdDeleteChan)
                  c0214ba0    000001c0     ti.pspiom.mcasp.a674 : Mcasp_ioctl.obj (.text:_mcaspActivateClkRcvXmt)
                  c0214d60    000001c0                          : Mcasp.obj (.text:_mcaspRegisterInt)
                  c0214f20    000001c0                          : Mcasp.obj (.text:_mcaspWriteChanStatRam)
                  c02150e0    000001c0                          : Mcasp.obj (.text:_mcaspWriteUserDataRam)
                  c02152a0    000001c0     ti.pspiom.uart.a674 : Uart.obj (.text:_uartCancelCurrentIo)
                  c0215460    000001c0     uart.obj (.text)
                  c0215620    000001a0     ti.pspiom.mcasp.a674 : Mcasp.obj (.text:_Mcasp_localIsrSwiFxn)
                  c02157c0    000001a0     rts6740.lib : imath40.obj (.text:__divul)
                  c0215960    000001a0     ti.pspiom.mcasp.a674 : Mcasp.obj (.text:_mcaspBitSetGblRCtl)
                  c0215b00    000001a0                          : Mcasp.obj (.text:_mcaspBitSetGblXCtl)
                  c0215ca0    000001a0     ti.pspiom.uart.a674 : Uart.obj (.text:_uartMdUnBindDev)
                  c0215e40    00000180     rts6740.lib : trgdrv.obj (.text:_HOSTrename)
                  c0215fc0    00000180     ti.pspiom.i2c.a674 : I2c.obj (.text:_I2c_localEnsureIsReadyforNext)
                  c0216140    00000180     ti.pspiom.mcasp.a674 : Mcasp.obj (.text:_Mcasp_localEdmaProcessPkt)
                  c02162c0    00000180     ti.pspiom.psc.a674 : Psc.obj (.text:_Psc_ModuleClkCtrl)
                  c0216440    00000180     ti.pspiom.platforms.codec.a674 : Aic31.obj (.text:_aic31MuteConfig)
                  c02165c0    00000180                                    : Aic31.obj (.text:_aic31SelectInputSource)
                  c0216740    00000180     ti.pspiom.platforms.evm6747.audio.a674 : Audio.obj (.text:_audioMdControlChan)
                  c02168c0    00000180     ti.pspiom.mcasp.a674 : Mcasp.obj (.text:_mcaspBitRemoveGblRCtl)
                  c0216a40    00000180                          : Mcasp.obj (.text:_mcaspBitRemoveGblXCtl)
                  c0216bc0    00000180                          : Mcasp_ioctl.obj (.text:_mcaspReadXmtConfig)
                  c0216d40    00000180                          : Mcasp.obj (.text:_mcaspUnRegisterInt)
                  c0216ec0    00000180     rts6740.lib : setvbuf.obj (.text:_setvbuf)
                  c0217040    00000180     ti.pspiom.uart.a674 : Uart.obj (.text:_uartIsr)
                  c02171c0    00000160     ti.pspiom.i2c.a674 : I2c.obj (.text:_I2c_localGetNextChannel)
                  c0217320    00000160     ti.pspiom.mcasp.a674 : Mcasp_ioctl.obj (.text:_mcaspActivateXmtClkSer)
                  c0217480    00000160                          : Mcasp_ioctl.obj (.text:_mcaspReadRcvConfig)
                  c02175e0    00000160                          : Mcasp.obj (.text:_mcaspValidateBufferConfig)
                  c0217740    00000160     ti.pspiom.uart.a674 : Uart.obj (.text:_uartSubmitIoReqIntDma)
                  c02178a0    00000160                         : Uart.obj (.text:_uartValidateParams)
                  c0217a00    00000140     rts6740.lib : _printfi.obj (.text:__pproc_fflags)
                  c0217b40    00000140     ti.pspiom.platforms.codec.a674 : Aic31.obj (.text:_aic31MdDeleteChan)
                  c0217c80    00000140                                    : Aic31.obj (.text:_aic31RegWriteBf)
                  c0217dc0    00000140     ti.pspiom.platforms.evm6747.audio.a674 : Audio.obj (.text:_audioMdDeleteChan)
                  c0217f00    00000140     rts6740.lib : fputc.obj (.text:_fputc)
                  c0218040    00000140                 : lowlev.obj (.text:_getdevice)
                  c0218180    00000140     ti.pspiom.i2c.a674 : I2c.obj (.text:_i2cCalculateClockSettings)
                  c02182c0    00000140     ti.pspiom.mcasp.a674 : Mcasp_ioctl.obj (.text:_mcaspActivateRcvClkSer)
                  c0218400    00000140                          : Mcasp.obj (.text:_mcaspConfigureFifo)
                  c0218540    00000140                          : Mcasp.obj (.text:_mcaspInit)
                  c0218680    00000140     ti.pspiom.uart.a674 : Uart.obj (.text:_uartConfigure)
                  c02187c0    00000140                         : Uart.obj (.text:_uartFifoWrite)
                  c0218900    00000120     ti.pspiom.i2c.a674 : I2c_edma.obj (.text:_I2c_localEdmaChanRequest)
                  c0218a20    00000120     ti.pspiom.mcasp.a674 : Mcasp.obj (.text:_Mcasp_localCancelAndAbortAllIo)
                  c0218b40    00000120                          : Mcasp.obj (.text:_Mcasp_localResetXmt)
                  c0218c60    00000120     rts6740.lib : fclose.obj (.text:_fclose)
                  c0218d80    00000120     ti.pspiom.mcasp.a674 : Mcasp.obj (.text:_mcaspMdUnBindDev)
                  c0218ea0    00000120     ti.pspiom.uart.a674 : Uart.obj (.text:_uartMdDeleteChan)
                  c0218fc0    00000120                         : Uart.obj (.text:_uartMdSubmitChan)
                  c02190e0    00000120                         : Uart.obj (.text:_uartSubmitIoReq)
                  c0219200    00000100     rts6740.lib : trgdrv.obj (.text:_HOSTlseek)
                  c0219300    00000100     ti.pspiom.i2c.a674 : I2c.obj (.text:_I2c_init)
                  c0219400    00000100                        : I2c_edma.obj (.text:_I2c_rxCallback)
                  c0219500    00000100                        : I2c_edma.obj (.text:_I2c_txCallback)
                  c0219600    00000100     ti.pspiom.mcasp.a674 : Mcasp.obj (.text:_Mcasp_localResetRcv)
                  c0219700    00000100     rts6740.lib : _printfi.obj (.text:__ltostr)
                  c0219800    00000100                 : _io_perm.obj (.text:__wrt_ok)
                  c0219900    00000100                 : sinit.obj (.text:_call_dtors)
                  c0219a00    00000100                 : fflush.obj (.text:_fflush)
                  c0219b00    00000100     ti.pspiom.i2c.a674 : I2c.obj (.text:_i2cRegisterIntrHandler)
                  c0219c00    00000100     ti.pspiom.mcasp.a674 : Mcasp.obj (.text:_mcaspBitSetGblCtl)
                  c0219d00    00000100                          : Mcasp.obj (.text:_mcaspConfigureXmtChannel)
                  c0219e00    00000100                          : Mcasp_ioctl.obj (.text:_mcaspDeviceInfoGet)
                  c0219f00    00000100                          : Mcasp.obj (.text:_mcaspMultiSerGlobalRestore)
                  c021a000    00000100                          : Mcasp.obj (.text:_mcaspMultiSerInitializationRcv)
                  c021a100    00000100                          : Mcasp.obj (.text:_mcaspMultiSerInitializationXmt)
                  c021a200    00000100     audioSample_main.obj (.text)
                  c021a300    000000e0     rts6740.lib : trgdrv.obj (.text:_HOSTopen)
                  c021a3e0    000000e0     ti.pspiom.mcasp.a674 : Mcasp_ioctl.obj (.text:_Mcasp_localAbortRequests)
                  c021a4c0    000000e0                          : Mcasp.obj (.text:_Mcasp_localCompleteCurrentIo)
                  c021a5a0    000000e0                          : Mcasp.obj (.text:_Mcasp_localSmReset)
                  c021a680    000000e0                          : Mcasp.obj (.text:_Mcasp_localSmSet)
                  c021a760    000000e0     rts6740.lib : divi.obj (.text:__divi)
                  c021a840    000000e0                 : atoi.obj (.text:_atoi)
                  c021a920    000000e0     ti.pspiom.platforms.evm6747.audio.a674 : Audio.obj (.text:_audioMdSubmitChan)
                  c021aa00    000000e0     rts6740.lib : lowlev.obj (.text:_close)
                  c021aae0    000000e0     ti.pspiom.i2c.a674 : I2c.obj (.text:_i2cMdUnBindDev)
                  c021abc0    000000e0     ti.pspiom.mcasp.a674 : Mcasp.obj (.text:_mcaspIsRequestedSerzsFree)
                  c021aca0    000000e0                          : Mcasp.obj (.text:_mcaspMdSubmitChan)
                  c021ad80    000000e0     rts6740.lib : memset.obj (.text:_memset)
                  c021ae60    000000e0     ti.pspiom.uart.a674 : Uart.obj (.text:_uartFifoRead)
                  c021af40    000000e0                         : Uart.obj (.text:_uartRegisterInterrupt)
                  c021b020    000000c0     rts6740.lib : trgdrv.obj (.text:_HOSTread)
                  c021b0e0    000000c0                 : trgdrv.obj (.text:_HOSTunlink)
                  c021b1a0    000000c0                 : trgdrv.obj (.text:_HOSTwrite)
                  c021b260    000000c0                 : fopen.obj (.text:__cleanup)
                  c021b320    000000c0                 : _printfi.obj (.text:__div)
                  c021b3e0    000000c0                 : divu.obj (.text:__divu)
                  c021b4a0    000000c0                 : fflush.obj (.text:__doflush)
                  c021b560    000000c0                 : atexit.obj (.text:_atexit)
                  c021b620    000000c0                 : fseek.obj (.text:_fseek)
                  c021b6e0    000000c0     ti.pspiom.i2c.a674 : I2c.obj (.text:_i2cWaitForBB)
                  c021b7a0    000000c0     rts6740.lib : lowlev.obj (.text:_lseek)
                  c021b860    000000c0                 : ltoa.obj (.text:_ltoa)
                  c021b920    000000c0     ti.pspiom.mcasp.a674 : Mcasp.obj (.text:_mcaspConfigureRcvChannel)
                  c021b9e0    000000c0                          : Mcasp_ioctl.obj (.text:_mcaspGetSmFsXmt)
                  c021baa0    000000c0                          : Mcasp.obj (.text:_mcaspSetDitMode)
                  c021bb60    000000c0                          : Mcasp.obj (.text:_mcaspSetSerRcv)
                  c021bc20    000000c0                          : Mcasp.obj (.text:_mcaspSetSerXmt)
                  c021bce0    000000c0     ti.pspiom.uart.a674 : Uart.obj (.text:_uartEnableHwFlowControl)
                  c021bda0    000000c0                         : Uart.obj (.text:_uartReadByte)
                  c021be60    000000c0                         : Uart.obj (.text:_uartStatusIsDataReady)
                  c021bf20    000000c0     rts6740.lib : lowlev.obj (.text:_write)
                  c021bfe0    000000c0     bios.a674 : tsk_stup.o674 (.text)
                  c021c0a0    000000a0     ti.pspiom.platforms.codec.a674 : Aic31.obj (.text:_Aic31_init)
                  c021c140    000000a0     rts6740.lib : trgdrv.obj (.text:_HOSTclose)
                  c021c1e0    000000a0     ti.pspiom.mcasp.a674 : Mcasp.obj (.text:_Mcasp_localActivateSmFsForBoth)
                  c021c280    000000a0     ti.pspiom.uart.a674 : Uart.obj (.text:_Uart_localCompleteCurrentIO)
                  c021c320    000000a0     rts6740.lib : imath40.obj (.text:__divli)
                  c021c3c0    000000a0                 : _printfi.obj (.text:__ecpy)
                  c021c460    000000a0                 : _printfi.obj (.text:__fcpy)
                  c021c500    000000a0                 : fixdli.obj (.text:__fixdli)
                  c021c5a0    000000a0                 : _printfi.obj (.text:__pconv_f)
                  c021c640    000000a0                 : remu.obj (.text:__remu)
                  c021c6e0    000000a0     ti.pspiom.platforms.codec.a674 : Aic31.obj (.text:_aic31CtrlBusRead)
                  c021c780    000000a0                                    : Aic31.obj (.text:_aic31CtrlBusWrite)
                  c021c820    000000a0                                    : Aic31.obj (.text:_aic31MdUnBindDev)
                  c021c8c0    000000a0                                    : Aic31.obj (.text:_aic31RegRead)
                  c021c960    000000a0                                    : Aic31.obj (.text:_aic31RegWrite)
                  c021ca00    000000a0     ti.pspiom.platforms.evm6747.audio.a674 : Audio.obj (.text:_audioMdUnBindDev)
                  c021caa0    000000a0     rts6740.lib : lowlev.obj (.text:_finddevice)
                  c021cb40    000000a0     ti.pspiom.mcasp.a674 : Mcasp_ioctl.obj (.text:_mcaspGetSerMode)
                  c021cbe0    000000a0                          : Mcasp_ioctl.obj (.text:_mcaspGetSerRcvReady)
                  c021cc80    000000a0                          : Mcasp_ioctl.obj (.text:_mcaspGetSerXmtReady)
                  c021cd20    000000a0                          : Mcasp_ioctl.obj (.text:_mcaspGetSmFsRcv)
                  c021cdc0    000000a0     rts6740.lib : memcpy64.obj (.text:_memcpy)
                  c021ce60    000000a0     ti.pspiom.uart.a674 : Uart.obj (.text:_uartSetBaudRate)
                  c021cf00    00000080     ti.pspiom.mcasp.a674 : Mcasp.obj (.text:_Mcasp_localActivateSmFsForRcv)
                  c021cf80    00000080                          : Mcasp.obj (.text:_Mcasp_localActivateSmFsForXmt)
                  c021d000    00000080     ti.pspiom.uart.a674 : Uart.obj (.text:_Uart_init)
                  c021d080    00000080                         : Uart_edma.obj (.text:_Uart_localStartEdmaTransfer)
                  c021d100    00000080     rts6740.lib : fixdu.obj (.text:__fixdu)
                  c021d180    00000080                 : fltlid.obj (.text:__fltlid)
                  c021d200    00000080                 : llshift.obj (.text:__llshl)
                  c021d280    00000080                 : roundf.obj (.text:__roundf)
                  c021d300    00000080     ti.pspiom.platforms.evm6747.evmInit.a674 : audio_evmInit.obj (.text:_audioUserI2cInit)
                  c021d380    00000080                                              : audio_evmInit.obj (.text:_configureAudio)
                  c021d400    00000080     rts6740.lib : fprintf.obj (.text:_fprintf)
                  c021d480    00000080     ti.pspiom.i2c.a674 : I2c.obj (.text:_i2cCheckTimeOut)
                  c021d500    00000080     ti.pspiom.mcasp.a674 : Mcasp.obj (.text:_mcaspDeactivateSmFsForRcv)
                  c021d580    00000080                          : Mcasp.obj (.text:_mcaspDeactivateSmFsForXmt)
                  c021d600    00000080                          : Mcasp.obj (.text:_mcaspMdControlChan)
                  c021d680    00000080     rts6740.lib : trgmsg.obj (.text:_readmsg)
                  c021d700    00000080     ti.pspiom.uart.a674 : Uart.obj (.text:_uartIntrDisable)
                  c021d780    00000080                         : Uart.obj (.text:_uartIntrEnable)
                  c021d800    00000080                         : Uart.obj (.text:_uartOsCheckTimeOut)
                  c021d880    00000080                         : Uart.obj (.text:_uartXfer)
                  c021d900    00000080     rts6740.lib : lowlev.obj (.text:_unlink)
                  c021d980    00000060     ti.pspiom.platforms.evm6747.audio.a674 : Audio.obj (.text:_Audio_init)
                  c021d9e0    00000060     ti.pspiom.mcasp.a674 : Mcasp.obj (.text:_Mcasp_localGetNextIndex)
                  c021da40    00000060     rts6740.lib : assert.obj (.text:__abort_msg)
                  c021daa0    00000060                 : imath64.obj (.text:__subcull)
                  c021db00    00000060     ti.pspiom.platforms.codec.a674 : Aic31.obj (.text:_aic31CallBack)
                  c021db60    00000060     ti.pspiom.platforms.evm6747.evmInit.a674 : uart_evmInit.obj (.text:_configureUart)
                  c021dbc0    00000060     rts6740.lib : memccpy.obj (.text:_memccpy)
                  c021dc20    00000060                 : modff.obj (.text:_modff)
                  c021dc80    00000060     ti.pspiom.uart.a674 : Uart.obj (.text:_uartGetIntrStatus)
                  c021dce0    00000060                         : Uart.obj (.text:_uartGetLineStatus)
                  c021dd40    00000060                         : Uart.obj (.text:_uartRxSwiHandler)
                  c021dda0    00000060                         : Uart.obj (.text:_uartTxSwiHandler)
                  c021de00    00000060                         : Uart.obj (.text:_uartWriteByte)
                  c021de60    00000060     rts6740.lib : trgmsg.obj (.text:_writemsg)
                  c021dec0    00000040                 : sinit.obj (.text:___add_dtor)
                  c021df00    00000040                 : isinf.obj (.text:___isinf)
                  c021df40    00000040                 : _printfi.obj (.text:___isnan)
                  c021df80    00000040                 : frcmpyd_div.obj (.text:__frcmpyd_div)
                  c021dfc0    00000040                 : llshift.obj (.text:__llshru)
                  c021e000    00000040                 : imath40.obj (.text:__remli)
                  c021e040    00000040                 : strasg.obj (.text:__strasgi_64plus)
                  c021e080    00000040     ti.pspiom.uart.a674 : Uart.obj (.text:_uartUnRegisterInterrupt)
                  c021e0c0    00000040     drivers.a674 : dio.o674 (.text)
                  c021e100    00000020     rts6740.lib : negll.obj (.text:__negll)
                  c021e120    00000020                 : _lock.obj (.text:__nop)
                  c021e140    00000020                 : fprintf.obj (.text:__outc)
                  c021e160    00000020                 : fprintf.obj (.text:__outs)
                  c021e180    00000020                 : _lock.obj (.text:__register_lock)
                  c021e1a0    00000020                 : _lock.obj (.text:__register_unlock)
                  c021e1c0    00000020                 : truncf.obj (.text:__truncf)
                  c021e1e0    00000020                 : exit.obj (.text:_abort)
                  c021e200    00000020     ti.pspiom.platforms.codec.a674 : Aic31.obj (.text:_aic31MdSubmitChan)
                  c021e220    00000020     ti.pspiom.i2c.a674 : I2c.obj (.text:_i2cUnregisterIntrHandler)
                  c021e240    00000020     ti.pspiom.mcasp.a674 : Mcasp.obj (.text:_mcaspIsr)
                  c021e260    00000020     rts6740.lib : remove.obj (.text:_remove)
                  c021e280    00000020     bios.a674 : que_get.o674 ($Tramp$S$$_QUE_get)
                  c021e2a0    00000020               : que_get.o674 ($Tramp$S$$_QUE_put)
                  c021e2c0    00000010               : tsk_setp.o674 ($Tramp$S$$_TSK_setpri)
                  c021e2d0    00000010     sioboth.a674 : sio_recl.o674 ($Tramp$S$$_SIO_reclaim)
                  c021e2e0    00000010                  : sio_issu.o674 ($Tramp$S$$_SIO_issue)
                  c021e2f0    00000010                  : sio_crea.o674 ($Tramp$S$$_SIO_create)
                  c021e300    00000020     bios6747.a674 : bcache_block.o674 ($Tramp$S$$_BCACHE_wb)
                  c021e320    00000020     bios.a674 : ecm_enableEvent.o674 ($Tramp$S$$_ECM_enableEvent)
                  c021e340    00000020               : swi_crea.o674 ($Tramp$S$$_SWI_create)
                  c021e360    00000020               : dev_matc.o674 ($Tramp$S$$_DEV_match)
                  c021e380    00000020               : sem_pend_counting.o674 ($Tramp$S$$_SEM_pend)
                  c021e3a0    00000020     bios6747.a674 : bcache_block.o674 ($Tramp$S$$_BCACHE_inv)
                  c021e3c0    00000020                   : clk_gethtime.o674 ($Tramp$S$$_CLK_gethtime)
                  c021e3e0    00000020     bios.a674 : sem_post_asm.o674 ($Tramp$S$$_SEM_post)
                  c021e400    00000020               : tsk_disa.o674 ($Tramp$S$$_TSK_disable)
                  c021e420    00000020               : hwi_c.o674 ($Tramp$S$$_HWI_disable)
                  c021e440    00000020               : ecm_disableEvent.o674 ($Tramp$S$$_ECM_disableEvent)
                  c021e460    00000020               : hwi_c.o674 ($Tramp$S$$_HWI_restore)
                  c021e480    00000020               : tsk_disa.o674 ($Tramp$S$$_TSK_enable)
                  c021e4a0    00000020               : sem_crea.o674 ($Tramp$S$$_SEM_create)
                  c021e4c0    00000020               : sem_dele.o674 ($Tramp$S$$_SEM_delete)
                  c021e4e0    00000020               : ecm_dispatchPlug.o674 ($Tramp$S$$_ECM_dispatchPlug)
                  c021e500    00000020               : c62_c.o674 ($Tramp$S$$_C64_enableIER)
                  c021e520    00000020     bios6747.a674 : bcache_block.o674 ($Tramp$S$$_BCACHE_wbInv)
                  c021e540    00000020     bios.a674 : mem_free.o674 ($Tramp$S$$_MEM_free)
                  c021e560    00000020               : mem_vall.o674 ($Tramp$S$$_MEM_valloc)
                  c021e580    00000010               : gio_crea.o674 ($Tramp$S$$_GIO_create)
                  c021e590    00000010               : log_printf.o674 ($Tramp$S$$_LOG_printf)
                  c021e5a0    00000010               : gio_sbmt.o674 ($Tramp$S$$_GIO_submit)
                  c021e5b0    00000010               : malloc.o674 ($Tramp$S$$_free)
                  c021e5c0    00000020               : swi_dele.o674 ($Tramp$S$$_SWI_delete)
                  c021e5e0    00000010               : malloc.o674 ($Tramp$S$$_malloc)
                  c021e5f0    00000010     --HOLE-- [fill = 0]
                  c021e600    00000020               : swi.o674 ($Tramp$S$$_SWI_post)
                  c021e620    00000020               : sys_prin.o674 ($Tramp$S$$_SYS_printf)
                  c021e640    00000020               : lck.o674 ($Tramp$S$$_LCK_post)
                  c021e660    00000020               : lck.o674 ($Tramp$S$$_LCK_pend)
                  c021e680    00000020               : sys_abor.o674 ($Tramp$S$$_SYS_abort)

.bios      0    c021e6a0    00006340     
                  c021e6a0    00000780     bios.a674 : sys_prin.o674 (.bios)
                  c021ee20    000005c0     lnkrtdx.a674 : rtdx.o674 (.bios)
                  c021f3e0    00000580     bios.a674 : exc.o674 (.bios)
                  c021f960    000004e0               : hwi_disp_asm.o674 (.bios)
                  c021fe40    000004c0               : swi.o674 (.bios)
                  c0220300    00000380               : prd.o674 (.bios)
                  c0220680    00000320     sioboth.a674 : sio_crea.o674 (.bios)
                  c02209a0    000002c0     bios.a674 : gio_crea.o674 (.bios)
                  c0220c60    00000280               : malloc.o674 (.bios)
                  c0220ee0    00000280               : rta.o674 (.bios)
                  c0221160    00000240               : knl_run.o674 (.bios)
                  c02213a0    00000200               : mem_allo.o674 (.bios:.near)
                  c02215a0    00000200               : knl_tick.o674 (.bios)
                  c02217a0    000001e0               : mem_free.o674 (.bios:.near)
                  c0221980    000001e0               : exc_asm.o674 (.bios)
                  c0221b60    000001e0               : pip.o674 (.bios)
                  c0221d40    000001e0               : sem_pend.o674 (.bios)
                  c0221f20    000001e0     sioboth.a674 : sio_dele.o674 (.bios)
                  c0222100    000001c0     bios.a674 : gio_sbmt.o674 (.bios)
                  c02222c0    000001c0               : tsk_setp.o674 (.bios)
                  c0222480    000001a0               : sem_dopo.o674 (.bios)
                  c0222620    000001a0               : tsk_setu.o674 (.bios)
                  c02227c0    000001a0     bios6747.a674 : clk.o674 (.bios)
                  c0222960    00000180     bios.a674 : knl_swit.o674 (.bios)
                  c0222ae0    00000180     bios6747.a674 : bcache_block.o674 (.bios)
                  c0222c60    00000140     bios.a674 : autoinit.o674 (.bios)
                  c0222da0    00000140               : tsk_exit.o674 (.bios)
                  c0222ee0    00000140     bios6747.a674 : bcache_init.o674 (.bios)
                  c0223020    00000120     bios.a674 : gbl_cacheinit64P.o674 (.bios)
                  c0223140    00000120               : knl_chec.o674 (.bios)
                  c0223260    00000120               : tsk_stup.o674 (.bios)
                  c0223380    00000100               : ecm_dispatch.o674 (.bios)
                  c0223480    00000100               : gio_dele.o674 (.bios)
                  c0223580    000000e0               : sem_post_asm.o674 (.bios)
                  c0223660    000000c0               : dev_matc.o674 (.bios)
                  c0223720    000000c0               : knl_exit.o674 (.bios)
                  c02237e0    000000c0     sioboth.a674 : sio_recl.o674 (.bios)
                  c02238a0    000000a0     bios.a674 : dev_mkfr.o674 (.bios)
                  c0223940    000000a0               : obj_crea.o674 (.bios)
                  c02239e0    000000a0               : sem_post.o674 (.bios)
                  c0223a80    000000a0               : swi_seta.o674 (.bios)
                  c0223b20    000000a0               : sys_exit.o674 (.bios)
                  c0223bc0    000000a0     log8.a674 : log_ts.o674 (.bios)
                  c0223c60    00000080     bios.a674 : atm.o674 (.bios)
                  c0223ce0    00000080               : gio_cbck.o674 (.bios)
                  c0223d60    00000080               : knl_ipos.o674 (.bios)
                  c0223de0    00000080               : knl_post.o674 (.bios)
                  c0223e60    00000080               : lck.o674 (.bios)
                  c0223ee0    00000080               : sem_crea.o674 (.bios)
                  c0223f60    00000080               : swi_crea.o674 (.bios)
                  c0223fe0    00000080               : tsk_disa.o674 (.bios)
                  c0224060    00000080     bios6747.a674 : bcache_wait.o674 (.bios)
                  c02240e0    00000080                   : idl_cal.o674 (.bios)
                  c0224160    00000080     sioboth.a674 : sio_issu.o674 (.bios)
                  c02241e0    00000060     bios.a674 : mem_vall.o674 (.bios:.near)
                  c0224240    00000060               : sys_erro.o674 (.bios:.near)
                  c02242a0    00000060               : dev_rmfr.o674 (.bios)
                  c0224300    00000060               : fxn.o674 (.bios)
                  c0224360    00000060               : hwi_c.o674 (.bios)
                  c02243c0    00000060               : idl_busy.o674 (.bios)
                  c0224420    00000060               : obj_dele.o674 (.bios)
                  c0224480    00000060               : sem_pend_counting.o674 (.bios)
                  c02244e0    00000060               : sts.o674 (.bios)
                  c0224540    00000060               : sys_abor.o674 (.bios)
                  c02245a0    00000060     bios6747.a674 : clk_meas.o674 (.bios)
                  c0224600    00000040     bios.a674 : c62_c.o674 (.bios)
                  c0224640    00000040               : ecm_disableEvent.o674 (.bios)
                  c0224680    00000040               : ecm_dispatchPlug.o674 (.bios)
                  c02246c0    00000040               : ecm_enableEvent.o674 (.bios)
                  c0224700    00000040               : idl_stub.o674 (.bios)
                  c0224740    00000040               : que_crea.o674 (.bios)
                  c0224780    00000040               : que_get.o674 (.bios)
                  c02247c0    00000040               : rta_andn.o674 (.bios)
                  c0224800    00000040               : utl_doab.o674 (.bios)
                  c0224840    00000040               : utl_putc.o674 (.bios)
                  c0224880    00000020               : fxn_c.o674 (.bios)
                  c02248a0    00000020               : gbl_vers.o674 (.bios)
                  c02248c0    00000020               : idl.o674 (.bios)
                  c02248e0    00000020               : log_printf.o674 (.bios)
                  c0224900    00000020               : sem_dele.o674 (.bios)
                  c0224920    00000020               : sts_set.o674 (.bios)
                  c0224940    00000020               : swi_dele.o674 (.bios)
                  c0224960    00000020               : sys_one.o674 (.bios)
                  c0224980    00000020               : utl_doer.o674 (.bios)
                  c02249a0    00000020               : utl_halt.o674 (.bios)
                  c02249c0    00000020     bios6747.a674 : clk_gethtime.o674 (.bios)

.UechoTask$stk 
*          0    c02249e0    00004000     UNINITIALIZED
                  c02249e0    00004000     audioSamplecfg.obj (.UechoTask$stk)

.echoTask$stk 
*          0    c02289e0    00002000     UNINITIALIZED
                  c02289e0    00002000     audioSamplecfg.obj (.echoTask$stk)

.rtdx_text 
*          0    c022a9e0    00000fc0     
                  c022a9e0    000002a0     rtdx64xplus.lib : rtdx_mon.o64P (.rtdx_text:_HSRTDX_rec)
                  c022ac80    00000260                     : buffer1.o64P (.rtdx_text:_RTDX_Buffer_WriteCB)
                  c022aee0    00000260                     : buffer1.o64P (.rtdx_text:_RTDX_write_next)
                  c022b140    000001a0                     : rtdx_mon.o64P (.rtdx_text:_HSRTDX_xmt)
                  c022b2e0    00000160                     : rtdx_mon.o64P (.rtdx_text:_RTDX_Send_To_Host)
                  c022b440    000000e0                     : rtdx_mon.o64P (.rtdx_text:_RTDX_Mon_Queue)
                  c022b520    000000e0                     : buffer1.o64P (.rtdx_text:_claim)
                  c022b600    000000a0                     : rtdx_mon.o64P (.rtdx_text:_RTDX_GetH2THeader)
                  c022b6a0    000000a0                     : rtdx_mon.o64P (.rtdx_text:_RTDX_Poll)
                  c022b740    00000080                     : rtdx_mon.o64P (.rtdx_text:_RTDX_Final_RT_Monitor)
                  c022b7c0    00000060                     : buffer1.o64P (.rtdx_text:_RTDX_Buffer_Initialize)
                  c022b820    00000060                     : rtdx_mon.o64P (.rtdx_text:_RTDX_Init_RT_Monitor)
                  c022b880    00000040                     : buffer2.o64P (.rtdx_text:_RTDX_Buffer_ReadCB)
                  c022b8c0    00000040                     : buffer1.o64P (.rtdx_text:_RTDX_Buffer_Size)
                  c022b900    00000040                     : memfill.o64P (.rtdx_text:_RTDX_memfill)
                  c022b940    00000020                     : buffer2.o64P (.rtdx_text:_RTDX_Buffer_Read)
                  c022b960    00000020                     : buffer1.o64P (.rtdx_text:_RTDX_Buffer_Write)
                  c022b980    00000020                     : intr_tgt.o64P (.rtdx_text)

.sysinit   0    c022b9a0    000006c0     
                  c022b9a0    000003c0     audioSamplecfg.obj (.sysinit)
                  c022bd60    00000100     bios.a674 : dev_init.o674 (.sysinit)
                  c022be60    000000c0               : boot.o674 (.sysinit)
                  c022bf20    000000c0               : mem_init.o674 (.sysinit)
                  c022bfe0    00000060               : tsk_init.o674 (.sysinit)
                  c022c040    00000020     drivers.a674 : dio.o674 (.sysinit)

.hwi_vec   0    c022c400    00000200     
                  c022c400    00000200     audioSamplecfg.obj (.hwi_vec)


FAR CALL TRAMPOLINES

callee name               trampoline name
   callee addr  tramp addr   call addr  call info
--------------  -----------  ---------  ----------------
$.bios:bios.a674<que_get.o674>$0x0  $Tramp$S$$_QUE_get
   c0224780     c021e280     c0200f70   ti.pspiom.mcasp.a674 : Mcasp_ioctl.obj (.text:_Mcasp_localSubmitIoctl)
                             c0201284                        : Mcasp_ioctl.obj (.text:_Mcasp_localSubmitIoctl)
                             c0205444                        : Mcasp_edma.obj (.text:_Mcasp_localEdmaCallback)
                             c02054ec                        : Mcasp_edma.obj (.text:_Mcasp_localEdmaCallback)
                             c020558c                        : Mcasp_edma.obj (.text:_Mcasp_localEdmaCallback)
                             c020560c                        : Mcasp_edma.obj (.text:_Mcasp_localEdmaCallback)
                             c0205688                        : Mcasp_edma.obj (.text:_Mcasp_localEdmaCallback)
                             c0207eac                        : Mcasp.obj (.text:_Mcasp_localAbortReset)
                             c0207fe0                        : Mcasp.obj (.text:_Mcasp_localAbortReset)
                             c020cda0   ti.pspiom.i2c.a674 : I2c.obj (.text:_i2cCompleteIOInIsr)
                             c020ceac                      : I2c.obj (.text:_i2cCompleteIOInIsr)
                             c020ed84                      : I2c_edma.obj (.text:_I2c_completeIOedmaCallback)
                             c020ee74                      : I2c_edma.obj (.text:_I2c_completeIOedmaCallback)
                             c020fa44   ti.pspiom.uart.a674 : Uart_edma.obj (.text:_Uart_localIsrEdma)
                             c0211074   drivers.a674 : dio_tsk.o674 (.text)
                             c0212704   ti.pspiom.uart.a674 : Uart.obj (.text:_uartIntrHandler)
                             c0214000   ti.pspiom.mcasp.a674 : Mcasp_edma.obj (.text:_Mcasp_localIsValidPacket)
                             c02143e8   ti.pspiom.uart.a674 : Uart.obj (.text:_uartCancelAllIo)
                             c02153a0                       : Uart.obj (.text:_uartCancelCurrentIo)
$.bios:bios.a674<que_get.o674>$0x28  $Tramp$S$$_QUE_put
   c02247a8     c021e2a0     c0200f94   ti.pspiom.mcasp.a674 : Mcasp_ioctl.obj (.text:_Mcasp_localSubmitIoctl)
                             c02012a0                        : Mcasp_ioctl.obj (.text:_Mcasp_localSubmitIoctl)
                             c0205518                        : Mcasp_edma.obj (.text:_Mcasp_localEdmaCallback)
                             c0205534                        : Mcasp_edma.obj (.text:_Mcasp_localEdmaCallback)
                             c02055a0                        : Mcasp_edma.obj (.text:_Mcasp_localEdmaCallback)
                             c02055b8                        : Mcasp_edma.obj (.text:_Mcasp_localEdmaCallback)
                             c0205620                        : Mcasp_edma.obj (.text:_Mcasp_localEdmaCallback)
                             c0205638                        : Mcasp_edma.obj (.text:_Mcasp_localEdmaCallback)
                             c0205698                        : Mcasp_edma.obj (.text:_Mcasp_localEdmaCallback)
                             c02056b4                        : Mcasp_edma.obj (.text:_Mcasp_localEdmaCallback)
                             c020b064                        : Mcasp.obj (.text:_mcaspSubmitReq)
                             c020b098                        : Mcasp.obj (.text:_mcaspSubmitReq)
                             c020e314   ti.pspiom.i2c.a674 : I2c.obj (.text:_i2cMdSubmitChan)
                             c02110dc   drivers.a674 : dio_tsk.o674 (.text)
                             c0211220                : dio_tsk.o674 (.text)
                             c0214078   ti.pspiom.mcasp.a674 : Mcasp_edma.obj (.text:_Mcasp_localIsValidPacket)
                             c02177c4   ti.pspiom.uart.a674 : Uart.obj (.text:_uartSubmitIoReqIntDma)
$.bios:bios.a674<tsk_setp.o674>$0x128  $Tramp$S$$_TSK_setpri
   c02223e8     c021e2c0     c0201834   audioSample_io.obj (.text)
$.bios:sioboth.a674<sio_recl.o674>$0x0  $Tramp$S$$_SIO_reclaim
   c02237e0     c021e2d0     c0201840   audioSample_io.obj (.text)
                             c0201850   audioSample_io.obj (.text)
$.bios:sioboth.a674<sio_issu.o674>$0x0  $Tramp$S$$_SIO_issue
   c0224160     c021e2e0     c0201d64   audioSample_io.obj (.text)
                             c0201d74   audioSample_io.obj (.text)
                             c0202688   audioSample_io.obj (.text)
                             c0202698   audioSample_io.obj (.text)
                             c02026b4   audioSample_io.obj (.text)
                             c02026d4   audioSample_io.obj (.text)
$.bios:sioboth.a674<sio_crea.o674>$0x0  $Tramp$S$$_SIO_create
   c0220680     c021e2f0     c0202634   audioSample_io.obj (.text)
                             c0202654   audioSample_io.obj (.text)
$.bios:bios6747.a674<bcache_block.o674>$0x144  $Tramp$S$$_BCACHE_wb
   c0222c24     c021e300     c02029c8   ti.pspiom.mcasp.a674 : Mcasp.obj (.text:_mcaspMdCreateChan)
                             c02029f8                        : Mcasp.obj (.text:_mcaspMdCreateChan)
                             c0202a28                        : Mcasp.obj (.text:_mcaspMdCreateChan)
                             c020b004                        : Mcasp.obj (.text:_mcaspSubmitReq)
                             c020db94   edma3_drv_bios_sample.lib : bios_edma3_drv_sample_cs.obj (.text)
                             c0212aa4   ti.pspiom.uart.a674 : Uart_edma.obj (.text:_uartStartEdmaTxTransfer)
$.bios:bios.a674<ecm_enableEvent.o674>$0x0  $Tramp$S$$_ECM_enableEvent
   c02246c0     c021e320     c02032e0   ti.pspiom.mcasp.a674 : Mcasp.obj (.text:_mcaspMdCreateChan)
                             c02032f8                        : Mcasp.obj (.text:_mcaspMdCreateChan)
                             c0203314                        : Mcasp.obj (.text:_mcaspMdCreateChan)
                             c0203328                        : Mcasp.obj (.text:_mcaspMdCreateChan)
                             c020dac0   edma3_drv_bios_sample.lib : bios_edma3_drv_sample_cs.obj (.text)
                             c020dacc                             : bios_edma3_drv_sample_cs.obj (.text)
                             c020dae8                             : bios_edma3_drv_sample_cs.obj (.text)
                             c020de70                             : bios_edma3_drv_sample_init.obj (.text)
                             c020dea0                             : bios_edma3_drv_sample_init.obj (.text)
                             c020df00                             : bios_edma3_drv_sample_init.obj (.text)
                             c0212780   ti.pspiom.uart.a674 : Uart.obj (.text:_uartIntrHandler)
                             c0214ef8   ti.pspiom.mcasp.a674 : Mcasp.obj (.text:_mcaspRegisterInt)
                             c0215ae0                        : Mcasp.obj (.text:_mcaspBitSetGblRCtl)
                             c0215c80                        : Mcasp.obj (.text:_mcaspBitSetGblXCtl)
                             c0219bd0   ti.pspiom.i2c.a674 : I2c.obj (.text:_i2cRegisterIntrHandler)
                             c021afec   ti.pspiom.uart.a674 : Uart.obj (.text:_uartRegisterInterrupt)
$.bios:bios.a674<swi_crea.o674>$0x0  $Tramp$S$$_SWI_create
   c0223f60     c021e340     c0204a34   ti.pspiom.mcasp.a674 : Mcasp.obj (.text:_mcaspMdBindDev)
                             c0205264   ti.pspiom.uart.a674 : Uart.obj (.text:_uartMdBindDev)
                             c0205290                       : Uart.obj (.text:_uartMdBindDev)
$.bios:bios.a674<dev_matc.o674>$0x0  $Tramp$S$$_DEV_match
   c0223660     c021e360     c0208ce0   ti.pspiom.platforms.codec.a674 : Aic31.obj (.text:_aic31MdCreateChan)
                             c020abd4   ti.pspiom.platforms.evm6747.audio.a674 : Audio.obj (.text:_audioMdCreateChan)
                             c020ad24                                          : Audio.obj (.text:_audioMdCreateChan)
                             c0213d80   drivers.a674 : dio_tskDynamic.o674 (.text)
$.bios:bios.a674<sem_pend_counting.o674>$0x0  $Tramp$S$$_SEM_pend
   c0224480     c021e380     c020a10c   ti.pspiom.mcasp.a674 : Mcasp.obj (.text:_Mcasp_localConfigXmtSection)
                             c020a978                        : Mcasp.obj (.text:_Mcasp_localConfigRcvSection)
                             c020d648   ti.pspiom.i2c.a674 : I2c.obj (.text:_i2cTransfer)
                             c020dc8c   edma3_drv_bios_sample.lib : bios_edma3_drv_sample_cs.obj (.text)
                             c021102c   drivers.a674 : dio_tsk.o674 (.text)
                             c0211168                : dio_tsk.o674 (.text)
                             c02135e4   ti.pspiom.platforms.codec.a674 : Aic31.obj (.text:_aic31I2cRead)
                             c0213640                                  : Aic31.obj (.text:_aic31I2cRead)
                             c0213830   ti.pspiom.uart.a674 : Uart.obj (.text:_uartSubmitIoReqPolled)
                             c0214958   ti.pspiom.platforms.codec.a674 : Aic31.obj (.text:_aic31I2cWrite)
                             c0215a74   ti.pspiom.mcasp.a674 : Mcasp.obj (.text:_mcaspBitSetGblRCtl)
                             c0215c14                        : Mcasp.obj (.text:_mcaspBitSetGblXCtl)
                             c02169d0                        : Mcasp.obj (.text:_mcaspBitRemoveGblRCtl)
                             c0216b50                        : Mcasp.obj (.text:_mcaspBitRemoveGblXCtl)
                             c0219170   ti.pspiom.uart.a674 : Uart.obj (.text:_uartSubmitIoReq)
                             c021b728   ti.pspiom.i2c.a674 : I2c.obj (.text:_i2cWaitForBB)
$.bios:bios6747.a674<bcache_block.o674>$0x154  $Tramp$S$$_BCACHE_inv
   c0222c34     c021e3a0     c020afe0   ti.pspiom.mcasp.a674 : Mcasp.obj (.text:_mcaspSubmitReq)
                             c020db54   edma3_drv_bios_sample.lib : bios_edma3_drv_sample_cs.obj (.text)
$.bios:bios6747.a674<clk_gethtime.o674>$0x0  $Tramp$S$$_CLK_gethtime
   c02249c0     c021e3c0     c020b7c8   ti.pspiom.i2c.a674 : I2c.obj (.text:_i2cPolledModeTransfer)
                             c02137b8   ti.pspiom.uart.a674 : Uart.obj (.text:_uartSubmitIoReqPolled)
                             c021d4a4   ti.pspiom.i2c.a674 : I2c.obj (.text:_i2cCheckTimeOut)
                             c021d824   ti.pspiom.uart.a674 : Uart.obj (.text:_uartOsCheckTimeOut)
$.bios:bios.a674<sem_post_asm.o674>$0x0  $Tramp$S$$_SEM_post
   c0223580     c021e3e0     c020d66c   ti.pspiom.i2c.a674 : I2c.obj (.text:_i2cTransfer)
                             c020dcf4   edma3_drv_bios_sample.lib : bios_edma3_drv_sample_cs.obj (.text)
                             c02110f4   drivers.a674 : dio_tsk.o674 (.text)
                             c02111c0                : dio_tsk.o674 (.text)
                             c0211224                : dio_tsk.o674 (.text)
                             c0211234                : dio_tsk.o674 (.text)
                             c0211250                : dio_tsk.o674 (.text)
                             c0219198   ti.pspiom.uart.a674 : Uart.obj (.text:_uartSubmitIoReq)
                             c021db30   ti.pspiom.platforms.codec.a674 : Aic31.obj (.text:_aic31CallBack)
$.bios:bios.a674<tsk_disa.o674>$0x24  $Tramp$S$$_TSK_disable
   c0224004     c021e400     c020da1c   edma3_drv_bios_sample.lib : bios_edma3_drv_sample_cs.obj (.text)
$.bios:bios.a674<hwi_c.o674>$0x0  $Tramp$S$$_HWI_disable
   c0224360     c021e420     c020da04   edma3_drv_bios_sample.lib : bios_edma3_drv_sample_cs.obj (.text)
                             c020de40                             : bios_edma3_drv_sample_init.obj (.text)
                             c020dff0                             : bios_edma3_drv_sample_init.obj (.text)
$.bios:bios.a674<ecm_disableEvent.o674>$0x0  $Tramp$S$$_ECM_disableEvent
   c0224640     c021e440     c020da24   edma3_drv_bios_sample.lib : bios_edma3_drv_sample_cs.obj (.text)
                             c020da30                             : bios_edma3_drv_sample_cs.obj (.text)
                             c020da50                             : bios_edma3_drv_sample_cs.obj (.text)
                             c020dff8                             : bios_edma3_drv_sample_init.obj (.text)
                             c020e004                             : bios_edma3_drv_sample_init.obj (.text)
                             c020e02c                             : bios_edma3_drv_sample_init.obj (.text)
                             c02125d4   ti.pspiom.uart.a674 : Uart.obj (.text:_uartIntrHandler)
                             c02159e4   ti.pspiom.mcasp.a674 : Mcasp.obj (.text:_mcaspBitSetGblRCtl)
                             c0215b84                        : Mcasp.obj (.text:_mcaspBitSetGblXCtl)
                             c0216e84                        : Mcasp.obj (.text:_mcaspUnRegisterInt)
                             c021e090   ti.pspiom.uart.a674 : Uart.obj (.text:_uartUnRegisterInterrupt)
                             c021e22c   ti.pspiom.i2c.a674 : I2c.obj (.text:_i2cUnregisterIntrHandler)
$.bios:bios.a674<hwi_c.o674>$0x2c  $Tramp$S$$_HWI_restore
   c022438c     c021e460     c020daac   edma3_drv_bios_sample.lib : bios_edma3_drv_sample_cs.obj (.text)
                             c020df54                             : bios_edma3_drv_sample_init.obj (.text)
                             c020e04c                             : bios_edma3_drv_sample_init.obj (.text)
$.bios:bios.a674<tsk_disa.o674>$0x0  $Tramp$S$$_TSK_enable
   c0223fe0     c021e480     c020dab4   edma3_drv_bios_sample.lib : bios_edma3_drv_sample_cs.obj (.text)
$.bios:bios.a674<sem_crea.o674>$0x0  $Tramp$S$$_SEM_create
   c0223ee0     c021e4a0     c020dbe0   edma3_drv_bios_sample.lib : bios_edma3_drv_sample_cs.obj (.text)
                             c0213db8   drivers.a674 : dio_tskDynamic.o674 (.text)
$.bios:bios.a674<sem_dele.o674>$0x0  $Tramp$S$$_SEM_delete
   c0224900     c021e4c0     c020dc34   edma3_drv_bios_sample.lib : bios_edma3_drv_sample_cs.obj (.text)
                             c0213d10   drivers.a674 : dio_tskDynamic.o674 (.text)
                             c0213d28                : dio_tskDynamic.o674 (.text)
$.bios:bios.a674<ecm_dispatchPlug.o674>$0x0  $Tramp$S$$_ECM_dispatchPlug
   c0224680     c021e4e0     c020de64   edma3_drv_bios_sample.lib : bios_edma3_drv_sample_init.obj (.text)
                             c020de90                             : bios_edma3_drv_sample_init.obj (.text)
                             c020dee4                             : bios_edma3_drv_sample_init.obj (.text)
                             c0214ee4   ti.pspiom.mcasp.a674 : Mcasp.obj (.text:_mcaspRegisterInt)
                             c0219bc8   ti.pspiom.i2c.a674 : I2c.obj (.text:_i2cRegisterIntrHandler)
                             c021afe4   ti.pspiom.uart.a674 : Uart.obj (.text:_uartRegisterInterrupt)
$.bios:bios.a674<c62_c.o674>$0x18  $Tramp$S$$_C64_enableIER
   c0224618     c021e500     c020df28   edma3_drv_bios_sample.lib : bios_edma3_drv_sample_init.obj (.text)
                             c020df38                             : bios_edma3_drv_sample_init.obj (.text)
                             c020df4c                             : bios_edma3_drv_sample_init.obj (.text)
                             c0219bec   ti.pspiom.i2c.a674 : I2c.obj (.text:_i2cRegisterIntrHandler)
                             c021b000   ti.pspiom.uart.a674 : Uart.obj (.text:_uartRegisterInterrupt)
$.bios:bios6747.a674<bcache_block.o674>$0x130  $Tramp$S$$_BCACHE_wbInv
   c0222c10     c021e520     c020f684   ti.pspiom.i2c.a674 : I2c_edma.obj (.text:_I2c_localEdmaTransfer)
[...]
1182f8e4   _SYS
1182f8e8   __HOOK_knlId
1182f8ec   __HOOK_NUMHOOKS
1182f8f0   SWI_D_runaddr
1182f8f0   _SWI_D_runaddr
1182f8f0   _SWI_data
1182f8f4   SWI_D_execaddr
1182f8f4   _SWI_D_execaddr
1182f8f8   SWI_D_curmask
1182f8f8   _SWI_D_curmask
1182f8fc   SWI_D_curset
1182f8fc   _SWI_D_curset
1182f900   SWI_D_lock
1182f900   _SWI_D_lock
1182f904   SWI_D_curmbox
1182f908   SWI_D_curfxn
1182f908   _SWI_D_curfxn
1182f90c   SWI_D_rdybeg
1182f90c   _SWI_D_rdybeg
1182f910   SWI_D_inswi
1182f910   _SWI_D_inswi
1182f914   SWI_D_rdytab
1182f994   _mastervolume
1182f998   _osc1volume
1182f99c   _osc2volume
1182f9a0   _osc3volume
1182f9a4   _audiovolume
1182f9a8   _mastervol
1182f9ac   _echovolume
1182f9b0   _distortionvolume
1182f9b4   _detuneratio
1182f9b8   _detunecoeffosc1
1182f9bc   _detunecoeffosc2
1182f9c0   _detunecoeffosc3
1182f9c4   _freqosc
1182f9c8   _delaysize
1182f9cc   _command
1182f9cd   _value1
1182f9d0   _newKeyIn
1182f9d4   _curKey
1182f9e8   _KNL_wFlag
1182f9ec   _KNL_wList
1182f9f0   _KNL_alarm
1182f9f4   _KNL_setpri
1182f9f8   _KNL_inactive
1182f9fc   _KNL_priority
1182fa00   _KNL_set
1182fa04   _KNL_curtask
1182fa08   _KNL_prevtask
1182fa0c   _KNL_curtime
1182fa10   _KNL_swiptr
1182fa14   _KNL_curqueue
1182fa18   _KNL_maxqueue
1182fa1c   _KNL_tswitchfxn
1182fa20   _KNL_tcreatefxn
1182fa24   _KNL_tdeletefxn
1182fa28   _KNL_treadyfxn
1182fa2c   _KNL_idlefxn
1182fa30   _EXC_sysTrapTable
1182fa38   _EXC_returnPtr
1182fa50   _numEdma3EvtQue
1182fa54   _numEdma3Tc
1182fa58   _ccXferCompInt
1182fa5c   _ccErrorInt
1182fa60   _hwIntXferComp
1182fa64   _hwIntCcErr
1182fa68   _hwIntTcErr
1182fa6c   HWI_D_spsave
1182fa6c   _HWI_D_spsave
1182fa6c   _HWI_data
1182fa78   _HWI_D_inhwi
1182fa7c   HWI_D_bss
1182fa80   HWI_D_ccmask
1182fa84   LNK_dspFrameRequestMask
1182fa84   _LNK_dspFrameRequestMask
1182fa88   LNK_dspFrameReadyMask
1182fa88   _LNK_dspFrameReadyMask
1182fa8c   LNK_readPend
1182fa8c   _LNK_readPend
1182fa90   LNK_readDone
1182fa90   _LNK_readDone
1182fa94   LNK_readFail
1182fa94   _LNK_readFail
1182fa98   LNK_writeFail
1182fa98   _LNK_writeFail
1182fa9c   _EDMA3_MAX_RM_INSTANCES
1182faa0   _resMgrInstance
1182faa4   _userInitConfig
1182faa8   _ptrRMIArray
1182faac   _ptrInitCfgArray
1182fab0   _EXC_exceptionHook
1182fab4   _EXC_internalHook
1182fab8   _EXC_externalHook
1182fabc   _EXC_nmiHook
1182fac8   _rtdxNullChanCnt
1182facc   _rtdxNullFuncCnt
1182fad0   _rtdxXmtNotDoneCnt
1182fad4   _rtdxRecNotDoneCnt
1182fad8   _rtdxXmtRestartCnt
1182fadc   _rtdxXmtErrorCnt
1182fae0   _TSK_nTasks
1182fae4   _TSK_pid
1182fae8   _TSK
1182faf0   _edma3NumPaRAMSets
1182faf8   _CLK_DFLTMICROSECS
1182fafc   _CLK_D_microseconds
1182fb00   _SYS_exitStackPtr
1182fb04   _SYS_exitStackTop
1182fb08   _hEdma
1182fb0c   _semHandle
1182fb10   _hUart_IN
1182fb14   _hUart_OUT
1182fb18   _CLK_htimePerLtime
1182fb1c   __DEV_D_NUMINITFXNS
1182fb20   _GIO
1182fb24   IDL_D_busyObj
1182fb28   _MEM
1182fb38   TSK_idle$stack
1182fb38   ___end__
1182fb38   end
1182fed0   TSK_idle$stkptr
1182ff38   PIP_A_TABBEG
1182ff38   RTA_fromHost$pipe
1182ff38   _PIP_A_TABBEG
1182ff3c   RTA_fromHost$pipe$rd
1182ff68   RTA_fromHost$pipe$aaa
1182ff6c   RTA_fromHost$pipe$wr
1182ff98   RTA_fromHost$pipe$bbb
1182ff9c   RTA_toHost$pipe
1182ffa0   RTA_toHost$pipe$rd
1182ffcc   RTA_toHost$pipe$aaa
1182ffd0   RTA_toHost$pipe$wr
1182fffc   RTA_toHost$pipe$bbb
11830000   DVTEvent_Log$buf
11830000   PIP_A_TABEND
11830000   _PIP_A_TABEND
11838000   ___cinit__
11838000   cinit
1183aaec   RTA_fromHost$buf
1183ab80   _RTDX_Buffer
1183af88   _RTDX_Buffer_Start
1183af8c   _RTDX_Buffer_End
1183af90   _rtdx_mon_state
1183afd4   _rtdx_buffer_state
1183afe0   _RTDX_writing
1183aff4   ___pinit__
1183aff4   pinit
1183b000   LOG_system$buf
1183c000   trace$buf
1183d230   _SYS_PUTCBEG
1183d42f   _SYS_PUTCEND
1183d430   __CIOBUF_
1183d55c   TSK_idle
1183d55c   _TSK_idle
1183d5bc   UechoTask
1183d5bc   _UechoTask
1183d61c   _echoTask
1183d61c   echoTask
1183d670   RTA_toHost$buf
1183d770   DIO_dioAudioOUT$obj
1183d77c   DIO_dioAudioOUT$device
1183d794   DIO_dioAudioIN$obj
1183d7a0   DIO_dioAudioIN$device
1183d7b8   UDEV_aic310$obj
1183d7c4   UDEV_aic310$device
1183d7dc   UDEV_audio0$obj
1183d7e8   UDEV_audio0$device
1183d800   UDEV_mcasp1$obj
1183d80c   UDEV_mcasp1$device
1183d824   UDEV_UART0$obj
1183d830   UDEV_UART0$device
1183d848   UDEV_i2c0$obj
1183d854   UDEV_i2c0$device
1183d8dc   KNL_swi$sts$stsobj
1183d8dc   STS_A_TABBEG
1183d8dc   _STS_A_TABBEG
1183d8e0   KNL_swi$sts
1183d8ec   TSK_idle$sts$stsobj
1183d8f0   TSK_idle$sts
1183d8fc   UechoTask$sts$stsobj
1183d900   UechoTask$sts
1183d90c   echoTask$sts$stsobj
1183d910   echoTask$sts
1183d91c   IDL_busyObj$stsobj
1183d920   IDL_busyObj
1183d920   _IDL_busyObj
1183d92c   LOG_A_TABBEG
1183d92c   LOG_system
1183d92c   STS_A_TABEND
1183d92c   _LOG_A_TABBEG
1183d92c   _LOG_system
1183d92c   _STS_A_TABEND
1183d944   _trace
1183d944   trace
1183d95c   DVTEvent_Log
1183d95c   _DVTEvent_Log
1183d974   HST_A_TABBEG
1183d974   LOG_A_TABEND
1183d974   _HST_A_TABBEG
1183d974   _LOG_A_TABEND
1183d978   RTA_fromHost
1183d978   _RTA_fromHost
1183d980   RTA_fromHost$rtdx
1183d994   RTA_toHost
1183d994   _RTA_toHost
1183d99c   RTA_toHost$rtdx
1183d9b0   HST_A_TABEND
1183d9b0   KNL_swi
1183d9b0   SWI_A_TABBEG
1183d9b0   _HST_A_TABEND
1183d9b0   _KNL_swi
1183d9dc   IDL_A_TABBEG
1183d9dc   IDL_cpuLoad
1183d9dc   SWI_A_TABEND
1183d9dc   _IDL_cpuLoad
1183d9e0   LNK_dataPump
1183d9e0   _LNK_dataPump
1183d9e4   RTA_dispatcher
1183d9e4   _RTA_dispatcher
1183d9e8   IDL_END
1183d9ec   IDL_A_CALBEG
1183d9ec   IDL_cpuLoad$
1183d9f0   LNK_dataPump$
1183d9f4   RTA_dispatcher$
1183d9f8   IDL_END$
1183d9fc   SYS$config
1183da0c   TRC_cinit
1183da10   TRC_R_mask
1183da10   _TRC_R_mask
1183da14   GBL_initdone
1183da18   CLK_A_TABBEG
1183da18   PRD_clock
1183da18   _PRD_clock
1183da1c   CLK_null
28040d0c   HWI_INTRMUX3
c0000000   _sdram_buffer
c01af000   _delay_buffer
c01c4888   SDRAM$B
c01c4888   _SDRAM_base
c01f48a0   .text
c01f48a0   _EDMA3_RM_create
c01f48a0   ___text__
c01f4d84   _EDMA3_RM_delete
c01f4ed0   _EDMA3_RM_open
c01f55cc   _EDMA3_RM_close
c01f5818   _EDMA3_RM_allocResource
c01f6484   _EDMA3_RM_freeResource
c01f6a00   _EDMA3_RM_allocLogicalChannel
c01f75a4   _EDMA3_RM_freeLogicalChannel
c01f7cb0   _EDMA3_RM_mapEdmaChannel
c01f7e80   _EDMA3_RM_mapQdmaChannel
c01f80a8   _EDMA3_RM_registerTccCb
c01f8294   _EDMA3_RM_unregisterTccCb
c01f8460   _EDMA3_RM_allocContiguousResource
c01f8e78   _EDMA3_RM_freeContiguousResource
c01f8fe4   _EDMA3_RM_setCCRegister
c01f90ac   _EDMA3_RM_getCCRegister
c01f9150   _EDMA3_RM_waitAndClearTcc
c01f92a4   _EDMA3_RM_checkAndClearTcc
c01f93f4   _EDMA3_RM_setPaRAM
c01f9610   _EDMA3_RM_getPaRAM
c01f982c   _EDMA3_RM_getPaRAMPhyAddr
c01f9a44   _EDMA3_RM_getBaseAddress
c01f9b0c   _EDMA3_RM_getGblConfigParams
c01f9b78   _EDMA3_RM_getInstanceInitCfg
c01f9ca8   _EDMA3_RM_Ioctl
c01fa0f8   _lisrEdma3ComplHandler0
c01fa848   _lisrEdma3CCErrHandler0
c01facc0   _lisrEdma3TC0ErrHandler0
c01facf4   _lisrEdma3TC1ErrHandler0
c01fad2c   _lisrEdma3TC2ErrHandler0
c01fad60   _lisrEdma3TC3ErrHandler0
c01fad94   _lisrEdma3TC4ErrHandler0
c01fadcc   _lisrEdma3TC5ErrHandler0
c01fae00   _lisrEdma3TC6ErrHandler0
c01fae34   _lisrEdma3TC7ErrHandler0
c01fb340   _edma3MemSet
c01fb3cc   _edma3MemCpy
c01fbec0   _EDMA3_DRV_requestChannel
c01fc874   _EDMA3_DRV_freeChannel
c01fcbf0   _EDMA3_DRV_clearErrorBits
c01fcdf4   _EDMA3_DRV_setOptField
c01fd0b0   _EDMA3_DRV_getOptField
c01fd2c4   _EDMA3_DRV_setSrcParams
c01fd590   _EDMA3_DRV_setDestParams
c01fd860   _EDMA3_DRV_setSrcIndex
c01fda28   _EDMA3_DRV_setDestIndex
c01fdbf4   _EDMA3_DRV_setTransferParams
c01fde40   _EDMA3_DRV_enableTransfer
c01fe16c   _EDMA3_DRV_disableTransfer
c01fe860   _EDMA3_DRV_linkChannel
c01fea98   _EDMA3_DRV_unlinkChannel
c01febc8   _EDMA3_DRV_chainChannel
c01fee00   _EDMA3_DRV_unchainChannel
c01fef2c   _EDMA3_DRV_setQdmaTrigWord
c01ff038   _EDMA3_DRV_setPaRAM
c01ff150   _EDMA3_DRV_getPaRAM
c01ff268   _EDMA3_DRV_setPaRAMEntry
c01ff38c   _EDMA3_DRV_getPaRAMEntry
c01ff4c4   _EDMA3_DRV_setPaRAMField
c01ff984   _EDMA3_DRV_getPaRAMField
c01ffcc4   _EDMA3_DRV_setEvtQPriority
c01ffe58   _EDMA3_DRV_mapChToEvtQ
c0200050   _EDMA3_DRV_getMapChToEvtQ
c020018c   _EDMA3_DRV_setCCRegister
c0200260   _EDMA3_DRV_getCCRegister
c0200308   _EDMA3_DRV_waitAndClearTcc
c0200458   _EDMA3_DRV_checkAndClearTcc
c02005b0   _EDMA3_DRV_getPaRAMPhyAddr
c02006b8   _EDMA3_DRV_Ioctl
c0200790   _EDMA3_DRV_getInstHandle
c0200880   _Mcasp_localSubmitIoctl
c02017e0   _main
c02017ec   _Audio_Task
c0201d88   _Passthrough
c0201e10   _SetToZero
c0201e54   _Sinewave
c0202014   _Squarewave
c02021d4   _TriangleWave
c020242c   _Flanger
c0202440   _Distortion
c0202450   _Chorus_Effect
c0202460   _Echo
c0202560   _MainVolume
c02026e4   _newKey
c02033c0   _EDMA3_DRV_create
c0203750   _EDMA3_DRV_delete
c02038a0   _EDMA3_DRV_open
c0203b64   _EDMA3_DRV_close
c0205360   _Mcasp_localEdmaCallback
c0206660   __divd
c0207180   _Mcasp_localEdmaChanPaRAMsetup
c0207c00   _Mcasp_localAbortReset
c0208120   _Mcasp_init
c0209000   _Mcasp_localGetIndicesSyncType
c0209d80   _Mcasp_localConfigXmtSection
c020a1e0   __printfi
c020a620   _Mcasp_localConfigRcvSection
c020b280   _Mcasp_localSetupHwInfo
c020c5a0   _Mcasp_localUpdtDtPktToLnkPrms
c020d6a0   _mcaspIsrOutput
c020d9e0   _edma3OsProtectEntry
c020da98   _edma3OsProtectExit
c020db2c   _Edma3_CacheInvalidate
c020db6c   _Edma3_CacheFlush
c020dbac   _edma3OsSemCreate
c020dc0c   _edma3OsSemDelete
c020dc48   _edma3OsSemTake
c020dcb4   _edma3OsSemGive
c020dd20   _edma3init
c020de14   _registerEdma3Interrupts
c020df68   _edma3deinit
c020dfe4   _unregisterEdma3Interrupts
c020e380   _mcaspIsrInput
c020e6a0   _fputs
c020f540   _I2c_localEdmaTransfer
c020f800   _Uart_localIsrEdma
c0210da0   __divf
c0211020   _DIO_tskReclaim
c0211048   _DIO_tskReady
c0211064   _DIO_tskIssue
c021110c   _DIO_tskIdle
c0211200   _DIO_tskCallback
c02112a0   __divull
c0212320   _sinf
c0212c20   _I2c_localPrepareForTransfer
c0212e40   _Mcasp_localSetupEdmaDuringOpen
c0215460   _echo
c0215568   _user_uart0_init
c02157c0   __divul
c0215e40   _HOSTrename
c0215fc0   _I2c_localEnsureIsReadyforNext
c0216140   _Mcasp_localEdmaProcessPkt
c02162c0   _Psc_ModuleClkCtrl
c0216ec0   _setvbuf
c0217040   _uartIsr
c02171c0   _I2c_localGetNextChannel
c0217f00   _fputc
c0217f00   _putc
c0218900   _I2c_localEdmaChanRequest
c0218a20   _Mcasp_localCancelAndAbortAllIo
c0218b40   _Mcasp_localResetXmt
c0218c60   _fclose
c0219200   _HOSTlseek
c0219300   _I2c_init
c0219600   _Mcasp_localResetRcv
c0219800   __wrt_ok
c0219900   _call_dtors
c0219a00   _fflush
c021a200   _audioUserAic31Init
c021a250   _audioUserMcaspInit
c021a28c   _audioUserAudioInit
c021a300   _HOSTopen
c021a3e0   _Mcasp_localAbortRequests
c021a4c0   _Mcasp_localCompleteCurrentIo
c021a5a0   _Mcasp_localSmReset
c021a680   _Mcasp_localSmSet
c021a760   __c6xabi_divi
c021a760   __divi
c021a840   _atoi
c021aa00   _close
c021ad80   _memset
c021b020   _HOSTread
c021b0e0   _HOSTunlink
c021b1a0   _HOSTwrite
c021b260   __cleanup
c021b3e0   __c6xabi_divu
c021b3e0   __divu
c021b4a0   __doflush
c021b560   _atexit
c021b620   _fseek
c021b7a0   _lseek
c021b860   _ltoa
c021bf20   _write
c021c0a0   _Aic31_init
c021c140   _HOSTclose
c021c1e0   _Mcasp_localActivateSmFsForBoth
c021c280   _Uart_localCompleteCurrentIO
c021c320   __divli
c021c500   __fixdli
c021c640   __c6xabi_remu
c021c640   __remu
c021cdc0   _memcpy
c021cf00   _Mcasp_localActivateSmFsForRcv
c021cf80   _Mcasp_localActivateSmFsForXmt
c021d000   _Uart_init
c021d080   _Uart_localStartEdmaTransfer
c021d100   __fixdu
c021d180   __fltlid
c021d200   __llshl
c021d280   __roundf
c021d300   _audioUserI2cInit
c021d380   _configureAudio
c021d400   _fprintf
c021d680   _readmsg
c021d900   _unlink
c021d980   _Audio_init
c021d9e0   _Mcasp_localGetNextIndex
c021da40   __abort_msg
c021daa0   __subcull
c021db60   _configureUart
c021dbc0   _memccpy
c021dc20   _modff
c021de60   _writemsg
c021deb8   C$$IO$$
c021dec0   ___add_dtor
c021df00   ___isinf
c021df80   __frcmpyd_div
c021dfc0   __llshru
c021e000   __remli
c021e040   __c6xabi_strasgi_64plus
c021e040   __strasgi_64plus
c021e0c0   _DIO_ctrl
c021e100   __negll
c021e120   __nop
c021e180   __register_lock
c021e1a0   __register_unlock
c021e1c0   __truncf
c021e1e0   C$$EXIT
c021e1e0   _abort
c021e240   _mcaspIsr
c021e260   _remove
c021e6a0   ___etext__
c021e6a0   etext
c021e780   _SYS_vsprintf
c021eda0   _SYS_vprintf
c021edac   _SYS_sprintf
c021ede0   _SYS_printf
c021ee20   LNK_F_checkBufferCall
c021ee40   LNK_F_getChanPtr
c021ee98   LNK_F_init
c021eea0   LNK_F_dataPump
c021eeb0   LNK_rcloop
c021ef74   LNK_rdrtry
c021ef84   LNK_rrloop
c021f044   LNK_wrrtry
c021f050   LNK_wrloop
c021f120   LNK_newin
c021f254   LNK_newout
c021f3a8   LNK_F_readCallBack
c021f3e0   _EXC_nmi
c021f414   _EXC_internal
c021f6c0   _EXC_init
c021f700   _EXC_getLastStatus
c021f720   _EXC_external
c021f754   _EXC_exceptionHandler
c021f930   _EXC_clearLastStatus
c021f960   CLK_HOOKFXN
c021f960   HWI_F_dispatch
c021f960   _HWI_F_dispatch
c021f960   __HWI_lat1beg
c021fae8   __HWI_lat1end
c021fae8   __HWI_lat2beg
c021fc50   __HWI_lat2end2
c021fc80   __HWI_lat3end2
c021fcc4   __HWI_lat2end1
c021fce0   __HWI_lat3beg
c021fe40   SWI_F_enable
c021fe40   __SWI_lat3beg
c021feac   __SWI_lat3end
c021feb0   SWI_F_post
c021feb0   _SWI_post
c021ffb8   __SWI_lat1beg
c0220024   SWI_EXECFXN
c0220024   SWI_F_exec
c022004c   SWI_F_iexec
c0220064   __SWI_lat1end
c0220068   __SWI_lat2beg
c02200c8   __SWI_lat2end
c02200cc   SWI_F_run
c02200cc   SWI_RUNFXN
c0220300   PRD_F_swi
c0220584   PRD_F_tick
c0220680   _SIO_create
c02209a0   _GIO_create
c0220c60   _free
c0220c84   _malloc
c0220ce4   _realloc
c0220dc8   _memalign
c0220e8c   _calloc
c0220ee0   RTA_F_getlog
c0220f18   RTA_F_getsts
c0220f58   RTA_F_readblk
c0220f74   RTA_F_writeword
c0220f80   RTA_F_resetmem
c0220f80   __RTA_lat1beg
c0220fb4   __RTA_lat1end
c0220fc0   RTA_F_dispatch
c022100c   RTA_execute
c0221160   _KNL_run
c02213a0   _MEM_alloc
c0221774   PRD_THOOKFXN
c0221774   _KNL_tick
c02217a0   _MEM_free
c0221980   _EXC_dispatch
c0221b44   _EXC_setReturnPtr
c0221b60   PIP_F_take
c0221bd8   PIP_F_give
c0221bd8   PIP_F_probe
c0221ca8   PIP_F_start
c0221d40   _SEM_pendEnterKnl
c0221f20   _SIO_delete
c0222100   _GIO_submit
c02223e8   _TSK_setpri
c0222480   __SEM_dopost
c0222620   _TSK_setup
c02227c0   CLK_F_getltime
c02227d0   CLK_F_isr
c0222910   CLK_F_itime
c0222910   _CLK_F_itime
c0222910   _CLK_itime
c0222930   __CLK_lat1beg
c0222950   __CLK_lat1end
c0222960   _KNL_saveIsrFrame
c0222a0c   _KNL_switch
c0222ab8   KNL_glue
c0222c10   _BCACHE_wbInv
c0222c24   _BCACHE_wb
c0222c34   _BCACHE_inv
c0222c60   __auto_init
c0222da0   _TSK_exit
c0222ee0   _BCACHE_setSize
c0222f24   _BCACHE_setMar
c0222f74   _BCACHE_setCacheToSram
c0222fa4   _BCACHE_getSize
c0222ff4   _BCACHE_getMar
c0223088   _GBL_cacheInit64P
c0223140   _KNL_check
c022318c   __KNL_lat1beg
c0223208   _KNL_idle
c0223208   __KNL_lat1end
c0223230   _KNL_max
c0223304   _TSK_startup
c0223380   _ECM_dispatch
c0223480   _GIO_delete
c0223580   _SEM_post
c0223580   _SEM_postBinary
c0223660   _DEV_match
c0223720   _KNL_exit
c0223760   _KNL_enter
c02237e0   _SIO_reclaim
c02238a0   _DEV_mkframe
c0223940   _OBJ_create
c02239e0   _SEM_postEnterKnl
c0223a80   _SWI_setattrs
c0223b20   _SYS_exit
c0223bc0   LOG_F_event
c0223bc0   _LOG_event
c0223bc0   __LOG_lat1beg
c0223c60   _ATM_andi
c0223c60   _ATM_andu
c0223c70   _ATM_cleari
c0223c70   _ATM_clearu
c0223c80   _ATM_deci
c0223c80   _ATM_decu
c0223c90   _ATM_inci
c0223c90   _ATM_incu
c0223ca4   _ATM_ori
c0223ca4   _ATM_oru
c0223cb4   _ATM_seti
c0223cb4   _ATM_setu
c0223ce0   __GIO_iomCallback
c0223d60   _KNL_ipost
c0223de0   _KNL_post
c0223e60   _LCK_post
c0223e80   _LCK_pend
c0223ee0   _SEM_create
c0223f60   _SWI_create
c0223fe0   _TSK_enable
c0224004   _TSK_disable
c0224060   _BCACHE_wait
c02240e0   IDL_F_calibrate
c0224160   _SIO_issue
c02241e0   _MEM_valloc
c0224240   _SYS_error
c02242a0   _DEV_rmframe
c0224300   FXN_F_nop
c0224304   FXN_F_run
c0224304   _FXN_F_run
c0224340   FXN_F_zero
c0224340   _FXN_F_zero
c0224360   _HWI_disable
c0224378   _HWI_enable
c022438c   _HWI_restore
c02243c0   IDL_F_busy
c02243c0   __IDL_lat1beg
c0224400   __IDL_lat1end
c0224420   _OBJ_delete
c0224480   _SEM_pend
c02244e0   STS_F_delta
c02244e0   _STS_delta
c022450c   STS_F_add
c022450c   _STS_add
c0224528   STS_F_reset
c0224528   _STS_reset
c0224540   _SYS_abort
c02245a0   _CLK_measure
c0224600   _C62_disableIER
c0224600   _C64_disableIER
c0224618   _C62_enableIER
c0224618   _C64_enableIER
c022462c   _C62_clearIFR
c022462c   _C64_clearIFR
c0224640   _ECM_disableEvent
c0224680   _ECM_dispatchPlug
c02246c0   _ECM_enableEvent
c0224700   IDL_CALIBRFXN
c0224700   IDL_F_stub
c0224740   _QUE_create
c0224780   _QUE_get
c0224780   __QUE_lat1beg
c02247a0   __QUE_lat1end
c02247a8   _QUE_put
c02247a8   __QUE_lat2beg
c02247b4   __QUE_lat2end
c02247c0   RTA_F_andn
c02247d8   RTA_F_or
c0224800   SYS_ABORTFXN
c0224800   _UTL_doAbort
c0224840   SYS_PUTCFXN
c0224840   _UTL_doPutc
c0224880   GBL_USERINITFXN
c0224880   GIO_CREATEFXN
c0224880   GIO_DELETEFXN
c0224880   GIO_PENDFXN
c0224880   GIO_POSTFXN
c0224880   TSK_VCREATEFXN
c0224880   TSK_VDELETEFXN
c0224880   TSK_VEXITFXN
c0224880   _BCACHE_bootInit
c0224880   _FXN_F_nop
c02248a0   _GBL_getVersion
c02248c0   IDL_F_loop
c02248c0   _IDL_loop
c02248e0   _LOG_printf
c0224900   _SEM_delete
c0224920   _STS_set
c0224940   _SWI_delete
c0224960   _SYS_zero
c0224968   _SYS_one
c0224980   SYS_ERRORFXN
c0224980   _UTL_doError
c02249a0   SYS_EXITFXN
c02249a0   _UTL_halt
c02249c0   CLK_F_gethtime
c02249c0   CLK_TIMEFXN
c02249c0   _CLK_gethtime
c02249e0   UechoTask$stack
c0228978   UechoTask$stkptr
c02289e0   echoTask$stack
c022a978   echoTask$stkptr
c022a9e0   _HSRTDX_rec
c022ac80   _RTDX_Buffer_WriteCB
c022b140   _HSRTDX_xmt
c022b440   _RTDX_Mon_Queue
c022b6a0   _RTDX_Poll
c022b740   _RTDX_Final_RT_Monitor
c022b7c0   _RTDX_Buffer_Initialize
c022b820   _RTDX_Init_RT_Monitor
c022b880   _RTDX_Buffer_ReadCB
c022b8c0   _RTDX_Buffer_Size
c022b900   _RTDX_memfill
c022b940   _RTDX_Buffer_Read
c022b960   _RTDX_Buffer_Write
c022b980   _RTDX_Mask_IER
c022b9a0   BIOS_init
c022b9a0   _BIOS_init
c022bb24   BIOS$$CLKON
c022bb64   BIOS$$CLKOFF
c022bc20   BIOS_start
c022bc20   _BIOS_start
c022bd60   _DEV_init
c022be60   _c_int00
c022bf20   _MEM_init
c022bfe0   _TSK_init
c022c040   _DIO_init
c022c400   HWI_A_VECS
c022c400   hwi0
c022c420   hwi1
c022c440   hwi2
c022c460   hwi3
c022c480   hwi4
c022c4a0   hwi5
c022c4c0   hwi6
c022c4e0   hwi7
c022c500   hwi8
c022c520   hwi9
c022c540   hwi10
c022c560   hwi11
c022c580   hwi12
c022c5a0   hwi13
c022c5c0   hwi14
c022c5e0   hwi15
ffffffff   CACHE_L1D
ffffffff   CACHE_L1P
ffffffff   ECM_EVTMASK0
ffffffff   ECM_EVTMASK1
ffffffff   ECM_EVTMASK2
ffffffff   ECM_EVTMASK3
ffffffff   HST_DSMBUFSEG
ffffffff   IRAM
ffffffff   L3_CBA_RAM
ffffffff   RTDX_DATAMEMSEG
ffffffff   UechoTask$pri
ffffffff   _CACHE_L1D
ffffffff   _CACHE_L1P
ffffffff   _IRAM
ffffffff   _L3_CBA_RAM
ffffffff   ___TI_pprof_out_hndl
ffffffff   ___TI_prof_data_size
ffffffff   ___TI_prof_data_start
ffffffff   ___binit__
ffffffff   ___c_args__
ffffffff   binit

[1421 symbols]
